Component: ARM Compiler 5.06 update 7 (build 960) Tool: armlink [4d3601]

==============================================================================

Section Cross References

    main.o(i._Z10fractionaltddd) refers to dflt_clz.o(x$fpl$dfltu) for __aeabi_ui2d
    main.o(i._Z10fractionaltddd) refers to main.o(i._Z12convert_datadd) for convert_data(double, double)
    main.o(i._Z10fractionaltddd) refers to dfixu.o(x$fpl$dfixu) for __aeabi_d2uiz
    main.o(i._Z10fractionaltddd) refers to pow.o(i.__hardfp_pow) for __hardfp_pow
    main.o(i._Z10fractionaltddd) refers to dmul.o(x$fpl$dmul) for __aeabi_dmul
    main.o(i._Z12convert_datadd) refers to daddsub_clz.o(x$fpl$drsb) for __aeabi_drsub
    main.o(i._Z12convert_datadd) refers to ddiv.o(x$fpl$ddiv) for __aeabi_ddiv
    main.o(i._Z12convert_datadd) refers to daddsub_clz.o(x$fpl$dadd) for __aeabi_dadd
    main.o(i._Z12convert_datadd) refers to dfixu.o(x$fpl$dfixu) for __aeabi_d2uiz
    main.o(i._Z12convert_datadd) refers to dflt_clz.o(x$fpl$dfltu) for __aeabi_ui2d
    main.o(i._Z12convert_datadd) refers to drleqf.o(x$fpl$drleqf) for __aeabi_cdrcmple
    main.o(i._Z12convert_datadd) refers to dleqf.o(x$fpl$dleqf) for __aeabi_cdcmple
    main.o(i._Z12convert_distdd) refers to daddsub_clz.o(x$fpl$drsb) for __aeabi_drsub
    main.o(i._Z12convert_distdd) refers to ddiv.o(x$fpl$ddiv) for __aeabi_ddiv
    main.o(i._Z12convert_distdd) refers to daddsub_clz.o(x$fpl$dadd) for __aeabi_dadd
    main.o(i._Z12convert_distdd) refers to drleqf.o(x$fpl$drleqf) for __aeabi_cdrcmple
    main.o(i._Z12convert_distdd) refers to dleqf.o(x$fpl$dleqf) for __aeabi_cdcmple
    main.o(i._Z12convert_distdd) refers to main.o(.data) for _data
    main.o(i._Z14sum_of_vectorsstst) refers to dflt_clz.o(x$fpl$dflt) for __aeabi_i2d
    main.o(i._Z14sum_of_vectorsstst) refers to dmul.o(x$fpl$dmul) for __aeabi_dmul
    main.o(i._Z14sum_of_vectorsstst) refers to sin.o(i.__hardfp_sin) for __hardfp_sin
    main.o(i._Z14sum_of_vectorsstst) refers to dflt_clz.o(x$fpl$dfltu) for __aeabi_ui2d
    main.o(i._Z14sum_of_vectorsstst) refers to dfix.o(x$fpl$dfix) for __aeabi_d2iz
    main.o(i._Z14sum_of_vectorsstst) refers to cos.o(i.__hardfp_cos) for __hardfp_cos
    main.o(i._Z14sum_of_vectorsstst) refers to atan2.o(i.__hardfp_atan2) for __hardfp_atan2
    main.o(i._Z14sum_of_vectorsstst) refers to pow.o(i.__hardfp_pow) for __hardfp_pow
    main.o(i._Z14sum_of_vectorsstst) refers to daddsub_clz.o(x$fpl$dadd) for __aeabi_dadd
    main.o(i._Z14sum_of_vectorsstst) refers to sqrt.o(i.__hardfp_sqrt) for __hardfp_sqrt
    main.o(i._Z14sum_of_vectorsstst) refers to main.o(.data) for x1
    main.o(i._Z18exponential_detourdddddd) refers to main.o(i._ZSt3absd) for std::abs(double)
    main.o(i._Z18exponential_detourdddddd) refers to dmul.o(x$fpl$dmul) for __aeabi_dmul
    main.o(i._Z18exponential_detourdddddd) refers to pow.o(i.__hardfp_pow) for __hardfp_pow
    main.o(i._Z18exponential_detourdddddd) refers to drleqf.o(x$fpl$drleqf) for __aeabi_cdrcmple
    main.o(i._Z18exponential_detourdddddd) refers to main.o(i._Z12convert_distdd) for convert_dist(double, double)
    main.o(i._Z18exponential_detourdddddd) refers to basic.o(x$fpl$basic) for __aeabi_dneg
    main.o(i._Z18exponential_detourdddddd) refers to dfix.o(x$fpl$dfix) for __aeabi_d2iz
    main.o(i._Z18exponential_detourdddddd) refers to main.o(.data) for angK
    main.o(i._Z18get_angle_to_pointssss) refers to dflt_clz.o(x$fpl$dflt) for __aeabi_i2d
    main.o(i._Z18get_angle_to_pointssss) refers to atan2.o(i.__hardfp_atan2) for __hardfp_atan2
    main.o(i._Z18get_angle_to_pointssss) refers to dmul.o(x$fpl$dmul) for __aeabi_dmul
    main.o(i._Z18get_angle_to_pointssss) refers to dfix.o(x$fpl$dfix) for __aeabi_d2iz
    main.o(i._Z18get_angle_to_pointssss) refers to main.o(.data) for _x_result
    main.o(i._Z21get_distance_to_pointiiii) refers to dflt_clz.o(x$fpl$dflt) for __aeabi_i2d
    main.o(i._Z21get_distance_to_pointiiii) refers to main.o(i._ZSt3powdi) for std::pow(double, int)
    main.o(i._Z21get_distance_to_pointiiii) refers to daddsub_clz.o(x$fpl$dadd) for __aeabi_dadd
    main.o(i._Z21get_distance_to_pointiiii) refers to sqrt.o(i.__hardfp_sqrt) for __hardfp_sqrt
    main.o(i._Z21get_distance_to_pointiiii) refers to dfix.o(x$fpl$dfix) for __aeabi_d2iz
    main.o(i._Z21get_distance_to_pointiiii) refers to main.o(.data) for _x_result
    main.o(i._Z27get_len_from_sum_of_vectorsv) refers to main.o(.data) for len_result
    main.o(i._Z29calculate_angle_near_side_outssdss) refers to ddiv.o(x$fpl$ddiv) for __aeabi_ddiv
    main.o(i._Z29calculate_angle_near_side_outssdss) refers to dflt_clz.o(x$fpl$dflt) for __aeabi_i2d
    main.o(i._Z29calculate_angle_near_side_outssdss) refers to sin.o(i.__hardfp_sin) for __hardfp_sin
    main.o(i._Z29calculate_angle_near_side_outssdss) refers to dmul.o(x$fpl$dmul) for __aeabi_dmul
    main.o(i._Z29calculate_angle_near_side_outssdss) refers to dfix.o(x$fpl$dfix) for __aeabi_d2iz
[...]
    CAN1_RX0_IRQHandler                      0x08000287   Thumb Code     0  startup_stm32f407xx.o(.text)
    CAN1_RX1_IRQHandler                      0x08000287   Thumb Code     0  startup_stm32f407xx.o(.text)
    CAN1_SCE_IRQHandler                      0x08000287   Thumb Code     0  startup_stm32f407xx.o(.text)
    CAN1_TX_IRQHandler                       0x08000287   Thumb Code     0  startup_stm32f407xx.o(.text)
    CAN2_RX0_IRQHandler                      0x08000287   Thumb Code     0  startup_stm32f407xx.o(.text)
    CAN2_RX1_IRQHandler                      0x08000287   Thumb Code     0  startup_stm32f407xx.o(.text)
    CAN2_SCE_IRQHandler                      0x08000287   Thumb Code     0  startup_stm32f407xx.o(.text)
    CAN2_TX_IRQHandler                       0x08000287   Thumb Code     0  startup_stm32f407xx.o(.text)
    DCMI_IRQHandler                          0x08000287   Thumb Code     0  startup_stm32f407xx.o(.text)
    DMA1_Stream0_IRQHandler                  0x08000287   Thumb Code     0  startup_stm32f407xx.o(.text)
    DMA1_Stream1_IRQHandler                  0x08000287   Thumb Code     0  startup_stm32f407xx.o(.text)
    DMA1_Stream2_IRQHandler                  0x08000287   Thumb Code     0  startup_stm32f407xx.o(.text)
    DMA1_Stream3_IRQHandler                  0x08000287   Thumb Code     0  startup_stm32f407xx.o(.text)
    DMA1_Stream4_IRQHandler                  0x08000287   Thumb Code     0  startup_stm32f407xx.o(.text)
    DMA1_Stream5_IRQHandler                  0x08000287   Thumb Code     0  startup_stm32f407xx.o(.text)
    DMA1_Stream6_IRQHandler                  0x08000287   Thumb Code     0  startup_stm32f407xx.o(.text)
    DMA1_Stream7_IRQHandler                  0x08000287   Thumb Code     0  startup_stm32f407xx.o(.text)
    DMA2_Stream0_IRQHandler                  0x08000287   Thumb Code     0  startup_stm32f407xx.o(.text)
    DMA2_Stream1_IRQHandler                  0x08000287   Thumb Code     0  startup_stm32f407xx.o(.text)
    DMA2_Stream2_IRQHandler                  0x08000287   Thumb Code     0  startup_stm32f407xx.o(.text)
    DMA2_Stream3_IRQHandler                  0x08000287   Thumb Code     0  startup_stm32f407xx.o(.text)
    DMA2_Stream4_IRQHandler                  0x08000287   Thumb Code     0  startup_stm32f407xx.o(.text)
    DMA2_Stream5_IRQHandler                  0x08000287   Thumb Code     0  startup_stm32f407xx.o(.text)
    DMA2_Stream6_IRQHandler                  0x08000287   Thumb Code     0  startup_stm32f407xx.o(.text)
    DMA2_Stream7_IRQHandler                  0x08000287   Thumb Code     0  startup_stm32f407xx.o(.text)
    ETH_IRQHandler                           0x08000287   Thumb Code     0  startup_stm32f407xx.o(.text)
    ETH_WKUP_IRQHandler                      0x08000287   Thumb Code     0  startup_stm32f407xx.o(.text)
    EXTI0_IRQHandler                         0x08000287   Thumb Code     0  startup_stm32f407xx.o(.text)
    EXTI15_10_IRQHandler                     0x08000287   Thumb Code     0  startup_stm32f407xx.o(.text)
    EXTI1_IRQHandler                         0x08000287   Thumb Code     0  startup_stm32f407xx.o(.text)
    EXTI2_IRQHandler                         0x08000287   Thumb Code     0  startup_stm32f407xx.o(.text)
    EXTI3_IRQHandler                         0x08000287   Thumb Code     0  startup_stm32f407xx.o(.text)
    EXTI4_IRQHandler                         0x08000287   Thumb Code     0  startup_stm32f407xx.o(.text)
    EXTI9_5_IRQHandler                       0x08000287   Thumb Code     0  startup_stm32f407xx.o(.text)
    FLASH_IRQHandler                         0x08000287   Thumb Code     0  startup_stm32f407xx.o(.text)
    FMC_IRQHandler                           0x08000287   Thumb Code     0  startup_stm32f407xx.o(.text)
    FPU_IRQHandler                           0x08000287   Thumb Code     0  startup_stm32f407xx.o(.text)
    HASH_RNG_IRQHandler                      0x08000287   Thumb Code     0  startup_stm32f407xx.o(.text)
    I2C1_ER_IRQHandler                       0x08000287   Thumb Code     0  startup_stm32f407xx.o(.text)
    I2C1_EV_IRQHandler                       0x08000287   Thumb Code     0  startup_stm32f407xx.o(.text)
    I2C2_ER_IRQHandler                       0x08000287   Thumb Code     0  startup_stm32f407xx.o(.text)
    I2C2_EV_IRQHandler                       0x08000287   Thumb Code     0  startup_stm32f407xx.o(.text)
    I2C3_ER_IRQHandler                       0x08000287   Thumb Code     0  startup_stm32f407xx.o(.text)
    I2C3_EV_IRQHandler                       0x08000287   Thumb Code     0  startup_stm32f407xx.o(.text)
    OTG_FS_IRQHandler                        0x08000287   Thumb Code     0  startup_stm32f407xx.o(.text)
    OTG_FS_WKUP_IRQHandler                   0x08000287   Thumb Code     0  startup_stm32f407xx.o(.text)
    OTG_HS_EP1_IN_IRQHandler                 0x08000287   Thumb Code     0  startup_stm32f407xx.o(.text)
    OTG_HS_EP1_OUT_IRQHandler                0x08000287   Thumb Code     0  startup_stm32f407xx.o(.text)
    OTG_HS_IRQHandler                        0x08000287   Thumb Code     0  startup_stm32f407xx.o(.text)
    OTG_HS_WKUP_IRQHandler                   0x08000287   Thumb Code     0  startup_stm32f407xx.o(.text)
    PVD_IRQHandler                           0x08000287   Thumb Code     0  startup_stm32f407xx.o(.text)
    RCC_IRQHandler                           0x08000287   Thumb Code     0  startup_stm32f407xx.o(.text)
    RTC_Alarm_IRQHandler                     0x08000287   Thumb Code     0  startup_stm32f407xx.o(.text)
    RTC_WKUP_IRQHandler                      0x08000287   Thumb Code     0  startup_stm32f407xx.o(.text)
    SDIO_IRQHandler                          0x08000287   Thumb Code     0  startup_stm32f407xx.o(.text)
    SPI1_IRQHandler                          0x08000287   Thumb Code     0  startup_stm32f407xx.o(.text)
    SPI2_IRQHandler                          0x08000287   Thumb Code     0  startup_stm32f407xx.o(.text)
    TAMP_STAMP_IRQHandler                    0x08000287   Thumb Code     0  startup_stm32f407xx.o(.text)
    TIM1_BRK_TIM9_IRQHandler                 0x08000287   Thumb Code     0  startup_stm32f407xx.o(.text)
    TIM1_CC_IRQHandler                       0x08000287   Thumb Code     0  startup_stm32f407xx.o(.text)
    TIM1_TRG_COM_TIM11_IRQHandler            0x08000287   Thumb Code     0  startup_stm32f407xx.o(.text)
    TIM1_UP_TIM10_IRQHandler                 0x08000287   Thumb Code     0  startup_stm32f407xx.o(.text)
    TIM2_IRQHandler                          0x08000287   Thumb Code     0  startup_stm32f407xx.o(.text)
    TIM3_IRQHandler                          0x08000287   Thumb Code     0  startup_stm32f407xx.o(.text)
    TIM4_IRQHandler                          0x08000287   Thumb Code     0  startup_stm32f407xx.o(.text)
    TIM5_IRQHandler                          0x08000287   Thumb Code     0  startup_stm32f407xx.o(.text)
    TIM6_DAC_IRQHandler                      0x08000287   Thumb Code     0  startup_stm32f407xx.o(.text)
    TIM7_IRQHandler                          0x08000287   Thumb Code     0  startup_stm32f407xx.o(.text)
    TIM8_BRK_TIM12_IRQHandler                0x08000287   Thumb Code     0  startup_stm32f407xx.o(.text)
    TIM8_CC_IRQHandler                       0x08000287   Thumb Code     0  startup_stm32f407xx.o(.text)
    TIM8_TRG_COM_TIM14_IRQHandler            0x08000287   Thumb Code     0  startup_stm32f407xx.o(.text)
    TIM8_UP_TIM13_IRQHandler                 0x08000287   Thumb Code     0  startup_stm32f407xx.o(.text)
    UART4_IRQHandler                         0x08000287   Thumb Code     0  startup_stm32f407xx.o(.text)
    UART5_IRQHandler                         0x08000287   Thumb Code     0  startup_stm32f407xx.o(.text)
    USART1_IRQHandler                        0x08000287   Thumb Code     0  startup_stm32f407xx.o(.text)
    WWDG_IRQHandler                          0x08000287   Thumb Code     0  startup_stm32f407xx.o(.text)
    __user_initial_stackheap                 0x08000289   Thumb Code     0  startup_stm32f407xx.o(.text)
    __semihosting$guard                      0x080002ad   Thumb Code     0  use_no_semi.o(.text)
    __use_no_semihosting_swi                 0x080002ad   Thumb Code     2  use_no_semi.o(.text)
    __aeabi_memcpy4                          0x080002af   Thumb Code     0  rt_memcpy_w.o(.text)
    __aeabi_memcpy8                          0x080002af   Thumb Code     0  rt_memcpy_w.o(.text)
    __rt_memcpy_w                            0x080002af   Thumb Code   100  rt_memcpy_w.o(.text)
    _memcpy_lastbytes_aligned                0x080002f7   Thumb Code     0  rt_memcpy_w.o(.text)
    __use_two_region_memory                  0x08000313   Thumb Code     2  heapauxi.o(.text)
    __rt_heap_escrow                         0x08000315   Thumb Code     2  heapauxi.o(.text)
    __rt_heap_expand                         0x08000317   Thumb Code     2  heapauxi.o(.text)
    __cpp_initialize__aeabi_                 0x08000319   Thumb Code    26  init_aeabi.o(.text)
    __read_errno                             0x0800033d   Thumb Code    10  _rserrno.o(.text)
    __set_errno                              0x08000347   Thumb Code    12  _rserrno.o(.text)
    __aeabi_errno_addr                       0x08000355   Thumb Code     8  rt_errno_addr_intlibspace.o(.text)
    __errno$intlibspace                      0x08000355   Thumb Code     0  rt_errno_addr_intlibspace.o(.text)
    __rt_errno_addr$intlibspace              0x08000355   Thumb Code     0  rt_errno_addr_intlibspace.o(.text)
    __user_libspace                          0x0800035d   Thumb Code     8  libspace.o(.text)
    __user_perproc_libspace                  0x0800035d   Thumb Code     0  libspace.o(.text)
    __user_perthread_libspace                0x0800035d   Thumb Code     0  libspace.o(.text)
    __user_setup_stackheap                   0x08000365   Thumb Code    74  sys_stackheap_outer.o(.text)
    exit                                     0x080003af   Thumb Code    18  exit.o(.text)
    GPIO_Init                                0x080003c1   Thumb Code   352  stm32f4xx_gpio.o(i.GPIO_Init)
    GPIO_PinAFConfig                         0x0800056d   Thumb Code   352  stm32f4xx_gpio.o(i.GPIO_PinAFConfig)
    GPIO_ResetBits                           0x08000719   Thumb Code   104  stm32f4xx_gpio.o(i.GPIO_ResetBits)
    GPIO_SetBits                             0x080007cd   Thumb Code   104  stm32f4xx_gpio.o(i.GPIO_SetBits)
    RCC_AHB1PeriphClockCmd                   0x08000881   Thumb Code    70  stm32f4xx_rcc.o(i.RCC_AHB1PeriphClockCmd)
    RCC_APB1PeriphClockCmd                   0x080008f1   Thumb Code    70  stm32f4xx_rcc.o(i.RCC_APB1PeriphClockCmd)
    RCC_APB2PeriphClockCmd                   0x0800095d   Thumb Code    70  stm32f4xx_rcc.o(i.RCC_APB2PeriphClockCmd)
    RCC_GetClocksFreq                        0x080009cd   Thumb Code   214  stm32f4xx_rcc.o(i.RCC_GetClocksFreq)
    SPI3_IRQHandler                          0x08000ab5   Thumb Code    10  spi3_dot.o(i.SPI3_IRQHandler)
    SysTick_Handler                          0x08000bd1   Thumb Code    12  time_service.o(i.SysTick_Handler)
    SystemInit                               0x08000be1   Thumb Code    88  system_stm32f4xx.o(i.SystemInit)
    TIM_BDTRConfig                           0x08000c49   Thumb Code   222  stm32f4xx_tim.o(i.TIM_BDTRConfig)
    TIM_Cmd                                  0x08000d51   Thumb Code   144  stm32f4xx_tim.o(i.TIM_Cmd)
    TIM_CtrlPWMOutputs                       0x08000e35   Thumb Code    78  stm32f4xx_tim.o(i.TIM_CtrlPWMOutputs)
    TIM_OC1Init                              0x08000ead   Thumb Code   400  stm32f4xx_tim.o(i.TIM_OC1Init)
    TIM_OC2Init                              0x08001089   Thumb Code   416  stm32f4xx_tim.o(i.TIM_OC2Init)
    TIM_OC3Init                              0x08001265   Thumb Code   400  stm32f4xx_tim.o(i.TIM_OC3Init)
    TIM_OC4Init                              0x08001429   Thumb Code   290  stm32f4xx_tim.o(i.TIM_OC4Init)
    TIM_SetCompare1                          0x08001581   Thumb Code    94  stm32f4xx_tim.o(i.TIM_SetCompare1)
    TIM_SetCompare2                          0x0800162d   Thumb Code    70  stm32f4xx_tim.o(i.TIM_SetCompare2)
    TIM_SetCompare3                          0x080016b1   Thumb Code    58  stm32f4xx_tim.o(i.TIM_SetCompare3)
    TIM_SetCompare4                          0x08001721   Thumb Code    58  stm32f4xx_tim.o(i.TIM_SetCompare4)
    TIM_TimeBaseInit                         0x08001791   Thumb Code   278  stm32f4xx_tim.o(i.TIM_TimeBaseInit)
    USART2_IRQHandler                        0x080018fd   Thumb Code   148  uart2.o(i.USART2_IRQHandler)
    USART3_IRQHandler                        0x080019ad   Thumb Code   148  usart3.o(i.USART3_IRQHandler)
    USART6_IRQHandler                        0x08001a5d   Thumb Code   148  usart6.o(i.USART6_IRQHandler)
    USART_ClearITPendingBit                  0x08001b0d   Thumb Code   188  stm32f4xx_usart.o(i.USART_ClearITPendingBit)
    USART_Cmd                                0x08001c11   Thumb Code   120  stm32f4xx_usart.o(i.USART_Cmd)
    USART_ITConfig                           0x08001cd1   Thumb Code   284  stm32f4xx_usart.o(i.USART_ITConfig)
    USART_Init                               0x08001e35   Thumb Code   492  stm32f4xx_usart.o(i.USART_Init)
    lead_to_borders(int, int, int)           0x0800206d   Thumb Code    34  tools.o(i._Z15lead_to_bordersiii)
    get_angle_to_point(short, short, short, short) 0x08002091   Thumb Code   114  main.o(i._Z18get_angle_to_pointssss)
    SPIInterruptHandler3(unsigned)           0x08002115   Thumb Code    26  spi3_dot.o(i._Z20SPIInterruptHandler3j)
    get_distance_to_point(int, int, int, int) 0x0800213d   Thumb Code   148  main.o(i._Z21get_distance_to_pointiiii)
    lead_to_degree_borders(int)              0x080021d9   Thumb Code    34  tools.o(i._Z22lead_to_degree_bordersi)
    my_abs(int)                              0x080021fb   Thumb Code    52  main.o(i._Z6my_absi)
    my_pow(int, int)                         0x0800222f   Thumb Code    56  main.o(i._Z6my_powii)
    initSPI2(bool, unsigned char, unsigned short) 0x08002269   Thumb Code   264  spi_dot.o(i._Z8initSPI2bht)
    initSPI3(bool, unsigned char, unsigned short) 0x08002385   Thumb Code   264  spi3_dot.o(i._Z8initSPI3bht)
    writeSPI(unsigned short)                 0x080024a1   Thumb Code    34  spi_dot.o(i._Z8writeSPIt)
    writeSPI3(unsigned short)                0x080024c9   Thumb Code    34  spi3_dot.o(i._Z9writeSPI3t)
    mpu9250_spi::readFIFOsize()              0x080024f1   Thumb Code    46  mpu9250_spi.o(i._ZN11mpu9250_spi12readFIFOsizeEv)
    mpu9250_spi::setAccOffset(int, int, int) 0x0800251f   Thumb Code    88  mpu9250_spi.o(i._ZN11mpu9250_spi12setAccOffsetEiii)
    mpu9250_spi::updateAngles(double, bool)  0x08002579   Thumb Code  1002  mpu9250_spi.o(i._ZN11mpu9250_spi12updateAnglesEdb)
    mpu9250_spi::setGyroOffset(int, int, int) 0x08002995   Thumb Code    82  mpu9250_spi.o(i._ZN11mpu9250_spi13setGyroOffsetEiii)
    mpu9250_spi::updateAnglesFromFIFO()      0x080029e9   Thumb Code    40  mpu9250_spi.o(i._ZN11mpu9250_spi20updateAnglesFromFIFOEv)
    mpu9250_spi::MadgwickAHRSupdateIMU(double) 0x08002a19   Thumb Code  4434  mpu9250_spi.o(i._ZN11mpu9250_spi21MadgwickAHRSupdateIMUEd)
    mpu9250_spi::convert(unsigned short, unsigned char) 0x08003b6b   Thumb Code    32  mpu9250_spi.o(i._ZN11mpu9250_spi7convertEth)
    mpu9250_spi::initIMU()                   0x08003b8d   Thumb Code   478  mpu9250_spi.o(i._ZN11mpu9250_spi7initIMUEv)
    mpu9250_spi::invSqrt(float)              0x08003d91   Thumb Code    58  mpu9250_spi.o(i._ZN11mpu9250_spi7invSqrtEf)
    mpu9250_spi::readAcc()                   0x08003dd1   Thumb Code   258  mpu9250_spi.o(i._ZN11mpu9250_spi7readAccEv)
    mpu9250_spi::readReg(int, int*, int)     0x08003ed3   Thumb Code    72  mpu9250_spi.o(i._ZN11mpu9250_spi7readRegEiPii)
    mpu9250_spi::readGyro()                  0x08003f1b   Thumb Code   258  mpu9250_spi.o(i._ZN11mpu9250_spi8readGyroEv)
    mpu9250_spi::writeReg(int, unsigned char) 0x0800401d   Thumb Code    38  mpu9250_spi.o(i._ZN11mpu9250_spi8writeRegEih)
    mpu9250_spi::calibrate(int)              0x08004045   Thumb Code   278  mpu9250_spi.o(i._ZN11mpu9250_spi9calibrateEi)
    mpu9250_spi::mpu9250_spi(pin&)           0x08004165   Thumb Code    22  mpu9250_spi.o(i._ZN11mpu9250_spiC1ER3pin)
    mpu9250_spi::mpu9250_spi__sub_object(pin&) 0x08004165   Thumb Code     0  mpu9250_spi.o(i._ZN11mpu9250_spiC1ER3pin)
    time_service::getCurTime()               0x0800417d   Thumb Code     6  time_service.o(i._ZN12time_service10getCurTimeEv)
    time_service::init()                     0x08004189   Thumb Code    90  time_service.o(i._ZN12time_service4initEv)
    time_service::delay_ms(unsigned)         0x080041f1   Thumb Code    24  time_service.o(i._ZN12time_service8delay_msEj)
    time_service::startTime()                0x08004209   Thumb Code    18  time_service.o(i._ZN12time_service9startTimeEv)
    IMU::setZeroAngle()                      0x0800421b   Thumb Code    20  main.o(i._ZN3IMU12setZeroAngleEv)
    IMU::updateAnglesFromFIFO()              0x0800422f   Thumb Code    14  main.o(i._ZN3IMU20updateAnglesFromFIFOEv)
    IMU::init()                              0x0800423d   Thumb Code    44  main.o(i._ZN3IMU4initEv)
    IMU::update()                            0x08004271   Thumb Code   174  main.o(i._ZN3IMU6updateEv)
    IMU::getAngle()                          0x08004339   Thumb Code   146  main.o(i._ZN3IMU8getAngleEv)
    IMU::calibrate(unsigned)                 0x080043e5   Thumb Code    18  main.o(i._ZN3IMU9calibrateEj)
    PID::calculate(int, int, int)            0x080043f7   Thumb Code   226  main.o(i._ZN3PID9calculateEiii)
    PID::PID(float, float, float, int)       0x080044d9   Thumb Code    44  main.o(i._ZN3PIDC1Efffi)
    PID::PID__sub_object(float, float, float, int) 0x080044d9   Thumb Code     0  main.o(i._ZN3PIDC1Efffi)
    pin::getPinNumber()                      0x08004509   Thumb Code     8  pin_setup.o(i._ZN3pin12getPinNumberEv)
    pin::pwm(unsigned)                       0x08004511   Thumb Code    70  pin_setup.o(i._ZN3pin3pwmEj)
    pin::read()                              0x08004557   Thumb Code    24  pin_setup.o(i._ZN3pin4readEv)
    pin::write(bool)                         0x0800456f   Thumb Code    32  pin_setup.o(i._ZN3pin5writeEb)
    pin::setBit()                            0x0800458f   Thumb Code    16  pin_setup.o(i._ZN3pin6setBitEv)
    pin::pinInit()                           0x080045a1   Thumb Code   218  pin_setup.o(i._ZN3pin7pinInitEv)
    pin::pwmInit(unsigned, unsigned short, unsigned, unsigned, unsigned char, TIM_TypeDef*, bool) 0x080046a1   Thumb Code   560  pin_setup.o(i._ZN3pin7pwmInitEjtjjhP11TIM_TypeDefb)
    pin::getGPIOx()                          0x08004905   Thumb Code     6  pin_setup.o(i._ZN3pin8getGPIOxEv)
    pin::resetBit()                          0x0800490b   Thumb Code    16  pin_setup.o(i._ZN3pin8resetBitEv)
    pin::pin(char, unsigned char, unsigned short) 0x0800491d   Thumb Code   966  pin_setup.o(i._ZN3pinC1Echt)
    pin::pin__sub_object(char, unsigned char, unsigned short) 0x0800491d   Thumb Code     0  pin_setup.o(i._ZN3pinC1Echt)
    TSSP::set_addres(unsigned char)          0x08004d0d   Thumb Code   122  tssp.o(i._ZN4TSSP10set_addresEh)
    TSSP::get_distance()                     0x08004d8d   Thumb Code     8  tssp.o(i._ZN4TSSP12get_distanceEv)
    TSSP::get_digital_data()                 0x08004d95   Thumb Code   734  tssp.o(i._ZN4TSSP16get_digital_dataEv)
    TSSP::get_angle_from_index(unsigned short) 0x08005095   Thumb Code    68  tssp.o(i._ZN4TSSP20get_angle_from_indexEt)
    TSSP::get_data()                         0x080050e1   Thumb Code    16  tssp.o(i._ZN4TSSP8get_dataEv)
    TSSP::TSSP(unsigned short, pin&, pin&, pin&, pin&, pin&, pin&, unsigned char) 0x080050f1   Thumb Code   148  tssp.o(i._ZN4TSSPC1EtR3pinS1_S1_S1_S1_S1_h)
    TSSP::TSSP__sub_object(unsigned short, pin&, pin&, pin&, pin&, pin&, pin&, unsigned char) 0x080050f1   Thumb Code     0  tssp.o(i._ZN4TSSPC1EtR3pinS1_S1_S1_S1_S1_h)
    Motor::disableMotor()                    0x08005185   Thumb Code    24  motor.o(i._ZN5Motor12disableMotorEv)
    Motor::motorMove(double)                 0x0800519d   Thumb Code   394  motor.o(i._ZN5Motor9motorMoveEd)
    Motor::Motor(char, unsigned char, unsigned short, unsigned char, char, unsigned char, unsigned short, unsigned char) 0x08005361   Thumb Code   504  motor.o(i._ZN5MotorC1Echthchth)
    Motor::Motor__sub_object(char, unsigned char, unsigned short, unsigned char, char, unsigned char, unsigned short, unsigned char) 0x08005361   Thumb Code     0  motor.o(i._ZN5MotorC1Echthchth)
    Queue::pop()                             0x08005589   Thumb Code    52  main.o(i._ZN5Queue3popEv)
    Queue::push(int)                         0x080055bd   Thumb Code    26  main.o(i._ZN5Queue4pushEi)
    Robot::init_robot(unsigned char)         0x080055d9   Thumb Code    62  main.o(i._ZN5Robot10init_robotEh)
    Robot::change_side()                     0x0800561d   Thumb Code    26  main.o(i._ZN5Robot11change_sideEv)
    Robot::control_led(unsigned char, bool)  0x0800563d   Thumb Code    82  main.o(i._ZN5Robot11control_ledEhb)
    Robot::moveToPoint(int, int, short)      0x0800569d   Thumb Code   118  main.o(i._ZN5Robot11moveToPointEiis)
    Robot::rotateRobot(short, short)         0x08005729   Thumb Code    10  main.o(i._ZN5Robot11rotateRobotEss)
    Robot::check_button(unsigned char)       0x0800573d   Thumb Code    34  main.o(i._ZN5Robot12check_buttonEh)
    Robot::moveRobotAbs(short, unsigned short) 0x08005769   Thumb Code    32  main.o(i._ZN5Robot12moveRobotAbsEst)
    Robot::set_blinking(unsigned char, unsigned) 0x08005795   Thumb Code    92  main.o(i._ZN5Robot12set_blinkingEhj)
    Robot::check_buttons()                   0x080057f9   Thumb Code   158  main.o(i._ZN5Robot13check_buttonsEv)
    Robot::motors_on_off(bool)               0x080058b9   Thumb Code     6  main.o(i._ZN5Robot13motors_on_offEb)
    Robot::callibrate_gyro()                 0x080058c5   Thumb Code    74  main.o(i._ZN5Robot15callibrate_gyroEv)
    Robot::getDistanceToPoint(int, int)      0x08005921   Thumb Code    24  main.o(i._ZN5Robot18getDistanceToPointEii)
    Robot::update()                          0x08005941   Thumb Code   456  main.o(i._ZN5Robot6updateEv)
    Robot::predict()                         0x08005b8d   Thumb Code   264  main.o(i._ZN5Robot7predictEv)
    Robot::setAngle(short, short)            0x08005cb9   Thumb Code    30  main.o(i._ZN5Robot8setAngleEss)
    Robot::moveRobot(short, unsigned char)   0x08005ce9   Thumb Code    28  main.o(i._ZN5Robot9moveRobotEsh)
    camera::get_old_b_x()                    0x08005d0d   Thumb Code    10  openmv.o(i._ZN6camera11get_old_b_xEv)
    camera::get_old_b_y()                    0x08005d17   Thumb Code     8  openmv.o(i._ZN6camera11get_old_b_yEv)
    camera::calculate_pos(short, bool)       0x08005d21   Thumb Code  1380  openmv.o(i._ZN6camera13calculate_posEsb)
    camera::get_ball_abs_x()                 0x08006285   Thumb Code    10  openmv.o(i._ZN6camera14get_ball_abs_xEv)
    camera::get_ball_abs_y()                 0x0800628f   Thumb Code    10  openmv.o(i._ZN6camera14get_ball_abs_yEv)
    camera::get_ball_angle()                 0x08006299   Thumb Code    42  openmv.o(i._ZN6camera14get_ball_angleEv)
    camera::get_ball_loc_x()                 0x080062c3   Thumb Code    10  openmv.o(i._ZN6camera14get_ball_loc_xEv)
    camera::get_ball_loc_y()                 0x080062cd   Thumb Code    10  openmv.o(i._ZN6camera14get_ball_loc_yEv)
    camera::get_forward_angle()              0x080062d7   Thumb Code    42  openmv.o(i._ZN6camera17get_forward_angleEv)
    camera::get_abs_ball_angle()             0x08006301   Thumb Code    42  openmv.o(i._ZN6camera18get_abs_ball_angleEv)
    camera::get_backward_angle()             0x0800632b   Thumb Code    42  openmv.o(i._ZN6camera18get_backward_angleEv)
    camera::get_forward_distance()           0x08006355   Thumb Code    10  openmv.o(i._ZN6camera20get_forward_distanceEv)
    camera::get_backward_distance()          0x0800635f   Thumb Code    10  openmv.o(i._ZN6camera21get_backward_distanceEv)
    camera::crc8(unsigned char*, int)        0x08006369   Thumb Code    58  openmv.o(i._ZN6camera4crc8EPhi)
    camera::get_x()                          0x080063a3   Thumb Code    10  openmv.o(i._ZN6camera5get_xEv)
    camera::get_y()                          0x080063ad   Thumb Code    10  openmv.o(i._ZN6camera5get_yEv)
    camera::getData()                        0x080063b7   Thumb Code   224  openmv.o(i._ZN6camera7getDataEv)
    camera::get_dbx()                        0x08006497   Thumb Code    10  openmv.o(i._ZN6camera7get_dbxEv)
    camera::get_dby()                        0x080064a1   Thumb Code     8  openmv.o(i._ZN6camera7get_dbyEv)
    camera::camera(pin&, pin&)               0x080064a9   Thumb Code   146  openmv.o(i._ZN6cameraC1ER3pinS1_)
    camera::camera__sub_object(pin&, pin&)   0x080064a9   Thumb Code     0  openmv.o(i._ZN6cameraC1ER3pinS1_)
    motors::_move_vector()                   0x0800653d   Thumb Code   746  motors.o(i._ZN6motors12_move_vectorEv)
    motors::disableMotors()                  0x08006831   Thumb Code    36  motors.o(i._ZN6motors13disableMotorsEv)
    motors::moveRobot(double, double, double, double, unsigned, unsigned) 0x08006855   Thumb Code   876  motors.o(i._ZN6motors9moveRobotEddddjj)
    motors::motors(Motor&, Motor&, Motor&, Motor&, unsigned short, double) 0x08006be1   Thumb Code    98  motors.o(i._ZN6motorsC1ER5MotorS1_S1_S1_td)
    motors::motors__sub_object(Motor&, Motor&, Motor&, Motor&, unsigned short, double) 0x08006be1   Thumb Code     0  motors.o(i._ZN6motorsC1ER5MotorS1_S1_S1_td)
    usart2::usart2Init(unsigned, unsigned char, float) 0x08006c45   Thumb Code   304  uart2.o(i._ZN6usart210usart2InitEjhf)
    usart6::usart6Init(unsigned, unsigned char, float) 0x08006da9   Thumb Code   308  usart6.o(i._ZN6usart610usart6InitEjhf)
    usart6::read()                           0x08006f0d   Thumb Code    62  usart6.o(i._ZN6usart64readEv)
    usart6::available()                      0x08006f55   Thumb Code    44  usart6.o(i._ZN6usart69availableEv)
    SSD1306::fastSPIwrite(unsigned char)     0x08006f89   Thumb Code    14  ssd1306.o(i._ZN7SSD130612fastSPIwriteEh)
    SSD1306::drawFastVLine(short, short, short, unsigned short) 0x08006f99   Thumb Code   710  ssd1306.o(i._ZN7SSD130613drawFastVLineEssst)
    SSD1306::ssd1306_command(unsigned char)  0x0800726d   Thumb Code    54  ssd1306.o(i._ZN7SSD130615ssd1306_commandEh)
    SSD1306::begin(unsigned char, bool)      0x080072a3   Thumb Code   314  ssd1306.o(i._ZN7SSD13065beginEhb)
    SSD1306::display()                       0x080073dd   Thumb Code   110  ssd1306.o(i._ZN7SSD13067displayEv)
    SSD1306::SSD1306(unsigned, pin&, pin&, pin&, unsigned short, unsigned short, unsigned short) 0x08007451   Thumb Code    70  ssd1306.o(i._ZN7SSD1306C1EjR3pinS1_S1_ttt)
    SSD1306::SSD1306__sub_object(unsigned, pin&, pin&, pin&, unsigned short, unsigned short, unsigned short) 0x08007451   Thumb Code     0  ssd1306.o(i._ZN7SSD1306C1EjR3pinS1_S1_ttt)
    std::abs(double)                         0x0800749d   Thumb Code    32  main.o(i._ZSt3absd)
    std::pow(double, int)                    0x080074bd   Thumb Code    52  main.o(i._ZSt3powdi)
    __ARM_fpclassify                         0x080074f1   Thumb Code    48  fpclassify.o(i.__ARM_fpclassify)
    __ARM_fpclassifyf                        0x08007521   Thumb Code    38  fpclassifyf.o(i.__ARM_fpclassifyf)
    __hardfp_asin                            0x08007549   Thumb Code   770  asin.o(i.__hardfp_asin)
    __hardfp_atan                            0x080078a9   Thumb Code   622  atan.o(i.__hardfp_atan)
    __hardfp_atan2                           0x08007b81   Thumb Code   448  atan2.o(i.__hardfp_atan2)
    __hardfp_ceil                            0x08007d81   Thumb Code   252  ceil.o(i.__hardfp_ceil)
    __hardfp_cos                             0x08007e99   Thumb Code   180  cos.o(i.__hardfp_cos)
    __hardfp_cosf                            0x08007f61   Thumb Code   280  cosf.o(i.__hardfp_cosf)
    __hardfp_fabs                            0x080080b1   Thumb Code    20  fabs.o(i.__hardfp_fabs)
    __hardfp_floor                           0x080080c9   Thumb Code   252  floor.o(i.__hardfp_floor)
    __hardfp_pow                             0x080081e1   Thumb Code  3072  pow.o(i.__hardfp_pow)
    __hardfp_sin                             0x08008e31   Thumb Code   180  sin.o(i.__hardfp_sin)
    __hardfp_sinf                            0x08008ef9   Thumb Code   344  sinf.o(i.__hardfp_sinf)
    __hardfp_sqrt                            0x08009089   Thumb Code   122  sqrt.o(i.__hardfp_sqrt)
    __hardfp_tan                             0x08009109   Thumb Code   108  tan.o(i.__hardfp_tan)
    __ieee754_rem_pio2                       0x08009189   Thumb Code   938  rred.o(i.__ieee754_rem_pio2)
    __kernel_cos                             0x080095c1   Thumb Code   322  cos_i.o(i.__kernel_cos)
    __kernel_poly                            0x08009731   Thumb Code   248  poly.o(i.__kernel_poly)
    __kernel_sin                             0x08009829   Thumb Code   280  sin_i.o(i.__kernel_sin)
    __kernel_tan                             0x08009959   Thumb Code   764  tan_i.o(i.__kernel_tan)
    __mathlib_dbl_divzero                    0x08009ca9   Thumb Code    28  dunder.o(i.__mathlib_dbl_divzero)
    __mathlib_dbl_infnan                     0x08009cd9   Thumb Code    20  dunder.o(i.__mathlib_dbl_infnan)
    __mathlib_dbl_infnan2                    0x08009ced   Thumb Code    20  dunder.o(i.__mathlib_dbl_infnan2)
    __mathlib_dbl_invalid                    0x08009d01   Thumb Code    24  dunder.o(i.__mathlib_dbl_invalid)
    __mathlib_dbl_overflow                   0x08009d21   Thumb Code    24  dunder.o(i.__mathlib_dbl_overflow)
    __mathlib_dbl_underflow                  0x08009d41   Thumb Code    24  dunder.o(i.__mathlib_dbl_underflow)
    __mathlib_flt_infnan                     0x08009d61   Thumb Code     6  funder.o(i.__mathlib_flt_infnan)
    __mathlib_flt_invalid                    0x08009d69   Thumb Code    10  funder.o(i.__mathlib_flt_invalid)
    __mathlib_flt_underflow                  0x08009d79   Thumb Code    10  funder.o(i.__mathlib_flt_underflow)
    __mathlib_rredf2                         0x08009d89   Thumb Code   316  rredf.o(i.__mathlib_rredf2)
    _sys_exit                                0x0800a23d   Thumb Code     4  retarget.o(i._sys_exit)
    assert_failed                            0x0800a241   Thumb Code    10  retarget.o(i.assert_failed)
    atan                                     0x0800a24b   Thumb Code    16  atan.o(i.atan)
    fabs                                     0x0800a25b   Thumb Code    24  fabs.o(i.fabs)
    main                                     0x0800a275   Thumb Code   900  main.o(i.main)
    sqrt                                     0x0800a681   Thumb Code   110  sqrt.o(i.sqrt)
    __aeabi_dneg                             0x0800a6ef   Thumb Code     0  basic.o(x$fpl$basic)
    _dneg                                    0x0800a6ef   Thumb Code     6  basic.o(x$fpl$basic)
    __aeabi_fneg                             0x0800a6f5   Thumb Code     0  basic.o(x$fpl$basic)
    _fneg                                    0x0800a6f5   Thumb Code     6  basic.o(x$fpl$basic)
    _dabs                                    0x0800a6fb   Thumb Code     6  basic.o(x$fpl$basic)
    _fabs                                    0x0800a701   Thumb Code     6  basic.o(x$fpl$basic)
    __aeabi_d2f                              0x0800a709   Thumb Code     0  d2f.o(x$fpl$d2f)
    _d2f                                     0x0800a709   Thumb Code    98  d2f.o(x$fpl$d2f)
    __aeabi_dadd                             0x0800a76d   Thumb Code     0  daddsub_clz.o(x$fpl$dadd)
    _dadd                                    0x0800a76d   Thumb Code   332  daddsub_clz.o(x$fpl$dadd)
    __fpl_dcheck_NaN1                        0x0800a8bd   Thumb Code    10  dcheck1.o(x$fpl$dcheck1)
    __fpl_dcmp_Inf                           0x0800a8cd   Thumb Code    24  dcmpi.o(x$fpl$dcmpinf)
    __aeabi_ddiv                             0x0800a8e5   Thumb Code     0  ddiv.o(x$fpl$ddiv)
    _ddiv                                    0x0800a8e5   Thumb Code   552  ddiv.o(x$fpl$ddiv)
    __aeabi_cdcmpeq                          0x0800ab95   Thumb Code     0  deqf.o(x$fpl$deqf)
    _dcmpeq                                  0x0800ab95   Thumb Code   120  deqf.o(x$fpl$deqf)
    __aeabi_d2iz                             0x0800ac0d   Thumb Code     0  dfix.o(x$fpl$dfix)
    _dfix                                    0x0800ac0d   Thumb Code    94  dfix.o(x$fpl$dfix)
    __aeabi_d2uiz                            0x0800ac6d   Thumb Code     0  dfixu.o(x$fpl$dfixu)
    _dfixu                                   0x0800ac6d   Thumb Code    90  dfixu.o(x$fpl$dfixu)
    __aeabi_i2d                              0x0800acc7   Thumb Code     0  dflt_clz.o(x$fpl$dflt)
    _dflt                                    0x0800acc7   Thumb Code    46  dflt_clz.o(x$fpl$dflt)
    __aeabi_l2d                              0x0800acf5   Thumb Code     0  dfltll_clz.o(x$fpl$dfltll)
    _ll_sto_d                                0x0800acf5   Thumb Code   162  dfltll_clz.o(x$fpl$dfltll)
    __aeabi_ui2d                             0x0800ad97   Thumb Code     0  dflt_clz.o(x$fpl$dfltu)
    _dfltu                                   0x0800ad97   Thumb Code    38  dflt_clz.o(x$fpl$dfltu)
    __aeabi_cdcmple                          0x0800adbd   Thumb Code     0  dleqf.o(x$fpl$dleqf)
    _dcmple                                  0x0800adbd   Thumb Code   120  dleqf.o(x$fpl$dleqf)
    __fpl_dcmple_InfNaN                      0x0800ae1f   Thumb Code     0  dleqf.o(x$fpl$dleqf)
    __aeabi_dmul                             0x0800ae35   Thumb Code     0  dmul.o(x$fpl$dmul)
    _dmul                                    0x0800ae35   Thumb Code   332  dmul.o(x$fpl$dmul)
    __fpl_dnaninf                            0x0800af89   Thumb Code   156  dnaninf.o(x$fpl$dnaninf)
    __fpl_dretinf                            0x0800b025   Thumb Code    12  dretinf.o(x$fpl$dretinf)
    __aeabi_cdrcmple                         0x0800b031   Thumb Code     0  drleqf.o(x$fpl$drleqf)
    _drcmple                                 0x0800b031   Thumb Code   108  drleqf.o(x$fpl$drleqf)
    __aeabi_drsub                            0x0800b09d   Thumb Code     0  daddsub_clz.o(x$fpl$drsb)
    _drsb                                    0x0800b09d   Thumb Code    22  daddsub_clz.o(x$fpl$drsb)
    _dsqrt                                   0x0800b0b5   Thumb Code   404  dsqrt_umaal.o(x$fpl$dsqrt)
    __aeabi_dsub                             0x0800b24d   Thumb Code     0  daddsub_clz.o(x$fpl$dsub)
    _dsub                                    0x0800b24d   Thumb Code   464  daddsub_clz.o(x$fpl$dsub)
    __aeabi_f2d                              0x0800b421   Thumb Code     0  f2d.o(x$fpl$f2d)
    _f2d                                     0x0800b421   Thumb Code    86  f2d.o(x$fpl$f2d)
    __fpl_fnaninf                            0x0800b477   Thumb Code   140  fnaninf.o(x$fpl$fnaninf)
    _fp_init                                 0x0800b503   Thumb Code    10  fpinit.o(x$fpl$fpinit)
    __fplib_config_fpu_vfp                   0x0800b50b   Thumb Code     0  fpinit.o(x$fpl$fpinit)
    __fplib_config_pureend_doubles           0x0800b50b   Thumb Code     0  fpinit.o(x$fpl$fpinit)
    __fpl_fretinf                            0x0800b50d   Thumb Code    10  fretinf.o(x$fpl$fretinf)
    __fpl_return_NaN                         0x0800b517   Thumb Code   100  retnan.o(x$fpl$retnan)
    __ARM_scalbn                             0x0800b57b   Thumb Code    92  scalbn.o(x$fpl$scalbn)
    __fpl_cmpreturn                          0x0800b5d7   Thumb Code    48  trapv.o(x$fpl$trapveneer)
    __I$use$fp                               0x0800b606   Number         0  usenofp.o(x$fpl$usenofp)
    __mathlib_zero                           0x0800b868   Data           8  qnan.o(.constdata)
    vtable for SSD1306                       0x0800b9e0   Data          16  ssd1306.o(.constdata__ZTV7SSD1306)
    Region$$Table$$Base                      0x0800b9f0   Number         0  anon$$obj.o(Region$$Table)
    Region$$Table$$Limit                     0x0800ba10   Number         0  anon$$obj.o(Region$$Table)
    SHT$$INIT_ARRAY$$Base                    0x0800ba10   Number         0  main.o(.init_array)
    SHT$$INIT_ARRAY$$Limit                   0x0800ba14   Number         0  init_aeabi.o(.init_array)
    _data                                    0x20000000   Data           8  main.o(.data)
    angK                                     0x20000008   Data           8  main.o(.data)
    distK                                    0x20000010   Data           8  main.o(.data)
    ang_result                               0x20000018   Data           4  main.o(.data)
    len_result                               0x2000001c   Data           4  main.o(.data)
    x1                                       0x20000020   Data           4  main.o(.data)
    x2                                       0x20000024   Data           4  main.o(.data)
    y1                                       0x20000028   Data           4  main.o(.data)
    y2                                       0x2000002c   Data           4  main.o(.data)
    _x_result                                0x20000030   Data           4  main.o(.data)
    _y_result                                0x20000034   Data           4  main.o(.data)
    x3                                       0x20000038   Data           4  main.o(.data)
    t                                        0x2000003c   Data           4  main.o(.data)
    robot_x                                  0x20000040   Data           2  main.o(.data)
    robot_y                                  0x20000042   Data           2  main.o(.data)
    gyro                                     0x20000044   Data           2  main.o(.data)
    forward_angle                            0x20000046   Data           2  main.o(.data)
    backward_angle                           0x20000048   Data           2  main.o(.data)
    a                                        0x2000004a   Data           2  main.o(.data)
    b                                        0x2000004c   Data           2  main.o(.data)
    c                                        0x2000004e   Data           2  main.o(.data)
    move_angle                               0x20000050   Data           2  main.o(.data)
    ball_angle                               0x20000052   Data           2  main.o(.data)
    defence_angle                            0x20000054   Data           2  main.o(.data)
    start_attack_point                       0x20000056   Data           4  main.o(.data)
    point                                    0x2000005a   Data           4  main.o(.data)
    error_angle                              0x2000005e   Data           2  main.o(.data)
    defender_y_error                         0x20000060   Data           4  main.o(.data)
    gaming_state                             0x20000064   Data           1  main.o(.data)
    role                                     0x20000065   Data           1  main.o(.data)
    attacker_state                           0x20000066   Data           1  main.o(.data)
    defender_state                           0x20000067   Data           1  main.o(.data)
    move_speed                               0x20000068   Data           1  main.o(.data)
    error_speed                              0x20000069   Data           1  main.o(.data)
    ball_abs_x                               0x2000006c   Data           4  main.o(.data)
    ball_abs_y                               0x20000070   Data           4  main.o(.data)
    ball_loc_x                               0x20000074   Data           4  main.o(.data)
    ball_loc_y                               0x20000078   Data           4  main.o(.data)
    trajectory_started                       0x2000007c   Data           1  main.o(.data)
    Robot::a                                 0x20000080   Data           4  main.o(.data)
    Robot::time                              0x20000084   Data           4  main.o(.data)
    Robot::blinking_timer                    0x20000088   Data           4  main.o(.data)
    Robot::blinking_durations                0x2000008c   Data           4  main.o(.data)
    Robot::move_angle                        0x20000090   Data           4  main.o(.data)
    Robot::angular_speed                     0x20000094   Data           4  main.o(.data)
    Robot::max_angular_speed                 0x20000098   Data           4  main.o(.data)
    Robot::gyro                              0x2000009c   Data           4  main.o(.data)
    Robot::robot_x                           0x200000a0   Data           4  main.o(.data)
    Robot::robot_y                           0x200000a4   Data           4  main.o(.data)
    Robot::ball_loc_angle                    0x200000a8   Data           4  main.o(.data)
    Robot::ball_abs_angle                    0x200000ac   Data           4  main.o(.data)
    Robot::ball_loc_x                        0x200000b0   Data           4  main.o(.data)
    Robot::ball_loc_y                        0x200000b4   Data           4  main.o(.data)
    Robot::forward_angle                     0x200000b8   Data           4  main.o(.data)
    Robot::backward_angle                    0x200000bc   Data           4  main.o(.data)
    Robot::ball_angle                        0x200000c0   Data           4  main.o(.data)
    Robot::ball_distance                     0x200000c4   Data           4  main.o(.data)
    Robot::forward_distance                  0x200000c8   Data           4  main.o(.data)
    Robot::backward_distance                 0x200000cc   Data           4  main.o(.data)
    Robot::point_distance                    0x200000d0   Data           4  main.o(.data)
    Robot::old_b_x                           0x200000d4   Data           4  main.o(.data)
    Robot::old_b_y                           0x200000d8   Data           4  main.o(.data)
    Robot::ball_abs_x                        0x200000dc   Data           4  main.o(.data)
    Robot::ball_abs_y                        0x200000e0   Data           4  main.o(.data)
    Robot::_dS                               0x200000e4   Data           4  main.o(.data)
    Robot::_x1b                              0x200000e8   Data           4  main.o(.data)
    Robot::_y1b                              0x200000ec   Data           4  main.o(.data)
    Robot::_dxb                              0x200000f0   Data           8  main.o(.data)
    Robot::_dyb                              0x200000f8   Data           8  main.o(.data)
    Robot::move_speed                        0x20000100   Data           1  main.o(.data)
    Robot::_alpha                            0x20000108   Data           8  main.o(.data)
    Robot::side                              0x20000110   Data           1  main.o(.data)
    Robot::buttons_data                      0x20000111   Data           3  main.o(.data)
    Robot::buttons_old_data                  0x20000114   Data           3  main.o(.data)
    Robot::pressed_buttons                   0x20000117   Data           3  main.o(.data)
    Robot::blinking_leds                     0x2000011a   Data           3  main.o(.data)
    Robot::leds_state                        0x2000011d   Data           1  main.o(.data)
    Robot::motors_state                      0x2000011e   Data           1  main.o(.data)
    SystemCoreClock                          0x20000120   Data           4  system_stm32f4xx.o(.data)
    time_service::systemTime                 0x20000124   Data           4  time_service.o(.data)
    usart2::tx                               0x20000128   Data           8  uart2.o(.data)
    usart2::rx                               0x20000130   Data           8  uart2.o(.data)
    usart2::_rxCnt                           0x20000138   Data           2  uart2.o(.data)
    usart2::_txCnt                           0x2000013a   Data           2  uart2.o(.data)
    usart2::flag                             0x2000013c   Data           1  uart2.o(.data)
    usart2::_readCnt                         0x2000013e   Data           2  uart2.o(.data)
    usart2::_sendCnt                         0x20000140   Data           2  uart2.o(.data)
    usart3::_rxCnt                           0x20000142   Data           2  usart3.o(.data)
    usart3::_txCnt                           0x20000144   Data           2  usart3.o(.data)
    usart3::flag                             0x20000146   Data           1  usart3.o(.data)
    usart3::_readCnt                         0x20000148   Data           2  usart3.o(.data)
    usart3::_sendCnt                         0x2000014a   Data           2  usart3.o(.data)
    usart6::_rxCnt                           0x2000014c   Data           2  usart6.o(.data)
    usart6::_txCnt                           0x2000014e   Data           2  usart6.o(.data)
    usart6::flag                             0x20000150   Data           1  usart6.o(.data)
    usart6::_readCnt                         0x20000152   Data           2  usart6.o(.data)
    usart6::_sendCnt                         0x20000154   Data           2  usart6.o(.data)
    _RxData                                  0x20000156   Data           4  spi_dot.o(.data)
    _available                               0x2000015a   Data           2  spi_dot.o(.data)
    num                                      0x2000015c   Data           1  spi_dot.o(.data)
    _RxData3                                 0x2000015e   Data           4  spi3_dot.o(.data)
    _available3                              0x20000162   Data           2  spi3_dot.o(.data)
    num3                                     0x20000164   Data           1  spi3_dot.o(.data)
    SSD1306::drawFastVLineInternal(short, short, short, unsigned short)::premask 0x20000575   Data           8  ssd1306.o(.data__ZZN7SSD130621drawFastVLineInternalEssstE7premask)
    SSD1306::drawFastVLineInternal(short, short, short, unsigned short)::postmask 0x2000057d   Data           8  ssd1306.o(.data__ZZN7SSD130621drawFastVLineInternalEssstE8postmask)
    Robot::led1                              0x20000588   Data          24  main.o(.bss)
    Robot::led2                              0x200005a0   Data          24  main.o(.bss)
    Robot::led3                              0x200005b8   Data          24  main.o(.bss)
    Robot::m1                                0x200005d0   Data          80  main.o(.bss)
    Robot::m3                                0x20000620   Data          80  main.o(.bss)
    Robot::m2                                0x20000670   Data          80  main.o(.bss)
    Robot::m4                                0x200006c0   Data          80  main.o(.bss)
    Robot::motors                            0x20000710   Data         392  main.o(.bss)
    Robot::spi2_sck                          0x20000898   Data          24  main.o(.bss)
    Robot::spi2_mosi                         0x200008b0   Data          24  main.o(.bss)
    Robot::spi2_miso                         0x200008c8   Data          24  main.o(.bss)
    Robot::spi2_ck                           0x200008e0   Data          24  main.o(.bss)
    Robot::spi3_mosi                         0x200008f8   Data          24  main.o(.bss)
    Robot::spi3_sck                          0x20000910   Data          24  main.o(.bss)
    Robot::OLED_DC                           0x20000928   Data          24  main.o(.bss)
    Robot::spi3_nss                          0x20000940   Data          24  main.o(.bss)
    Robot::OLED_res                          0x20000958   Data          24  main.o(.bss)
    Robot::usart6_tx                         0x20000970   Data          24  main.o(.bss)
    Robot::usart6_rx                         0x20000988   Data          24  main.o(.bss)
    Robot::motors_move                       0x200009a0   Data          24  main.o(.bss)
    Robot::gyro_reset                        0x200009b8   Data          24  main.o(.bss)
    Robot::cap_charge                        0x200009d0   Data          24  main.o(.bss)
    Robot::cap_discharge                     0x200009e8   Data          24  main.o(.bss)
    Robot::dribler_control                   0x20000a00   Data          24  main.o(.bss)
    Robot::adc_voltage_pin                   0x20000a18   Data          24  main.o(.bss)
    Robot::ball_sen                          0x20000a30   Data          24  main.o(.bss)
    Robot::tssp_write_4                      0x20000a48   Data          24  main.o(.bss)
    Robot::tssp_write_3                      0x20000a60   Data          24  main.o(.bss)
    Robot::tssp_write_2                      0x20000a78   Data          24  main.o(.bss)
    Robot::tssp_write_1                      0x20000a90   Data          24  main.o(.bss)
    Robot::tssp_left_read                    0x20000aa8   Data          24  main.o(.bss)
    Robot::tssp_right_read                   0x20000ac0   Data          24  main.o(.bss)
    Robot::up                                0x20000ad8   Data          24  main.o(.bss)
    Robot::reset_gyro                        0x20000af0   Data          24  main.o(.bss)
    Robot::enter                             0x20000b08   Data          24  main.o(.bss)
    Robot::camera                            0x20000b20   Data         232  main.o(.bss)
    Robot::ball                              0x20000c08   Data         448  main.o(.bss)
    Robot::mpu_sensor                        0x20000dc8   Data         304  main.o(.bss)
    Robot::mpu                               0x20000ef8   Data         360  main.o(.bss)
    Robot::angle_pid                         0x20001060   Data          44  main.o(.bss)
    Robot::button_timers                     0x2000108c   Data          12  main.o(.bss)
    usart3::tx                               0x20001098   Data          16  usart3.o(.bss)
    usart3::rx                               0x200010a8   Data          16  usart3.o(.bss)
    usart6::tx                               0x200010b8   Data          16  usart6.o(.bss)
    usart6::rx                               0x200010c8   Data          16  usart6.o(.bss)
    __libspace_start                         0x200010d8   Data          96  libspace.o(.bss)
    __temporary_stack_top$libspace           0x20001138   Data           0  libspace.o(.bss)



==============================================================================

Memory Map of the image

  Image Entry point : 0x08000189

  Load Region LR_IROM1 (Base: 0x08000000, Size: 0x0000bf9c, Max: 0x00100000, ABSOLUTE, COMPRESSED[0x0000bbd0])

    Execution Region ER_IROM1 (Exec base: 0x08000000, Load base: 0x08000000, Size: 0x0000ba14, Max: 0x00100000, ABSOLUTE)

    Exec Addr    Load Addr    Size         Type   Attr      Idx    E Section Name        Object

    0x08000000   0x08000000   0x00000188   Data   RO          568    RESET               startup_stm32f407xx.o
    0x08000188   0x08000188   0x00000008   Code   RO         4744  * !!!main             c_w.l(__main.o)
    0x08000190   0x08000190   0x00000034   Code   RO         5428    !!!scatter          c_w.l(__scatter.o)
    0x080001c4   0x080001c4   0x0000005a   Code   RO         5426    !!dczerorl2         c_w.l(__dczerorl2.o)
    0x0800021e   0x0800021e   0x00000002   PAD
    0x08000220   0x08000220   0x0000001c   Code   RO         5430    !!handler_zi        c_w.l(__scatter_zi.o)
    0x0800023c   0x0800023c   0x00000002   Code   RO         5298    .ARM.Collect$$libinit$$00000000  c_w.l(libinit.o)
    0x0800023e   0x0800023e   0x00000004   Code   RO         5035    .ARM.Collect$$libinit$$00000001  c_w.l(libinit2.o)
    0x08000242   0x08000242   0x00000000   Code   RO         5038    .ARM.Collect$$libinit$$00000004  c_w.l(libinit2.o)
    0x08000242   0x08000242   0x00000000   Code   RO         5041    .ARM.Collect$$libinit$$0000000A  c_w.l(libinit2.o)
    0x08000242   0x08000242   0x00000000   Code   RO         5043    .ARM.Collect$$libinit$$0000000C  c_w.l(libinit2.o)
    0x08000242   0x08000242   0x00000000   Code   RO         5045    .ARM.Collect$$libinit$$0000000E  c_w.l(libinit2.o)
    0x08000242   0x08000242   0x00000000   Code   RO         5048    .ARM.Collect$$libinit$$00000011  c_w.l(libinit2.o)
    0x08000242   0x08000242   0x00000000   Code   RO         5050    .ARM.Collect$$libinit$$00000013  c_w.l(libinit2.o)
    0x08000242   0x08000242   0x00000000   Code   RO         5052    .ARM.Collect$$libinit$$00000015  c_w.l(libinit2.o)
    0x08000242   0x08000242   0x00000000   Code   RO         5054    .ARM.Collect$$libinit$$00000017  c_w.l(libinit2.o)
    0x08000242   0x08000242   0x00000000   Code   RO         5056    .ARM.Collect$$libinit$$00000019  c_w.l(libinit2.o)
    0x08000242   0x08000242   0x00000000   Code   RO         5058    .ARM.Collect$$libinit$$0000001B  c_w.l(libinit2.o)
    0x08000242   0x08000242   0x00000000   Code   RO         5060    .ARM.Collect$$libinit$$0000001D  c_w.l(libinit2.o)
    0x08000242   0x08000242   0x00000000   Code   RO         5062    .ARM.Collect$$libinit$$0000001F  c_w.l(libinit2.o)
    0x08000242   0x08000242   0x00000000   Code   RO         5064    .ARM.Collect$$libinit$$00000021  c_w.l(libinit2.o)
    0x08000242   0x08000242   0x00000000   Code   RO         5066    .ARM.Collect$$libinit$$00000023  c_w.l(libinit2.o)
    0x08000242   0x08000242   0x00000000   Code   RO         5068    .ARM.Collect$$libinit$$00000025  c_w.l(libinit2.o)
    0x08000242   0x08000242   0x00000000   Code   RO         5072    .ARM.Collect$$libinit$$0000002C  c_w.l(libinit2.o)
    0x08000242   0x08000242   0x00000000   Code   RO         5074    .ARM.Collect$$libinit$$0000002E  c_w.l(libinit2.o)
    0x08000242   0x08000242   0x00000000   Code   RO         5076    .ARM.Collect$$libinit$$00000030  c_w.l(libinit2.o)
    0x08000242   0x08000242   0x00000004   Code   RO         5077    .ARM.Collect$$libinit$$00000031  c_w.l(libinit2.o)
    0x08000246   0x08000246   0x00000000   Code   RO         5078    .ARM.Collect$$libinit$$00000032  c_w.l(libinit2.o)
    0x08000246   0x08000246   0x00000002   Code   RO         5079    .ARM.Collect$$libinit$$00000033  c_w.l(libinit2.o)
    0x08000248   0x08000248   0x00000002   Code   RO         5385    .ARM.Collect$$libshutdown$$00000000  c_w.l(libshutdown.o)
    0x0800024a   0x0800024a   0x00000000   Code   RO         5393    .ARM.Collect$$libshutdown$$00000002  c_w.l(libshutdown2.o)
    0x0800024a   0x0800024a   0x00000000   Code   RO         5395    .ARM.Collect$$libshutdown$$00000004  c_w.l(libshutdown2.o)
    0x0800024a   0x0800024a   0x00000000   Code   RO         5397    .ARM.Collect$$libshutdown$$00000006  c_w.l(libshutdown2.o)
    0x0800024a   0x0800024a   0x00000000   Code   RO         5400    .ARM.Collect$$libshutdown$$00000009  c_w.l(libshutdown2.o)
    0x0800024a   0x0800024a   0x00000000   Code   RO         5403    .ARM.Collect$$libshutdown$$0000000C  c_w.l(libshutdown2.o)
    0x0800024a   0x0800024a   0x00000000   Code   RO         5405    .ARM.Collect$$libshutdown$$0000000E  c_w.l(libshutdown2.o)
    0x0800024a   0x0800024a   0x00000000   Code   RO         5408    .ARM.Collect$$libshutdown$$00000011  c_w.l(libshutdown2.o)
    0x0800024a   0x0800024a   0x00000002   Code   RO         5409    .ARM.Collect$$libshutdown$$00000012  c_w.l(libshutdown2.o)
    0x0800024c   0x0800024c   0x00000000   Code   RO         5030    .ARM.Collect$$rtentry$$00000000  c_w.l(__rtentry.o)
    0x0800024c   0x0800024c   0x00000000   Code   RO         5181    .ARM.Collect$$rtentry$$00000002  c_w.l(__rtentry2.o)
    0x0800024c   0x0800024c   0x00000006   Code   RO         5193    .ARM.Collect$$rtentry$$00000004  c_w.l(__rtentry4.o)
    0x08000252   0x08000252   0x00000000   Code   RO         5183    .ARM.Collect$$rtentry$$00000009  c_w.l(__rtentry2.o)
    0x08000252   0x08000252   0x00000004   Code   RO         5184    .ARM.Collect$$rtentry$$0000000A  c_w.l(__rtentry2.o)
    0x08000256   0x08000256   0x00000000   Code   RO         5186    .ARM.Collect$$rtentry$$0000000C  c_w.l(__rtentry2.o)
    0x08000256   0x08000256   0x00000008   Code   RO         5187    .ARM.Collect$$rtentry$$0000000D  c_w.l(__rtentry2.o)
    0x0800025e   0x0800025e   0x00000002   Code   RO         5306    .ARM.Collect$$rtexit$$00000000  c_w.l(rtexit.o)
    0x08000260   0x08000260   0x00000000   Code   RO         5354    .ARM.Collect$$rtexit$$00000002  c_w.l(rtexit2.o)
    0x08000260   0x08000260   0x00000004   Code   RO         5355    .ARM.Collect$$rtexit$$00000003  c_w.l(rtexit2.o)
    0x08000264   0x08000264   0x00000006   Code   RO         5356    .ARM.Collect$$rtexit$$00000004  c_w.l(rtexit2.o)
    0x0800026a   0x0800026a   0x00000002   PAD
    0x0800026c   0x0800026c   0x00000040   Code   RO          569    .text               startup_stm32f407xx.o
    0x080002ac   0x080002ac   0x00000002   Code   RO         4736    .text               c_w.l(use_no_semi.o)
    0x080002ae   0x080002ae   0x00000064   Code   RO         4738    .text               c_w.l(rt_memcpy_w.o)
    0x08000312   0x08000312   0x00000006   Code   RO         4742    .text               c_w.l(heapauxi.o)
    0x08000318   0x08000318   0x00000024   Code   RO         4749    .text               c_w.l(init_aeabi.o)
    0x0800033c   0x0800033c   0x00000016   Code   RO         5031    .text               c_w.l(_rserrno.o)
    0x08000352   0x08000352   0x00000002   PAD
    0x08000354   0x08000354   0x00000008   Code   RO         5198    .text               c_w.l(rt_errno_addr_intlibspace.o)
    0x0800035c   0x0800035c   0x00000008   Code   RO         5219    .text               c_w.l(libspace.o)
    0x08000364   0x08000364   0x0000004a   Code   RO         5222    .text               c_w.l(sys_stackheap_outer.o)
    0x080003ae   0x080003ae   0x00000012   Code   RO         5285    .text               c_w.l(exit.o)
    0x080003c0   0x080003c0   0x000001ac   Code   RO         2834    i.GPIO_Init         stm32f4xx_gpio.o
    0x0800056c   0x0800056c   0x000001ac   Code   RO         2835    i.GPIO_PinAFConfig  stm32f4xx_gpio.o
    0x08000718   0x08000718   0x000000b4   Code   RO         2841    i.GPIO_ResetBits    stm32f4xx_gpio.o
    0x080007cc   0x080007cc   0x000000b4   Code   RO         2842    i.GPIO_SetBits      stm32f4xx_gpio.o
    0x08000880   0x08000880   0x00000070   Code   RO         3169    i.RCC_AHB1PeriphClockCmd  stm32f4xx_rcc.o
    0x080008f0   0x080008f0   0x0000006c   Code   RO         3178    i.RCC_APB1PeriphClockCmd  stm32f4xx_rcc.o
    0x0800095c   0x0800095c   0x00000070   Code   RO         3181    i.RCC_APB2PeriphClockCmd  stm32f4xx_rcc.o
    0x080009cc   0x080009cc   0x000000e8   Code   RO         3190    i.RCC_GetClocksFreq  stm32f4xx_rcc.o
    0x08000ab4   0x08000ab4   0x0000000a   Code   RO         2046    i.SPI3_IRQHandler   spi3_dot.o
    0x08000abe   0x08000abe   0x00000002   PAD
    0x08000ac0   0x08000ac0   0x00000110   Code   RO          576    i.SetSysClock       system_stm32f4xx.o
    0x08000bd0   0x08000bd0   0x00000010   Code   RO          951    i.SysTick_Handler   time_service.o
    0x08000be0   0x08000be0   0x00000068   Code   RO          578    i.SystemInit        system_stm32f4xx.o
    0x08000c48   0x08000c48   0x00000108   Code   RO         3686    i.TIM_BDTRConfig    stm32f4xx_tim.o
    0x08000d50   0x08000d50   0x000000e4   Code   RO         3697    i.TIM_Cmd           stm32f4xx_tim.o
    0x08000e34   0x08000e34   0x00000078   Code   RO         3699    i.TIM_CtrlPWMOutputs  stm32f4xx_tim.o
    0x08000eac   0x08000eac   0x000001dc   Code   RO         3726    i.TIM_OC1Init       stm32f4xx_tim.o
    0x08001088   0x08001088   0x000001dc   Code   RO         3731    i.TIM_OC2Init       stm32f4xx_tim.o
    0x08001264   0x08001264   0x000001c4   Code   RO         3736    i.TIM_OC3Init       stm32f4xx_tim.o
    0x08001428   0x08001428   0x00000158   Code   RO         3741    i.TIM_OC4Init       stm32f4xx_tim.o
    0x08001580   0x08001580   0x000000ac   Code   RO         3759    i.TIM_SetCompare1   stm32f4xx_tim.o
    0x0800162c   0x0800162c   0x00000084   Code   RO         3760    i.TIM_SetCompare2   stm32f4xx_tim.o
    0x080016b0   0x080016b0   0x00000070   Code   RO         3761    i.TIM_SetCompare3   stm32f4xx_tim.o
    0x08001720   0x08001720   0x00000070   Code   RO         3762    i.TIM_SetCompare4   stm32f4xx_tim.o
    0x08001790   0x08001790   0x0000016c   Code   RO         3769    i.TIM_TimeBaseInit  stm32f4xx_tim.o
    0x080018fc   0x080018fc   0x000000b0   Code   RO         1039    i.USART2_IRQHandler  uart2.o
    0x080019ac   0x080019ac   0x000000b0   Code   RO         1100    i.USART3_IRQHandler  usart3.o
    0x08001a5c   0x08001a5c   0x000000b0   Code   RO         1155    i.USART6_IRQHandler  usart6.o
    0x08001b0c   0x08001b0c   0x00000104   Code   RO         4251    i.USART_ClearITPendingBit  stm32f4xx_usart.o
    0x08001c10   0x08001c10   0x000000c0   Code   RO         4254    i.USART_Cmd         stm32f4xx_usart.o
    0x08001cd0   0x08001cd0   0x00000164   Code   RO         4260    i.USART_ITConfig    stm32f4xx_usart.o
    0x08001e34   0x08001e34   0x00000238   Code   RO         4261    i.USART_Init        stm32f4xx_usart.o
    0x0800206c   0x0800206c   0x00000022   Code   RO          823    i._Z15lead_to_bordersiii  tools.o
    0x0800208e   0x0800208e   0x00000002   PAD
    0x08002090   0x08002090   0x00000084   Code   RO            9    i._Z18get_angle_to_pointssss  main.o
    0x08002114   0x08002114   0x00000028   Code   RO         2050    i._Z20SPIInterruptHandler3j  spi3_dot.o
    0x0800213c   0x0800213c   0x0000009c   Code   RO           10    i._Z21get_distance_to_pointiiii  main.o
    0x080021d8   0x080021d8   0x00000022   Code   RO          824    i._Z22lead_to_degree_bordersi  tools.o
    0x080021fa   0x080021fa   0x00000034   Code   RO           13    i._Z6my_absi        main.o
    0x0800222e   0x0800222e   0x00000038   Code   RO           14    i._Z6my_powii       main.o
    0x08002266   0x08002266   0x00000002   PAD
    0x08002268   0x08002268   0x0000011c   Code   RO         2011    i._Z8initSPI2bht    spi_dot.o
    0x08002384   0x08002384   0x0000011c   Code   RO         2051    i._Z8initSPI3bht    spi3_dot.o
    0x080024a0   0x080024a0   0x00000028   Code   RO         2012    i._Z8writeSPIt      spi_dot.o
    0x080024c8   0x080024c8   0x00000028   Code   RO         2052    i._Z9writeSPI3t     spi3_dot.o
    0x080024f0   0x080024f0   0x0000002e   Code   RO         1742    i._ZN11mpu9250_spi12readFIFOsizeEv  mpu9250_spi.o
    0x0800251e   0x0800251e   0x00000058   Code   RO         1743    i._ZN11mpu9250_spi12setAccOffsetEiii  mpu9250_spi.o
    0x08002576   0x08002576   0x00000002   PAD
    0x08002578   0x08002578   0x0000041c   Code   RO         1744    i._ZN11mpu9250_spi12updateAnglesEdb  mpu9250_spi.o
    0x08002994   0x08002994   0x00000052   Code   RO         1745    i._ZN11mpu9250_spi13setGyroOffsetEiii  mpu9250_spi.o
    0x080029e6   0x080029e6   0x00000002   PAD
    0x080029e8   0x080029e8   0x00000030   Code   RO         1748    i._ZN11mpu9250_spi20updateAnglesFromFIFOEv  mpu9250_spi.o
    0x08002a18   0x08002a18   0x00001152   Code   RO         1749    i._ZN11mpu9250_spi21MadgwickAHRSupdateIMUEd  mpu9250_spi.o
    0x08003b6a   0x08003b6a   0x00000020   Code   RO         1904    i._ZN11mpu9250_spi7convertEth  mpu9250_spi.o
    0x08003b8a   0x08003b8a   0x00000002   PAD
    0x08003b8c   0x08003b8c   0x00000204   Code   RO         1757    i._ZN11mpu9250_spi7initIMUEv  mpu9250_spi.o
    0x08003d90   0x08003d90   0x00000040   Code   RO         1758    i._ZN11mpu9250_spi7invSqrtEf  mpu9250_spi.o
    0x08003dd0   0x08003dd0   0x00000102   Code   RO         1759    i._ZN11mpu9250_spi7readAccEv  mpu9250_spi.o
    0x08003ed2   0x08003ed2   0x00000048   Code   RO         1760    i._ZN11mpu9250_spi7readRegEiPii  mpu9250_spi.o
    0x08003f1a   0x08003f1a   0x00000102   Code   RO         1762    i._ZN11mpu9250_spi8readGyroEv  mpu9250_spi.o
    0x0800401c   0x0800401c   0x00000026   Code   RO         1764    i._ZN11mpu9250_spi8writeRegEih  mpu9250_spi.o
    0x08004042   0x08004042   0x00000002   PAD
    0x08004044   0x08004044   0x00000120   Code   RO         1765    i._ZN11mpu9250_spi9calibrateEi  mpu9250_spi.o
    0x08004164   0x08004164   0x00000016   Code   RO         1766    i._ZN11mpu9250_spiC1ER3pin  mpu9250_spi.o
    0x0800417a   0x0800417a   0x00000002   PAD
    0x0800417c   0x0800417c   0x0000000c   Code   RO          952    i._ZN12time_service10getCurTimeEv  time_service.o
    0x08004188   0x08004188   0x00000068   Code   RO          956    i._ZN12time_service4initEv  time_service.o
    0x080041f0   0x080041f0   0x00000018   Code   RO          958    i._ZN12time_service8delay_msEj  time_service.o
    0x08004208   0x08004208   0x00000012   Code   RO          960    i._ZN12time_service9startTimeEv  time_service.o
    0x0800421a   0x0800421a   0x00000014   Code   RO           17    i._ZN3IMU12setZeroAngleEv  main.o
    0x0800422e   0x0800422e   0x0000000e   Code   RO           19    i._ZN3IMU20updateAnglesFromFIFOEv  main.o
    0x0800423c   0x0800423c   0x00000034   Code   RO           20    i._ZN3IMU4initEv    main.o
    0x08004270   0x08004270   0x000000c8   Code   RO           27    i._ZN3IMU6updateEv  main.o
    0x08004338   0x08004338   0x000000ac   Code   RO           29    i._ZN3IMU8getAngleEv  main.o
    0x080043e4   0x080043e4   0x00000012   Code   RO           31    i._ZN3IMU9calibrateEj  main.o
    0x080043f6   0x080043f6   0x000000e2   Code   RO          315    i._ZN3PID9calculateEiii  main.o
    0x080044d8   0x080044d8   0x00000030   Code   RO          333    i._ZN3PIDC1Efffi    main.o
    0x08004508   0x08004508   0x00000008   Code   RO          856    i._ZN3pin12getPinNumberEv  pin_setup.o
    0x08004510   0x08004510   0x00000046   Code   RO          857    i._ZN3pin3pwmEj     pin_setup.o
    0x08004556   0x08004556   0x00000018   Code   RO          858    i._ZN3pin4readEv    pin_setup.o
    0x0800456e   0x0800456e   0x00000020   Code   RO          859    i._ZN3pin5writeEb   pin_setup.o
    0x0800458e   0x0800458e   0x00000010   Code   RO          860    i._ZN3pin6setBitEv  pin_setup.o
    0x0800459e   0x0800459e   0x00000002   PAD
    0x080045a0   0x080045a0   0x00000100   Code   RO          861    i._ZN3pin7pinInitEv  pin_setup.o
    0x080046a0   0x080046a0   0x00000264   Code   RO          862    i._ZN3pin7pwmInitEjtjjhP11TIM_TypeDefb  pin_setup.o
    0x08004904   0x08004904   0x00000006   Code   RO          863    i._ZN3pin8getGPIOxEv  pin_setup.o
    0x0800490a   0x0800490a   0x00000010   Code   RO          864    i._ZN3pin8resetBitEv  pin_setup.o
    0x0800491a   0x0800491a   0x00000002   PAD
    0x0800491c   0x0800491c   0x000003f0   Code   RO          866    i._ZN3pinC1Echt     pin_setup.o
    0x08004d0c   0x08004d0c   0x00000080   Code   RO         2197    i._ZN4TSSP10set_addresEh  tssp.o
    0x08004d8c   0x08004d8c   0x00000008   Code   RO         2198    i._ZN4TSSP12get_distanceEv  tssp.o
    0x08004d94   0x08004d94   0x00000300   Code   RO         2199    i._ZN4TSSP16get_digital_dataEv  tssp.o
    0x08005094   0x08005094   0x0000004c   Code   RO         2200    i._ZN4TSSP20get_angle_from_indexEt  tssp.o
    0x080050e0   0x080050e0   0x00000010   Code   RO         2202    i._ZN4TSSP8get_dataEv  tssp.o
    0x080050f0   0x080050f0   0x00000094   Code   RO         2204    i._ZN4TSSPC1EtR3pinS1_S1_S1_S1_S1_h  tssp.o
    0x08005184   0x08005184   0x00000018   Code   RO         1472    i._ZN5Motor12disableMotorEv  motor.o
    0x0800519c   0x0800519c   0x000001c4   Code   RO         1473    i._ZN5Motor9motorMoveEd  motor.o
    0x08005360   0x08005360   0x00000228   Code   RO         1474    i._ZN5MotorC1Echthchth  motor.o
    0x08005588   0x08005588   0x00000034   Code   RO          321    i._ZN5Queue3popEv   main.o
    0x080055bc   0x080055bc   0x0000001a   Code   RO          327    i._ZN5Queue4pushEi  main.o
    0x080055d6   0x080055d6   0x00000002   PAD
    0x080055d8   0x080055d8   0x00000044   Code   RO           32    i._ZN5Robot10init_robotEh  main.o
    0x0800561c   0x0800561c   0x00000020   Code   RO           33    i._ZN5Robot11change_sideEv  main.o
    0x0800563c   0x0800563c   0x00000060   Code   RO           34    i._ZN5Robot11control_ledEhb  main.o
    0x0800569c   0x0800569c   0x0000008c   Code   RO           35    i._ZN5Robot11moveToPointEiis  main.o
    0x08005728   0x08005728   0x00000014   Code   RO           36    i._ZN5Robot11rotateRobotEss  main.o
    0x0800573c   0x0800573c   0x0000002c   Code   RO           37    i._ZN5Robot12check_buttonEh  main.o
    0x08005768   0x08005768   0x0000002c   Code   RO           38    i._ZN5Robot12moveRobotAbsEst  main.o
    0x08005794   0x08005794   0x00000064   Code   RO           39    i._ZN5Robot12set_blinkingEhj  main.o
    0x080057f8   0x080057f8   0x000000c0   Code   RO           40    i._ZN5Robot13check_buttonsEv  main.o
    0x080058b8   0x080058b8   0x0000000c   Code   RO           41    i._ZN5Robot13motors_on_offEb  main.o
    0x080058c4   0x080058c4   0x0000005c   Code   RO           42    i._ZN5Robot15callibrate_gyroEv  main.o
    0x08005920   0x08005920   0x00000020   Code   RO           43    i._ZN5Robot18getDistanceToPointEii  main.o
    0x08005940   0x08005940   0x0000024c   Code   RO           44    i._ZN5Robot6updateEv  main.o
    0x08005b8c   0x08005b8c   0x0000012c   Code   RO           45    i._ZN5Robot7predictEv  main.o
    0x08005cb8   0x08005cb8   0x00000030   Code   RO           46    i._ZN5Robot8setAngleEss  main.o
    0x08005ce8   0x08005ce8   0x00000024   Code   RO           47    i._ZN5Robot9moveRobotEsh  main.o
    0x08005d0c   0x08005d0c   0x0000000a   Code   RO         1573    i._ZN6camera11get_old_b_xEv  openmv.o
    0x08005d16   0x08005d16   0x00000008   Code   RO         1574    i._ZN6camera11get_old_b_yEv  openmv.o
    0x08005d1e   0x08005d1e   0x00000002   PAD
    0x08005d20   0x08005d20   0x00000564   Code   RO         1575    i._ZN6camera13calculate_posEsb  openmv.o
    0x08006284   0x08006284   0x0000000a   Code   RO         1576    i._ZN6camera14get_ball_abs_xEv  openmv.o
    0x0800628e   0x0800628e   0x0000000a   Code   RO         1577    i._ZN6camera14get_ball_abs_yEv  openmv.o
    0x08006298   0x08006298   0x0000002a   Code   RO         1578    i._ZN6camera14get_ball_angleEv  openmv.o
    0x080062c2   0x080062c2   0x0000000a   Code   RO         1579    i._ZN6camera14get_ball_loc_xEv  openmv.o
    0x080062cc   0x080062cc   0x0000000a   Code   RO         1580    i._ZN6camera14get_ball_loc_yEv  openmv.o
    0x080062d6   0x080062d6   0x0000002a   Code   RO         1583    i._ZN6camera17get_forward_angleEv  openmv.o
    0x08006300   0x08006300   0x0000002a   Code   RO         1584    i._ZN6camera18get_abs_ball_angleEv  openmv.o
    0x0800632a   0x0800632a   0x0000002a   Code   RO         1585    i._ZN6camera18get_backward_angleEv  openmv.o
    0x08006354   0x08006354   0x0000000a   Code   RO         1586    i._ZN6camera20get_forward_distanceEv  openmv.o
    0x0800635e   0x0800635e   0x0000000a   Code   RO         1587    i._ZN6camera21get_backward_distanceEv  openmv.o
    0x08006368   0x08006368   0x0000003a   Code   RO         1589    i._ZN6camera4crc8EPhi  openmv.o
    0x080063a2   0x080063a2   0x0000000a   Code   RO         1590    i._ZN6camera5get_xEv  openmv.o
    0x080063ac   0x080063ac   0x0000000a   Code   RO         1591    i._ZN6camera5get_yEv  openmv.o
    0x080063b6   0x080063b6   0x000000e0   Code   RO         1592    i._ZN6camera7getDataEv  openmv.o
    0x08006496   0x08006496   0x0000000a   Code   RO         1593    i._ZN6camera7get_dbxEv  openmv.o
    0x080064a0   0x080064a0   0x00000008   Code   RO         1594    i._ZN6camera7get_dbyEv  openmv.o
    0x080064a8   0x080064a8   0x00000092   Code   RO         1595    i._ZN6cameraC1ER3pinS1_  openmv.o
    0x0800653a   0x0800653a   0x00000002   PAD
    0x0800653c   0x0800653c   0x000002f4   Code   RO         1516    i._ZN6motors12_move_vectorEv  motors.o
    0x08006830   0x08006830   0x00000024   Code   RO         1517    i._ZN6motors13disableMotorsEv  motors.o
    0x08006854   0x08006854   0x0000038c   Code   RO         1519    i._ZN6motors9moveRobotEddddjj  motors.o
    0x08006be0   0x08006be0   0x00000062   Code   RO         1521    i._ZN6motorsC1ER5MotorS1_S1_S1_td  motors.o
    0x08006c42   0x08006c42   0x00000002   PAD
    0x08006c44   0x08006c44   0x00000164   Code   RO         1040    i._ZN6usart210usart2InitEjhf  uart2.o
    0x08006da8   0x08006da8   0x00000164   Code   RO         1156    i._ZN6usart610usart6InitEjhf  usart6.o
    0x08006f0c   0x08006f0c   0x00000048   Code   RO         1157    i._ZN6usart64readEv  usart6.o
    0x08006f54   0x08006f54   0x00000034   Code   RO         1159    i._ZN6usart69availableEv  usart6.o
    0x08006f88   0x08006f88   0x0000000e   Code   RO         4698    i._ZN7SSD130612fastSPIwriteEh  ssd1306.o
    0x08006f96   0x08006f96   0x00000002   PAD
    0x08006f98   0x08006f98   0x000002d4   Code   RO         4582    i._ZN7SSD130613drawFastVLineEssst  ssd1306.o
    0x0800726c   0x0800726c   0x00000036   Code   RO         4583    i._ZN7SSD130615ssd1306_commandEh  ssd1306.o
    0x080072a2   0x080072a2   0x0000013a   Code   RO         4590    i._ZN7SSD13065beginEhb  ssd1306.o
    0x080073dc   0x080073dc   0x00000074   Code   RO         4594    i._ZN7SSD13067displayEv  ssd1306.o
    0x08007450   0x08007450   0x0000004c   Code   RO         4596    i._ZN7SSD1306C1EjR3pinS1_S1_ttt  ssd1306.o
    0x0800749c   0x0800749c   0x00000020   Code   RO          339    i._ZSt3absd         main.o
    0x080074bc   0x080074bc   0x00000034   Code   RO          309    i._ZSt3powdi        main.o
    0x080074f0   0x080074f0   0x00000030   Code   RO         5139    i.__ARM_fpclassify  m_wm.l(fpclassify.o)
    0x08007520   0x08007520   0x00000026   Code   RO         5141    i.__ARM_fpclassifyf  m_wm.l(fpclassifyf.o)
    0x08007546   0x08007546   0x00000002   PAD
    0x08007548   0x08007548   0x00000360   Code   RO         4900    i.__hardfp_asin     m_wm.l(asin.o)
    0x080078a8   0x080078a8   0x000002d8   Code   RO         5108    i.__hardfp_atan     m_wm.l(atan.o)
    0x08007b80   0x08007b80   0x00000200   Code   RO         4914    i.__hardfp_atan2    m_wm.l(atan2.o)
    0x08007d80   0x08007d80   0x00000118   Code   RO         4926    i.__hardfp_ceil     m_wm.l(ceil.o)
    0x08007e98   0x08007e98   0x000000c8   Code   RO         4932    i.__hardfp_cos      m_wm.l(cos.o)
    0x08007f60   0x08007f60   0x00000150   Code   RO         4944    i.__hardfp_cosf     m_wm.l(cosf.o)
    0x080080b0   0x080080b0   0x00000014   Code   RO         4956    i.__hardfp_fabs     m_wm.l(fabs.o)
    0x080080c4   0x080080c4   0x00000004   PAD
    0x080080c8   0x080080c8   0x00000118   Code   RO         4962    i.__hardfp_floor    m_wm.l(floor.o)
    0x080081e0   0x080081e0   0x00000c50   Code   RO         4968    i.__hardfp_pow      m_wm.l(pow.o)
    0x08008e30   0x08008e30   0x000000c8   Code   RO         4982    i.__hardfp_sin      m_wm.l(sin.o)
    0x08008ef8   0x08008ef8   0x00000190   Code   RO         4994    i.__hardfp_sinf     m_wm.l(sinf.o)
    0x08009088   0x08009088   0x0000007a   Code   RO         5006    i.__hardfp_sqrt     m_wm.l(sqrt.o)
    0x08009102   0x08009102   0x00000006   PAD
    0x08009108   0x08009108   0x00000080   Code   RO         5018    i.__hardfp_tan      m_wm.l(tan.o)
    0x08009188   0x08009188   0x00000438   Code   RO         5160    i.__ieee754_rem_pio2  m_wm.l(rred.o)
    0x080095c0   0x080095c0   0x00000170   Code   RO         5122    i.__kernel_cos      m_wm.l(cos_i.o)
    0x08009730   0x08009730   0x000000f8   Code   RO         5157    i.__kernel_poly     m_wm.l(poly.o)
    0x08009828   0x08009828   0x00000130   Code   RO         5168    i.__kernel_sin      m_wm.l(sin_i.o)
    0x08009958   0x08009958   0x00000350   Code   RO         5174    i.__kernel_tan      m_wm.l(tan_i.o)
    0x08009ca8   0x08009ca8   0x00000030   Code   RO         5125    i.__mathlib_dbl_divzero  m_wm.l(dunder.o)
    0x08009cd8   0x08009cd8   0x00000014   Code   RO         5126    i.__mathlib_dbl_infnan  m_wm.l(dunder.o)
    0x08009cec   0x08009cec   0x00000014   Code   RO         5127    i.__mathlib_dbl_infnan2  m_wm.l(dunder.o)
    0x08009d00   0x08009d00   0x00000020   Code   RO         5128    i.__mathlib_dbl_invalid  m_wm.l(dunder.o)
    0x08009d20   0x08009d20   0x00000020   Code   RO         5129    i.__mathlib_dbl_overflow  m_wm.l(dunder.o)
    0x08009d40   0x08009d40   0x00000020   Code   RO         5131    i.__mathlib_dbl_underflow  m_wm.l(dunder.o)
    0x08009d60   0x08009d60   0x00000006   Code   RO         5144    i.__mathlib_flt_infnan  m_wm.l(funder.o)
    0x08009d66   0x08009d66   0x00000002   PAD
    0x08009d68   0x08009d68   0x00000010   Code   RO         5146    i.__mathlib_flt_invalid  m_wm.l(funder.o)
    0x08009d78   0x08009d78   0x00000010   Code   RO         5149    i.__mathlib_flt_underflow  m_wm.l(funder.o)
    0x08009d88   0x08009d88   0x00000154   Code   RO         5165    i.__mathlib_rredf2  m_wm.l(rredf.o)
    0x08009edc   0x08009edc   0x00000360   Code   RO           48    i.__sti___8_main_cpp_3a8c9cbf  main.o
    0x0800a23c   0x0800a23c   0x00000004   Code   RO          722    i._sys_exit         retarget.o
    0x0800a240   0x0800a240   0x0000000a   Code   RO          724    i.assert_failed     retarget.o
    0x0800a24a   0x0800a24a   0x00000010   Code   RO         5110    i.atan              m_wm.l(atan.o)
    0x0800a25a   0x0800a25a   0x00000018   Code   RO         4958    i.fabs              m_wm.l(fabs.o)
    0x0800a272   0x0800a272   0x00000002   PAD
    0x0800a274   0x0800a274   0x0000040c   Code   RO           49    i.main              main.o
    0x0800a680   0x0800a680   0x0000006e   Code   RO         5008    i.sqrt              m_wm.l(sqrt.o)
    0x0800a6ee   0x0800a6ee   0x00000018   Code   RO         4858    x$fpl$basic         fz_wm.l(basic.o)
    0x0800a706   0x0800a706   0x00000002   PAD
    0x0800a708   0x0800a708   0x00000062   Code   RO         4860    x$fpl$d2f           fz_wm.l(d2f.o)
    0x0800a76a   0x0800a76a   0x00000002   PAD
    0x0800a76c   0x0800a76c   0x00000150   Code   RO         4862    x$fpl$dadd          fz_wm.l(daddsub_clz.o)
    0x0800a8bc   0x0800a8bc   0x00000010   Code   RO         5215    x$fpl$dcheck1       fz_wm.l(dcheck1.o)
    0x0800a8cc   0x0800a8cc   0x00000018   Code   RO         5093    x$fpl$dcmpinf       fz_wm.l(dcmpi.o)
    0x0800a8e4   0x0800a8e4   0x000002b0   Code   RO         4869    x$fpl$ddiv          fz_wm.l(ddiv.o)
    0x0800ab94   0x0800ab94   0x00000078   Code   RO         4872    x$fpl$deqf          fz_wm.l(deqf.o)
    0x0800ac0c   0x0800ac0c   0x0000005e   Code   RO         4874    x$fpl$dfix          fz_wm.l(dfix.o)
    0x0800ac6a   0x0800ac6a   0x00000002   PAD
    0x0800ac6c   0x0800ac6c   0x0000005a   Code   RO         4878    x$fpl$dfixu         fz_wm.l(dfixu.o)
    0x0800acc6   0x0800acc6   0x0000002e   Code   RO         4883    x$fpl$dflt          fz_wm.l(dflt_clz.o)
    0x0800acf4   0x0800acf4   0x000000a2   Code   RO         4888    x$fpl$dfltll        fz_wm.l(dfltll_clz.o)
    0x0800ad96   0x0800ad96   0x00000026   Code   RO         4882    x$fpl$dfltu         fz_wm.l(dflt_clz.o)
    0x0800adbc   0x0800adbc   0x00000078   Code   RO         4892    x$fpl$dleqf         fz_wm.l(dleqf.o)
    0x0800ae34   0x0800ae34   0x00000154   Code   RO         4894    x$fpl$dmul          fz_wm.l(dmul.o)
    0x0800af88   0x0800af88   0x0000009c   Code   RO         5095    x$fpl$dnaninf       fz_wm.l(dnaninf.o)
    0x0800b024   0x0800b024   0x0000000c   Code   RO         5097    x$fpl$dretinf       fz_wm.l(dretinf.o)
    0x0800b030   0x0800b030   0x0000006c   Code   RO         4896    x$fpl$drleqf        fz_wm.l(drleqf.o)
    0x0800b09c   0x0800b09c   0x00000016   Code   RO         4863    x$fpl$drsb          fz_wm.l(daddsub_clz.o)
    0x0800b0b2   0x0800b0b2   0x00000002   PAD
    0x0800b0b4   0x0800b0b4   0x00000198   Code   RO         5099    x$fpl$dsqrt         fz_wm.l(dsqrt_umaal.o)
    0x0800b24c   0x0800b24c   0x000001d4   Code   RO         4864    x$fpl$dsub          fz_wm.l(daddsub_clz.o)
    0x0800b420   0x0800b420   0x00000056   Code   RO         4898    x$fpl$f2d           fz_wm.l(f2d.o)
    0x0800b476   0x0800b476   0x0000008c   Code   RO         5101    x$fpl$fnaninf       fz_wm.l(fnaninf.o)
    0x0800b502   0x0800b502   0x0000000a   Code   RO         5217    x$fpl$fpinit        fz_wm.l(fpinit.o)
    0x0800b50c   0x0800b50c   0x0000000a   Code   RO         5103    x$fpl$fretinf       fz_wm.l(fretinf.o)
    0x0800b516   0x0800b516   0x00000064   Code   RO         5302    x$fpl$retnan        fz_wm.l(retnan.o)
    0x0800b57a   0x0800b57a   0x0000005c   Code   RO         5105    x$fpl$scalbn        fz_wm.l(scalbn.o)
    0x0800b5d6   0x0800b5d6   0x00000030   Code   RO         5351    x$fpl$trapveneer    fz_wm.l(trapv.o)
    0x0800b606   0x0800b606   0x00000000   Code   RO         5107    x$fpl$usenofp       fz_wm.l(usenofp.o)
    0x0800b606   0x0800b606   0x0000003d   Data   RO          737    .constdata          retarget.o
    0x0800b643   0x0800b643   0x00000001   PAD
    0x0800b644   0x0800b644   0x00000080   Data   RO         2213    .constdata          tssp.o
    0x0800b6c4   0x0800b6c4   0x00000004   PAD
    0x0800b6c8   0x0800b6c8   0x00000050   Data   RO         4903    .constdata          m_wm.l(asin.o)
    0x0800b718   0x0800b718   0x00000088   Data   RO         4971    .constdata          m_wm.l(pow.o)
    0x0800b7a0   0x0800b7a0   0x00000098   Data   RO         5111    .constdata          m_wm.l(atan.o)
    0x0800b838   0x0800b838   0x00000030   Data   RO         5123    .constdata          m_wm.l(cos_i.o)
    0x0800b868   0x0800b868   0x00000008   Data   RO         5159    .constdata          m_wm.l(qnan.o)
    0x0800b870   0x0800b870   0x000000c8   Data   RO         5162    .constdata          m_wm.l(rred.o)
    0x0800b938   0x0800b938   0x00000020   Data   RO         5166    .constdata          m_wm.l(rredf.o)
    0x0800b958   0x0800b958   0x00000028   Data   RO         5169    .constdata          m_wm.l(sin_i.o)
    0x0800b980   0x0800b980   0x00000060   Data   RO         5175    .constdata          m_wm.l(tan_i.o)
    0x0800b9e0   0x0800b9e0   0x00000010   Data   RO         4697    .constdata__ZTV7SSD1306  ssd1306.o
    0x0800b9f0   0x0800b9f0   0x00000020   Data   RO         5424    Region$$Table       anon$$obj.o
    0x0800ba10   0x0800ba10   0x00000004   Data   RO           98    .init_array         main.o
    0x0800ba14   0x0800ba10   0x00000000   Data   RO         4747    .init_array         c_w.l(init_aeabi.o)


    Execution Region RW_IRAM1 (Exec base: 0x20000000, Load base: 0x0800ba14, Size: 0x00003028, Max: 0x00020000, ABSOLUTE, COMPRESSED[0x000001bc])

    Exec Addr    Load Addr    Size         Type   Attr      Idx    E Section Name        Object

    0x20000000   COMPRESSED   0x0000011f   Data   RW           97    .data               main.o
    0x2000011f   COMPRESSED   0x00000001   PAD
    0x20000120   COMPRESSED   0x00000004   Data   RW          580    .data               system_stm32f4xx.o
    0x20000124   COMPRESSED   0x00000004   Data   RW          971    .data               time_service.o
    0x20000128   COMPRESSED   0x0000001a   Data   RW         1049    .data               uart2.o
    0x20000142   COMPRESSED   0x0000000a   Data   RW         1111    .data               usart3.o
    0x2000014c   COMPRESSED   0x0000000a   Data   RW         1166    .data               usart6.o
    0x20000156   COMPRESSED   0x00000007   Data   RW         2015    .data               spi_dot.o
    0x2000015d   COMPRESSED   0x00000001   PAD
    0x2000015e   COMPRESSED   0x00000007   Data   RW         2060    .data               spi3_dot.o
    0x20000165   COMPRESSED   0x00000010   Data   RW         3222    .data               stm32f4xx_rcc.o
    0x20000175   COMPRESSED   0x00000400   Data   RW         4614    .data               ssd1306.o
    0x20000575   COMPRESSED   0x00000008   Data   RW         4705    .data__ZZN7SSD130621drawFastVLineInternalEssstE7premask  ssd1306.o
    0x2000057d   COMPRESSED   0x00000008   Data   RW         4706    .data__ZZN7SSD130621drawFastVLineInternalEssstE8postmask  ssd1306.o
    0x20000585   COMPRESSED   0x00000003   PAD
    0x20000588        -       0x00000b10   Zero   RW           96    .bss                main.o
    0x20001098        -       0x00000020   Zero   RW         1110    .bss                usart3.o
    0x200010b8        -       0x00000020   Zero   RW         1165    .bss                usart6.o
    0x200010d8        -       0x00000060   Zero   RW         5220    .bss                c_w.l(libspace.o)
    0x20001138        -       0x00000f00   Zero   RW          567    HEAP                startup_stm32f407xx.o
    0x20002038        -       0x00000ff0   Zero   RW          566    STACK               startup_stm32f407xx.o


==============================================================================

Image component sizes


      Code (inc. data)   RO Data    RW Data    ZI Data      Debug   Object Name

      5052        762          4        287       2832     315166   main.o
         0          0          0          0          0      15392   misc.o
      1028        106          0          0          0       3312   motor.o
      1798         42          0          0          0       4508   motors.o
      7298        152          0          0          0      13900   mpu9250_spi.o
      2092         34          0          0          0      14412   openmv.o
      2048        132          0          0          0       9144   pin_setup.o
        14          0         61          0          0       3140   retarget.o
       374         40          0          7          0       3056   spi3_dot.o
       324         26          0          7          0       1891   spi_dot.o
      1298         26         16       1040          0      10400   ssd1306.o
        64         26        392          0       7920        832   startup_stm32f407xx.o
      1216        304          0          0          0      10479   stm32f4xx_gpio.o
       564        140          0         16          0      20199   stm32f4xx_rcc.o
      3252        744          0          0          0      29111   stm32f4xx_tim.o
      1376        292          0          0          0      10060   stm32f4xx_usart.o
       376         26          0          4          0     243251   system_stm32f4xx.o
       174         24          0          4          0      32885   time_service.o
        68          0          0          0          0       1143   tools.o
      1144         48        128          0          0       5992   tssp.o
       532         80          0         26          0      36627   uart2.o
       176         28          0         10         32       1292   usart3.o
       656         94          0         10         32       3540   usart6.o

    ----------------------------------------------------------------------
     30954       3126        638       1416      10816     789732   Object Totals
         0          0         32          0          0          0   (incl. Generated)
        30          0          5          5          0          0   (incl. Padding)

    ----------------------------------------------------------------------

      Code (inc. data)   RO Data    RW Data    ZI Data      Debug   Library Member Name

        90          0          0          0          0          0   __dczerorl2.o
         8          0          0          0          0         68   __main.o
         0          0          0          0          0          0   __rtentry.o
        12          0          0          0          0          0   __rtentry2.o
         6          0          0          0          0          0   __rtentry4.o
        52          8          0          0          0          0   __scatter.o
        28          0          0          0          0          0   __scatter_zi.o
        22          0          0          0          0        100   _rserrno.o
        18          0          0          0          0         80   exit.o
         6          0          0          0          0        152   heapauxi.o
        36         10          0          0          0         80   init_aeabi.o
         2          0          0          0          0          0   libinit.o
        10          0          0          0          0          0   libinit2.o
         2          0          0          0          0          0   libshutdown.o
         2          0          0          0          0          0   libshutdown2.o
         8          4          0          0         96         68   libspace.o
         8          4          0          0          0         68   rt_errno_addr_intlibspace.o
       100          0          0          0          0         80   rt_memcpy_w.o
         2          0          0          0          0          0   rtexit.o
        10          0          0          0          0          0   rtexit2.o
        74          0          0          0          0         80   sys_stackheap_outer.o
         2          0          0          0          0         68   use_no_semi.o
        24          0          0          0          0        164   basic.o
        98          4          0          0          0        140   d2f.o
       826         16          0          0          0        492   daddsub_clz.o
        16          4          0          0          0        116   dcheck1.o
        24          0          0          0          0        116   dcmpi.o
       688        140          0          0          0        256   ddiv.o
       120          4          0          0          0        140   deqf.o
        94          4          0          0          0        140   dfix.o
        90          4          0          0          0        140   dfixu.o
        84          0          0          0          0        232   dflt_clz.o
       162          0          0          0          0        132   dfltll_clz.o
       120          4          0          0          0        140   dleqf.o
       340         12          0          0          0        152   dmul.o
       156          4          0          0          0        140   dnaninf.o
        12          0          0          0          0        116   dretinf.o
       108          0          0          0          0        128   drleqf.o
       408         56          0          0          0        168   dsqrt_umaal.o
        86          4          0          0          0        132   f2d.o
       140          4          0          0          0        132   fnaninf.o
        10          0          0          0          0        116   fpinit.o
        10          0          0          0          0        116   fretinf.o
       100          0          0          0          0        116   retnan.o
        92          0          0          0          0        116   scalbn.o
        48          0          0          0          0        116   trapv.o
         0          0          0          0          0          0   usenofp.o
       864         94         80          0          0        280   asin.o
       744        106        152          0          0        352   atan.o
       512         64          0          0          0        208   atan2.o
       280         28          0          0          0        156   ceil.o
       200         20          0          0          0        164   cos.o
       368         46         48          0          0        200   cos_i.o
       336         56          0          0          0        136   cosf.o
       184         44          0          0          0        744   dunder.o
        44          0          0          0          0        248   fabs.o
       280         28          0          0          0        156   floor.o
        48          0          0          0          0        124   fpclassify.o
        38          0          0          0          0        116   fpclassifyf.o
        38         12          0          0          0        348   funder.o
       248          0          0          0          0        152   poly.o
      3152        296        136          0          0        352   pow.o
         0          0          8          0          0          0   qnan.o
      1080        142        200          0          0        188   rred.o
       340         24         32          0          0        160   rredf.o
       200         20          0          0          0        164   sin.o
       304         24         40          0          0        208   sin_i.o
       400         56          0          0          0        212   sinf.o
       232          0          0          0          0        296   sqrt.o
       128         20          0          0          0        144   tan.o
       848         84         96          0          0        196   tan_i.o

    ----------------------------------------------------------------------
     15252       1450        792          0         96       9904   Library Totals
        30          0          0          0          0          0   (incl. Padding)

    ----------------------------------------------------------------------

      Code (inc. data)   RO Data    RW Data    ZI Data      Debug   Library Name

       498         26          0          0         96        844   c_w.l
      3856        260          0          0          0       3756   fz_wm.l
     10868       1164        792          0          0       5304   m_wm.l

    ----------------------------------------------------------------------
     15252       1450        792          0         96       9904   Library Totals

    ----------------------------------------------------------------------

==============================================================================


      Code (inc. data)   RO Data    RW Data    ZI Data      Debug   

     46206       4576       1430       1416      10912     779424   Grand Totals
     46206       4576       1430        444      10912     779424   ELF Image Totals (compressed)
     46206       4576       1430        444          0          0   ROM Totals

==============================================================================

    Total RO  Size (Code + RO Data)                47636 (  46.52kB)
    Total RW  Size (RW Data + ZI Data)             12328 (  12.04kB)
    Total ROM Size (Code + RO Data + RW Data)      48080 (  46.95kB)

==============================================================================

