Component: ARM Compiler 5.06 update 7 (build 960) Tool: armlink [4d3601]

==============================================================================

Section Cross References

    main.o(i._Z10fractionaltddd) refers to dflt_clz.o(x$fpl$dfltu) for __aeabi_ui2d
    main.o(i._Z10fractionaltddd) refers to main.o(i._Z12convert_datadd) for convert_data(double, double)
    main.o(i._Z10fractionaltddd) refers to dfixu.o(x$fpl$dfixu) for __aeabi_d2uiz
    main.o(i._Z10fractionaltddd) refers to pow.o(i.__hardfp_pow) for __hardfp_pow
    main.o(i._Z10fractionaltddd) refers to dmul.o(x$fpl$dmul) for __aeabi_dmul
    main.o(i._Z12convert_datadd) refers to daddsub_clz.o(x$fpl$drsb) for __aeabi_drsub
    main.o(i._Z12convert_datadd) refers to ddiv.o(x$fpl$ddiv) for __aeabi_ddiv
    main.o(i._Z12convert_datadd) refers to daddsub_clz.o(x$fpl$dadd) for __aeabi_dadd
    main.o(i._Z12convert_datadd) refers to dfixu.o(x$fpl$dfixu) for __aeabi_d2uiz
    main.o(i._Z12convert_datadd) refers to dflt_clz.o(x$fpl$dfltu) for __aeabi_ui2d
    main.o(i._Z12convert_datadd) refers to drleqf.o(x$fpl$drleqf) for __aeabi_cdrcmple
    main.o(i._Z12convert_datadd) refers to dleqf.o(x$fpl$dleqf) for __aeabi_cdcmple
    main.o(i._Z12convert_distdd) refers to daddsub_clz.o(x$fpl$drsb) for __aeabi_drsub
    main.o(i._Z12convert_distdd) refers to ddiv.o(x$fpl$ddiv) for __aeabi_ddiv
    main.o(i._Z12convert_distdd) refers to daddsub_clz.o(x$fpl$dadd) for __aeabi_dadd
    main.o(i._Z12convert_distdd) refers to drleqf.o(x$fpl$drleqf) for __aeabi_cdrcmple
    main.o(i._Z12convert_distdd) refers to dleqf.o(x$fpl$dleqf) for __aeabi_cdcmple
    main.o(i._Z12convert_distdd) refers to main.o(.data) for _data
    main.o(i._Z14sum_of_vectorsstst) refers to dflt_clz.o(x$fpl$dflt) for __aeabi_i2d
    main.o(i._Z14sum_of_vectorsstst) refers to dmul.o(x$fpl$dmul) for __aeabi_dmul
    main.o(i._Z14sum_of_vectorsstst) refers to sin.o(i.__hardfp_sin) for __hardfp_sin
    main.o(i._Z14sum_of_vectorsstst) refers to dflt_clz.o(x$fpl$dfltu) for __aeabi_ui2d
    main.o(i._Z14sum_of_vectorsstst) refers to dfix.o(x$fpl$dfix) for __aeabi_d2iz
    main.o(i._Z14sum_of_vectorsstst) refers to cos.o(i.__hardfp_cos) for __hardfp_cos
    main.o(i._Z14sum_of_vectorsstst) refers to atan2.o(i.__hardfp_atan2) for __hardfp_atan2
    main.o(i._Z14sum_of_vectorsstst) refers to pow.o(i.__hardfp_pow) for __hardfp_pow
    main.o(i._Z14sum_of_vectorsstst) refers to daddsub_clz.o(x$fpl$dadd) for __aeabi_dadd
    main.o(i._Z14sum_of_vectorsstst) refers to sqrt.o(i.__hardfp_sqrt) for __hardfp_sqrt
    main.o(i._Z14sum_of_vectorsstst) refers to main.o(.data) for x1
    main.o(i._Z18exponential_detourdddddd) refers to main.o(i._ZSt3absd) for std::abs(double)
    main.o(i._Z18exponential_detourdddddd) refers to dmul.o(x$fpl$dmul) for __aeabi_dmul
    main.o(i._Z18exponential_detourdddddd) refers to pow.o(i.__hardfp_pow) for __hardfp_pow
    main.o(i._Z18exponential_detourdddddd) refers to drleqf.o(x$fpl$drleqf) for __aeabi_cdrcmple
    main.o(i._Z18exponential_detourdddddd) refers to main.o(i._Z12convert_distdd) for convert_dist(double, double)
    main.o(i._Z18exponential_detourdddddd) refers to basic.o(x$fpl$basic) for __aeabi_dneg
    main.o(i._Z18exponential_detourdddddd) refers to dfix.o(x$fpl$dfix) for __aeabi_d2iz
    main.o(i._Z18exponential_detourdddddd) refers to main.o(.data) for angK
    main.o(i._Z18get_angle_to_pointssss) refers to dflt_clz.o(x$fpl$dflt) for __aeabi_i2d
    main.o(i._Z18get_angle_to_pointssss) refers to atan2.o(i.__hardfp_atan2) for __hardfp_atan2
    main.o(i._Z18get_angle_to_pointssss) refers to dmul.o(x$fpl$dmul) for __aeabi_dmul
    main.o(i._Z18get_angle_to_pointssss) refers to dfix.o(x$fpl$dfix) for __aeabi_d2iz
    main.o(i._Z18get_angle_to_pointssss) refers to main.o(.data) for _x_result
    main.o(i._Z21get_distance_to_pointssss) refers to dflt_clz.o(x$fpl$dflt) for __aeabi_i2d
    main.o(i._Z21get_distance_to_pointssss) refers to main.o(i._ZSt3powdi) for std::pow(double, int)
    main.o(i._Z21get_distance_to_pointssss) refers to daddsub_clz.o(x$fpl$dadd) for __aeabi_dadd
    main.o(i._Z21get_distance_to_pointssss) refers to sqrt.o(i.__hardfp_sqrt) for __hardfp_sqrt
    main.o(i._Z21get_distance_to_pointssss) refers to dfixu.o(x$fpl$dfixu) for __aeabi_d2uiz
    main.o(i._Z21get_distance_to_pointssss) refers to main.o(.data) for _x_result
    main.o(i._Z27get_len_from_sum_of_vectorsv) refers to main.o(.data) for len_result
    main.o(i._Z29calculate_angle_near_side_outssdss) refers to ddiv.o(x$fpl$ddiv) for __aeabi_ddiv
    main.o(i._Z29calculate_angle_near_side_outssdss) refers to dflt_clz.o(x$fpl$dflt) for __aeabi_i2d
    main.o(i._Z29calculate_angle_near_side_outssdss) refers to sin.o(i.__hardfp_sin) for __hardfp_sin
    main.o(i._Z29calculate_angle_near_side_outssdss) refers to dmul.o(x$fpl$dmul) for __aeabi_dmul
    main.o(i._Z29calculate_angle_near_side_outssdss) refers to dfix.o(x$fpl$dfix) for __aeabi_d2iz
[...]
    __rt_lib_init_lc_monetary_1              0x08000243   Thumb Code     0  libinit2.o(.ARM.Collect$$libinit$$00000015)
    __rt_lib_init_lc_numeric_1               0x08000243   Thumb Code     0  libinit2.o(.ARM.Collect$$libinit$$00000017)
    __rt_lib_init_lc_time_1                  0x08000243   Thumb Code     0  libinit2.o(.ARM.Collect$$libinit$$00000019)
    __rt_lib_init_preinit_1                  0x08000243   Thumb Code     0  libinit2.o(.ARM.Collect$$libinit$$00000004)
    __rt_lib_init_rand_1                     0x08000243   Thumb Code     0  libinit2.o(.ARM.Collect$$libinit$$0000000E)
    __rt_lib_init_signal_1                   0x08000243   Thumb Code     0  libinit2.o(.ARM.Collect$$libinit$$0000001D)
    __rt_lib_init_stdio_1                    0x08000243   Thumb Code     0  libinit2.o(.ARM.Collect$$libinit$$00000025)
    __rt_lib_init_user_alloc_1               0x08000243   Thumb Code     0  libinit2.o(.ARM.Collect$$libinit$$0000000C)
    __rt_lib_init_cpp_1                      0x08000247   Thumb Code     0  libinit2.o(.ARM.Collect$$libinit$$00000032)
    __rt_lib_init_return                     0x08000247   Thumb Code     0  libinit2.o(.ARM.Collect$$libinit$$00000033)
    __rt_lib_shutdown                        0x08000249   Thumb Code     0  libshutdown.o(.ARM.Collect$$libshutdown$$00000000)
    __rt_lib_shutdown_cpp_1                  0x0800024b   Thumb Code     0  libshutdown2.o(.ARM.Collect$$libshutdown$$00000004)
    __rt_lib_shutdown_fini_1                 0x0800024b   Thumb Code     0  libshutdown2.o(.ARM.Collect$$libshutdown$$00000002)
    __rt_lib_shutdown_fp_trap_1              0x0800024b   Thumb Code     0  libshutdown2.o(.ARM.Collect$$libshutdown$$00000009)
    __rt_lib_shutdown_heap_1                 0x0800024b   Thumb Code     0  libshutdown2.o(.ARM.Collect$$libshutdown$$00000011)
    __rt_lib_shutdown_return                 0x0800024b   Thumb Code     0  libshutdown2.o(.ARM.Collect$$libshutdown$$00000012)
    __rt_lib_shutdown_signal_1               0x0800024b   Thumb Code     0  libshutdown2.o(.ARM.Collect$$libshutdown$$0000000C)
    __rt_lib_shutdown_stdio_1                0x0800024b   Thumb Code     0  libshutdown2.o(.ARM.Collect$$libshutdown$$00000006)
    __rt_lib_shutdown_user_alloc_1           0x0800024b   Thumb Code     0  libshutdown2.o(.ARM.Collect$$libshutdown$$0000000E)
    __rt_entry                               0x0800024d   Thumb Code     0  __rtentry.o(.ARM.Collect$$rtentry$$00000000)
    __rt_entry_presh_1                       0x0800024d   Thumb Code     0  __rtentry2.o(.ARM.Collect$$rtentry$$00000002)
    __rt_entry_sh                            0x0800024d   Thumb Code     0  __rtentry4.o(.ARM.Collect$$rtentry$$00000004)
    __rt_entry_li                            0x08000253   Thumb Code     0  __rtentry2.o(.ARM.Collect$$rtentry$$0000000A)
    __rt_entry_postsh_1                      0x08000253   Thumb Code     0  __rtentry2.o(.ARM.Collect$$rtentry$$00000009)
    __rt_entry_main                          0x08000257   Thumb Code     0  __rtentry2.o(.ARM.Collect$$rtentry$$0000000D)
    __rt_entry_postli_1                      0x08000257   Thumb Code     0  __rtentry2.o(.ARM.Collect$$rtentry$$0000000C)
    __rt_exit                                0x0800025f   Thumb Code     0  rtexit.o(.ARM.Collect$$rtexit$$00000000)
    __rt_exit_ls                             0x08000261   Thumb Code     0  rtexit2.o(.ARM.Collect$$rtexit$$00000003)
    __rt_exit_prels_1                        0x08000261   Thumb Code     0  rtexit2.o(.ARM.Collect$$rtexit$$00000002)
    __rt_exit_exit                           0x08000265   Thumb Code     0  rtexit2.o(.ARM.Collect$$rtexit$$00000004)
    Reset_Handler                            0x0800026d   Thumb Code     8  startup_stm32f407xx.o(.text)
    NMI_Handler                              0x08000275   Thumb Code     2  startup_stm32f407xx.o(.text)
    HardFault_Handler                        0x08000277   Thumb Code     2  startup_stm32f407xx.o(.text)
    MemManage_Handler                        0x08000279   Thumb Code     2  startup_stm32f407xx.o(.text)
    BusFault_Handler                         0x0800027b   Thumb Code     2  startup_stm32f407xx.o(.text)
    UsageFault_Handler                       0x0800027d   Thumb Code     2  startup_stm32f407xx.o(.text)
    SVC_Handler                              0x0800027f   Thumb Code     2  startup_stm32f407xx.o(.text)
    DebugMon_Handler                         0x08000281   Thumb Code     2  startup_stm32f407xx.o(.text)
    PendSV_Handler                           0x08000283   Thumb Code     2  startup_stm32f407xx.o(.text)
    ADC_IRQHandler                           0x08000287   Thumb Code     0  startup_stm32f407xx.o(.text)
    CAN1_RX0_IRQHandler                      0x08000287   Thumb Code     0  startup_stm32f407xx.o(.text)
    CAN1_RX1_IRQHandler                      0x08000287   Thumb Code     0  startup_stm32f407xx.o(.text)
    CAN1_SCE_IRQHandler                      0x08000287   Thumb Code     0  startup_stm32f407xx.o(.text)
    CAN1_TX_IRQHandler                       0x08000287   Thumb Code     0  startup_stm32f407xx.o(.text)
    CAN2_RX0_IRQHandler                      0x08000287   Thumb Code     0  startup_stm32f407xx.o(.text)
    CAN2_RX1_IRQHandler                      0x08000287   Thumb Code     0  startup_stm32f407xx.o(.text)
    CAN2_SCE_IRQHandler                      0x08000287   Thumb Code     0  startup_stm32f407xx.o(.text)
    CAN2_TX_IRQHandler                       0x08000287   Thumb Code     0  startup_stm32f407xx.o(.text)
    DCMI_IRQHandler                          0x08000287   Thumb Code     0  startup_stm32f407xx.o(.text)
    DMA1_Stream0_IRQHandler                  0x08000287   Thumb Code     0  startup_stm32f407xx.o(.text)
    DMA1_Stream1_IRQHandler                  0x08000287   Thumb Code     0  startup_stm32f407xx.o(.text)
    DMA1_Stream2_IRQHandler                  0x08000287   Thumb Code     0  startup_stm32f407xx.o(.text)
    DMA1_Stream3_IRQHandler                  0x08000287   Thumb Code     0  startup_stm32f407xx.o(.text)
    DMA1_Stream4_IRQHandler                  0x08000287   Thumb Code     0  startup_stm32f407xx.o(.text)
    DMA1_Stream5_IRQHandler                  0x08000287   Thumb Code     0  startup_stm32f407xx.o(.text)
    DMA1_Stream6_IRQHandler                  0x08000287   Thumb Code     0  startup_stm32f407xx.o(.text)
    DMA1_Stream7_IRQHandler                  0x08000287   Thumb Code     0  startup_stm32f407xx.o(.text)
    DMA2_Stream0_IRQHandler                  0x08000287   Thumb Code     0  startup_stm32f407xx.o(.text)
    DMA2_Stream1_IRQHandler                  0x08000287   Thumb Code     0  startup_stm32f407xx.o(.text)
    DMA2_Stream2_IRQHandler                  0x08000287   Thumb Code     0  startup_stm32f407xx.o(.text)
    DMA2_Stream3_IRQHandler                  0x08000287   Thumb Code     0  startup_stm32f407xx.o(.text)
    DMA2_Stream4_IRQHandler                  0x08000287   Thumb Code     0  startup_stm32f407xx.o(.text)
    DMA2_Stream5_IRQHandler                  0x08000287   Thumb Code     0  startup_stm32f407xx.o(.text)
    DMA2_Stream6_IRQHandler                  0x08000287   Thumb Code     0  startup_stm32f407xx.o(.text)
    DMA2_Stream7_IRQHandler                  0x08000287   Thumb Code     0  startup_stm32f407xx.o(.text)
    ETH_IRQHandler                           0x08000287   Thumb Code     0  startup_stm32f407xx.o(.text)
    ETH_WKUP_IRQHandler                      0x08000287   Thumb Code     0  startup_stm32f407xx.o(.text)
    EXTI0_IRQHandler                         0x08000287   Thumb Code     0  startup_stm32f407xx.o(.text)
    EXTI15_10_IRQHandler                     0x08000287   Thumb Code     0  startup_stm32f407xx.o(.text)
    EXTI1_IRQHandler                         0x08000287   Thumb Code     0  startup_stm32f407xx.o(.text)
    EXTI2_IRQHandler                         0x08000287   Thumb Code     0  startup_stm32f407xx.o(.text)
    EXTI3_IRQHandler                         0x08000287   Thumb Code     0  startup_stm32f407xx.o(.text)
    EXTI4_IRQHandler                         0x08000287   Thumb Code     0  startup_stm32f407xx.o(.text)
    EXTI9_5_IRQHandler                       0x08000287   Thumb Code     0  startup_stm32f407xx.o(.text)
    FLASH_IRQHandler                         0x08000287   Thumb Code     0  startup_stm32f407xx.o(.text)
    FMC_IRQHandler                           0x08000287   Thumb Code     0  startup_stm32f407xx.o(.text)
    FPU_IRQHandler                           0x08000287   Thumb Code     0  startup_stm32f407xx.o(.text)
    HASH_RNG_IRQHandler                      0x08000287   Thumb Code     0  startup_stm32f407xx.o(.text)
    I2C1_ER_IRQHandler                       0x08000287   Thumb Code     0  startup_stm32f407xx.o(.text)
    I2C1_EV_IRQHandler                       0x08000287   Thumb Code     0  startup_stm32f407xx.o(.text)
    I2C2_ER_IRQHandler                       0x08000287   Thumb Code     0  startup_stm32f407xx.o(.text)
    I2C2_EV_IRQHandler                       0x08000287   Thumb Code     0  startup_stm32f407xx.o(.text)
    I2C3_ER_IRQHandler                       0x08000287   Thumb Code     0  startup_stm32f407xx.o(.text)
    I2C3_EV_IRQHandler                       0x08000287   Thumb Code     0  startup_stm32f407xx.o(.text)
    OTG_FS_IRQHandler                        0x08000287   Thumb Code     0  startup_stm32f407xx.o(.text)
    OTG_FS_WKUP_IRQHandler                   0x08000287   Thumb Code     0  startup_stm32f407xx.o(.text)
    OTG_HS_EP1_IN_IRQHandler                 0x08000287   Thumb Code     0  startup_stm32f407xx.o(.text)
    OTG_HS_EP1_OUT_IRQHandler                0x08000287   Thumb Code     0  startup_stm32f407xx.o(.text)
    OTG_HS_IRQHandler                        0x08000287   Thumb Code     0  startup_stm32f407xx.o(.text)
    OTG_HS_WKUP_IRQHandler                   0x08000287   Thumb Code     0  startup_stm32f407xx.o(.text)
    PVD_IRQHandler                           0x08000287   Thumb Code     0  startup_stm32f407xx.o(.text)
    RCC_IRQHandler                           0x08000287   Thumb Code     0  startup_stm32f407xx.o(.text)
    RTC_Alarm_IRQHandler                     0x08000287   Thumb Code     0  startup_stm32f407xx.o(.text)
    RTC_WKUP_IRQHandler                      0x08000287   Thumb Code     0  startup_stm32f407xx.o(.text)
    SDIO_IRQHandler                          0x08000287   Thumb Code     0  startup_stm32f407xx.o(.text)
    TAMP_STAMP_IRQHandler                    0x08000287   Thumb Code     0  startup_stm32f407xx.o(.text)
    TIM1_BRK_TIM9_IRQHandler                 0x08000287   Thumb Code     0  startup_stm32f407xx.o(.text)
    TIM1_CC_IRQHandler                       0x08000287   Thumb Code     0  startup_stm32f407xx.o(.text)
    TIM1_TRG_COM_TIM11_IRQHandler            0x08000287   Thumb Code     0  startup_stm32f407xx.o(.text)
    TIM1_UP_TIM10_IRQHandler                 0x08000287   Thumb Code     0  startup_stm32f407xx.o(.text)
    TIM2_IRQHandler                          0x08000287   Thumb Code     0  startup_stm32f407xx.o(.text)
    TIM3_IRQHandler                          0x08000287   Thumb Code     0  startup_stm32f407xx.o(.text)
    TIM4_IRQHandler                          0x08000287   Thumb Code     0  startup_stm32f407xx.o(.text)
    TIM5_IRQHandler                          0x08000287   Thumb Code     0  startup_stm32f407xx.o(.text)
    TIM6_DAC_IRQHandler                      0x08000287   Thumb Code     0  startup_stm32f407xx.o(.text)
    TIM7_IRQHandler                          0x08000287   Thumb Code     0  startup_stm32f407xx.o(.text)
    TIM8_BRK_TIM12_IRQHandler                0x08000287   Thumb Code     0  startup_stm32f407xx.o(.text)
    TIM8_CC_IRQHandler                       0x08000287   Thumb Code     0  startup_stm32f407xx.o(.text)
    TIM8_TRG_COM_TIM14_IRQHandler            0x08000287   Thumb Code     0  startup_stm32f407xx.o(.text)
    TIM8_UP_TIM13_IRQHandler                 0x08000287   Thumb Code     0  startup_stm32f407xx.o(.text)
    UART4_IRQHandler                         0x08000287   Thumb Code     0  startup_stm32f407xx.o(.text)
    UART5_IRQHandler                         0x08000287   Thumb Code     0  startup_stm32f407xx.o(.text)
    USART1_IRQHandler                        0x08000287   Thumb Code     0  startup_stm32f407xx.o(.text)
    WWDG_IRQHandler                          0x08000287   Thumb Code     0  startup_stm32f407xx.o(.text)
    __user_initial_stackheap                 0x08000289   Thumb Code     0  startup_stm32f407xx.o(.text)
    __semihosting$guard                      0x080002ad   Thumb Code     0  use_no_semi.o(.text)
    __use_no_semihosting_swi                 0x080002ad   Thumb Code     2  use_no_semi.o(.text)
    __aeabi_memcpy4                          0x080002af   Thumb Code     0  rt_memcpy_w.o(.text)
    __aeabi_memcpy8                          0x080002af   Thumb Code     0  rt_memcpy_w.o(.text)
    __rt_memcpy_w                            0x080002af   Thumb Code   100  rt_memcpy_w.o(.text)
    _memcpy_lastbytes_aligned                0x080002f7   Thumb Code     0  rt_memcpy_w.o(.text)
    __use_two_region_memory                  0x08000313   Thumb Code     2  heapauxi.o(.text)
    __rt_heap_escrow$2region                 0x08000315   Thumb Code     2  heapauxi.o(.text)
    __rt_heap_expand$2region                 0x08000317   Thumb Code     2  heapauxi.o(.text)
    __cpp_initialize__aeabi_                 0x08000319   Thumb Code    26  init_aeabi.o(.text)
    __read_errno                             0x0800033d   Thumb Code    10  _rserrno.o(.text)
    __set_errno                              0x08000347   Thumb Code    12  _rserrno.o(.text)
    __aeabi_errno_addr                       0x08000355   Thumb Code     8  rt_errno_addr_intlibspace.o(.text)
    __errno$intlibspace                      0x08000355   Thumb Code     0  rt_errno_addr_intlibspace.o(.text)
    __rt_errno_addr$intlibspace              0x08000355   Thumb Code     0  rt_errno_addr_intlibspace.o(.text)
    __user_libspace                          0x0800035d   Thumb Code     8  libspace.o(.text)
    __user_perproc_libspace                  0x0800035d   Thumb Code     0  libspace.o(.text)
    __user_perthread_libspace                0x0800035d   Thumb Code     0  libspace.o(.text)
    __user_setup_stackheap                   0x08000365   Thumb Code    74  sys_stackheap_outer.o(.text)
    exit                                     0x080003af   Thumb Code    18  exit.o(.text)
    GPIO_Init                                0x080003c1   Thumb Code   352  stm32f4xx_gpio.o(i.GPIO_Init)
    GPIO_PinAFConfig                         0x0800056d   Thumb Code   352  stm32f4xx_gpio.o(i.GPIO_PinAFConfig)
    GPIO_ResetBits                           0x08000719   Thumb Code   104  stm32f4xx_gpio.o(i.GPIO_ResetBits)
    GPIO_SetBits                             0x080007cd   Thumb Code   104  stm32f4xx_gpio.o(i.GPIO_SetBits)
    RCC_AHB1PeriphClockCmd                   0x08000881   Thumb Code    70  stm32f4xx_rcc.o(i.RCC_AHB1PeriphClockCmd)
    RCC_APB1PeriphClockCmd                   0x080008f1   Thumb Code    70  stm32f4xx_rcc.o(i.RCC_APB1PeriphClockCmd)
    RCC_APB2PeriphClockCmd                   0x0800095d   Thumb Code    70  stm32f4xx_rcc.o(i.RCC_APB2PeriphClockCmd)
    RCC_GetClocksFreq                        0x080009cd   Thumb Code   214  stm32f4xx_rcc.o(i.RCC_GetClocksFreq)
    SPI1_IRQHandler                          0x08000ab5   Thumb Code    92  spi_1.o(i.SPI1_IRQHandler)
    SPI2_IRQHandler                          0x08000b21   Thumb Code    90  spi_2.o(i.SPI2_IRQHandler)
    SPI3_IRQHandler                          0x08000b8d   Thumb Code    98  spi_3.o(i.SPI3_IRQHandler)
    SPI_I2S_GetFlagStatus                    0x08000c01   Thumb Code   134  stm32f4xx_spi.o(i.SPI_I2S_GetFlagStatus)
    SysTick_Handler                          0x08000dd5   Thumb Code    12  time_service.o(i.SysTick_Handler)
    SystemInit                               0x08000de5   Thumb Code    88  system_stm32f4xx.o(i.SystemInit)
    TIM_BDTRConfig                           0x08000e4d   Thumb Code   222  stm32f4xx_tim.o(i.TIM_BDTRConfig)
    TIM_Cmd                                  0x08000f55   Thumb Code   144  stm32f4xx_tim.o(i.TIM_Cmd)
    TIM_CtrlPWMOutputs                       0x08001039   Thumb Code    78  stm32f4xx_tim.o(i.TIM_CtrlPWMOutputs)
    TIM_OC1Init                              0x080010b1   Thumb Code   400  stm32f4xx_tim.o(i.TIM_OC1Init)
    TIM_OC2Init                              0x0800128d   Thumb Code   416  stm32f4xx_tim.o(i.TIM_OC2Init)
    TIM_OC3Init                              0x08001469   Thumb Code   400  stm32f4xx_tim.o(i.TIM_OC3Init)
    TIM_OC4Init                              0x0800162d   Thumb Code   290  stm32f4xx_tim.o(i.TIM_OC4Init)
    TIM_SetCompare1                          0x08001785   Thumb Code    94  stm32f4xx_tim.o(i.TIM_SetCompare1)
    TIM_SetCompare2                          0x08001831   Thumb Code    70  stm32f4xx_tim.o(i.TIM_SetCompare2)
    TIM_SetCompare3                          0x080018b5   Thumb Code    58  stm32f4xx_tim.o(i.TIM_SetCompare3)
    TIM_SetCompare4                          0x08001925   Thumb Code    58  stm32f4xx_tim.o(i.TIM_SetCompare4)
    TIM_TimeBaseInit                         0x08001995   Thumb Code   278  stm32f4xx_tim.o(i.TIM_TimeBaseInit)
    USART2_IRQHandler                        0x08001b01   Thumb Code   148  uart2.o(i.USART2_IRQHandler)
    USART3_IRQHandler                        0x08001bb1   Thumb Code   148  usart3.o(i.USART3_IRQHandler)
    USART6_IRQHandler                        0x08001c61   Thumb Code   148  usart6.o(i.USART6_IRQHandler)
    USART_ClearITPendingBit                  0x08001d11   Thumb Code   188  stm32f4xx_usart.o(i.USART_ClearITPendingBit)
    USART_Cmd                                0x08001e15   Thumb Code   120  stm32f4xx_usart.o(i.USART_Cmd)
    USART_ITConfig                           0x08001ed5   Thumb Code   284  stm32f4xx_usart.o(i.USART_ITConfig)
    USART_Init                               0x08002039   Thumb Code   492  stm32f4xx_usart.o(i.USART_Init)
    get_angle_to_point(short, short, short, short) 0x08002271   Thumb Code   114  main.o(i._Z18get_angle_to_pointssss)
    get_distance_to_point(short, short, short, short) 0x080022f5   Thumb Code   150  main.o(i._Z21get_distance_to_pointssss)
    lead_to_degree_borders(int)              0x08002395   Thumb Code    34  tools.o(i._Z22lead_to_degree_bordersi)
    my_abs(int)                              0x080023b7   Thumb Code    52  main.o(i._Z6my_absi)
    initSPI2(bool, unsigned char, unsigned short) 0x080023ed   Thumb Code   264  spi_dot.o(i._Z8initSPI2bht)
    writeSPI(unsigned short)                 0x08002509   Thumb Code    34  spi_dot.o(i._Z8writeSPIt)
    mpu9250_spi::readFIFOsize()              0x08002531   Thumb Code    46  mpu9250_spi.o(i._ZN11mpu9250_spi12readFIFOsizeEv)
    mpu9250_spi::setAccOffset(int, int, int) 0x0800255f   Thumb Code    88  mpu9250_spi.o(i._ZN11mpu9250_spi12setAccOffsetEiii)
    mpu9250_spi::updateAngles(double, bool)  0x080025b9   Thumb Code  1002  mpu9250_spi.o(i._ZN11mpu9250_spi12updateAnglesEdb)
    mpu9250_spi::setGyroOffset(int, int, int) 0x080029d5   Thumb Code    82  mpu9250_spi.o(i._ZN11mpu9250_spi13setGyroOffsetEiii)
    mpu9250_spi::updateAnglesFromFIFO()      0x08002a29   Thumb Code    40  mpu9250_spi.o(i._ZN11mpu9250_spi20updateAnglesFromFIFOEv)
    mpu9250_spi::MadgwickAHRSupdateIMU(double) 0x08002a59   Thumb Code  4434  mpu9250_spi.o(i._ZN11mpu9250_spi21MadgwickAHRSupdateIMUEd)
    mpu9250_spi::convert(unsigned short, unsigned char) 0x08003bab   Thumb Code    32  mpu9250_spi.o(i._ZN11mpu9250_spi7convertEth)
    mpu9250_spi::initIMU()                   0x08003bcd   Thumb Code   478  mpu9250_spi.o(i._ZN11mpu9250_spi7initIMUEv)
    mpu9250_spi::invSqrt(float)              0x08003dd1   Thumb Code    58  mpu9250_spi.o(i._ZN11mpu9250_spi7invSqrtEf)
    mpu9250_spi::readAcc()                   0x08003e11   Thumb Code   258  mpu9250_spi.o(i._ZN11mpu9250_spi7readAccEv)
    mpu9250_spi::readReg(int, int*, int)     0x08003f13   Thumb Code    72  mpu9250_spi.o(i._ZN11mpu9250_spi7readRegEiPii)
    mpu9250_spi::readGyro()                  0x08003f5b   Thumb Code   258  mpu9250_spi.o(i._ZN11mpu9250_spi8readGyroEv)
    mpu9250_spi::writeReg(int, unsigned char) 0x0800405d   Thumb Code    38  mpu9250_spi.o(i._ZN11mpu9250_spi8writeRegEih)
    mpu9250_spi::calibrate(int)              0x08004085   Thumb Code   278  mpu9250_spi.o(i._ZN11mpu9250_spi9calibrateEi)
    mpu9250_spi::mpu9250_spi(pin&)           0x080041a5   Thumb Code    22  mpu9250_spi.o(i._ZN11mpu9250_spiC1ER3pin)
    mpu9250_spi::mpu9250_spi__sub_object(pin&) 0x080041a5   Thumb Code     0  mpu9250_spi.o(i._ZN11mpu9250_spiC1ER3pin)
    time_service::getCurTime()               0x080041bd   Thumb Code     6  time_service.o(i._ZN12time_service10getCurTimeEv)
    time_service::init()                     0x080041c9   Thumb Code    90  time_service.o(i._ZN12time_service4initEv)
    time_service::delay_ms(unsigned)         0x08004231   Thumb Code    24  time_service.o(i._ZN12time_service8delay_msEj)
    time_service::startTime()                0x08004249   Thumb Code    18  time_service.o(i._ZN12time_service9startTimeEv)
    IMU::setZeroAngle()                      0x0800425b   Thumb Code    20  main.o(i._ZN3IMU12setZeroAngleEv)
    IMU::updateAnglesFromFIFO()              0x0800426f   Thumb Code    14  main.o(i._ZN3IMU20updateAnglesFromFIFOEv)
    IMU::init()                              0x0800427d   Thumb Code    44  main.o(i._ZN3IMU4initEv)
    IMU::update()                            0x080042b1   Thumb Code   174  main.o(i._ZN3IMU6updateEv)
    IMU::getAngle()                          0x08004379   Thumb Code   146  main.o(i._ZN3IMU8getAngleEv)
    IMU::calibrate(unsigned)                 0x08004425   Thumb Code    18  main.o(i._ZN3IMU9calibrateEj)
    PID::PID(float, float, float, int)       0x08004439   Thumb Code    44  main.o(i._ZN3PIDC1Efffi)
    PID::PID__sub_object(float, float, float, int) 0x08004439   Thumb Code     0  main.o(i._ZN3PIDC1Efffi)
    pin::getPinNumber()                      0x08004469   Thumb Code     8  pin_setup.o(i._ZN3pin12getPinNumberEv)
    pin::pwm(unsigned)                       0x08004471   Thumb Code    70  pin_setup.o(i._ZN3pin3pwmEj)
    pin::read()                              0x080044b7   Thumb Code    24  pin_setup.o(i._ZN3pin4readEv)
    pin::write(bool)                         0x080044cf   Thumb Code    32  pin_setup.o(i._ZN3pin5writeEb)
    pin::setBit()                            0x080044ef   Thumb Code    16  pin_setup.o(i._ZN3pin6setBitEv)
    pin::pinInit()                           0x08004501   Thumb Code   218  pin_setup.o(i._ZN3pin7pinInitEv)
    pin::pwmInit(unsigned, unsigned short, unsigned, unsigned, unsigned char, TIM_TypeDef*, bool) 0x08004601   Thumb Code   560  pin_setup.o(i._ZN3pin7pwmInitEjtjjhP11TIM_TypeDefb)
    pin::getGPIOx()                          0x08004865   Thumb Code     6  pin_setup.o(i._ZN3pin8getGPIOxEv)
    pin::resetBit()                          0x0800486b   Thumb Code    16  pin_setup.o(i._ZN3pin8resetBitEv)
    pin::pin(char, unsigned char, unsigned short) 0x0800487d   Thumb Code   966  pin_setup.o(i._ZN3pinC1Echt)
    pin::pin__sub_object(char, unsigned char, unsigned short) 0x0800487d   Thumb Code     0  pin_setup.o(i._ZN3pinC1Echt)
    TSSP::set_addres(unsigned char)          0x08004c6d   Thumb Code   122  tssp.o(i._ZN4TSSP10set_addresEh)
    TSSP::get_distance()                     0x08004ced   Thumb Code     8  tssp.o(i._ZN4TSSP12get_distanceEv)
    TSSP::get_digital_data()                 0x08004cf5   Thumb Code   734  tssp.o(i._ZN4TSSP16get_digital_dataEv)
    TSSP::get_angle_from_index(unsigned short) 0x08004ff5   Thumb Code    68  tssp.o(i._ZN4TSSP20get_angle_from_indexEt)
    TSSP::get_data()                         0x08005041   Thumb Code    16  tssp.o(i._ZN4TSSP8get_dataEv)
    TSSP::TSSP(unsigned short, pin&, pin&, pin&, pin&, pin&, pin&, unsigned char) 0x08005051   Thumb Code   148  tssp.o(i._ZN4TSSPC1EtR3pinS1_S1_S1_S1_S1_h)
    TSSP::TSSP__sub_object(unsigned short, pin&, pin&, pin&, pin&, pin&, pin&, unsigned char) 0x08005051   Thumb Code     0  tssp.o(i._ZN4TSSPC1EtR3pinS1_S1_S1_S1_S1_h)
    Motor::disableMotor()                    0x080050e5   Thumb Code    24  motor.o(i._ZN5Motor12disableMotorEv)
    Motor::motorMove(double)                 0x080050fd   Thumb Code   394  motor.o(i._ZN5Motor9motorMoveEd)
    Motor::Motor(char, unsigned char, unsigned short, unsigned char, char, unsigned char, unsigned short, unsigned char) 0x080052c1   Thumb Code   504  motor.o(i._ZN5MotorC1Echthchth)
    Motor::Motor__sub_object(char, unsigned char, unsigned short, unsigned char, char, unsigned char, unsigned short, unsigned char) 0x080052c1   Thumb Code     0  motor.o(i._ZN5MotorC1Echthchth)
    Robot::init_robot(unsigned char)         0x080054e9   Thumb Code    62  main.o(i._ZN5Robot10init_robotEh)
    Robot::change_side()                     0x0800552d   Thumb Code    26  main.o(i._ZN5Robot11change_sideEv)
    Robot::control_led(unsigned char, bool)  0x0800554d   Thumb Code    82  main.o(i._ZN5Robot11control_ledEhb)
    Robot::moveToPoint(short, short, short)  0x080055ad   Thumb Code   122  main.o(i._ZN5Robot11moveToPointEsss)
    Robot::rotateRobot(short, short)         0x0800563d   Thumb Code    10  main.o(i._ZN5Robot11rotateRobotEss)
    Robot::check_button(unsigned char)       0x08005651   Thumb Code    34  main.o(i._ZN5Robot12check_buttonEh)
    Robot::moveRobotAbs(short, unsigned char) 0x0800567d   Thumb Code    36  main.o(i._ZN5Robot12moveRobotAbsEsh)
    Robot::set_blinking(unsigned char, unsigned) 0x080056ad   Thumb Code    92  main.o(i._ZN5Robot12set_blinkingEhj)
    Robot::check_buttons()                   0x08005711   Thumb Code   158  main.o(i._ZN5Robot13check_buttonsEv)
    Robot::motors_on_off(bool)               0x080057d1   Thumb Code     6  main.o(i._ZN5Robot13motors_on_offEb)
    Robot::callibrate_gyro()                 0x080057dd   Thumb Code    74  main.o(i._ZN5Robot15callibrate_gyroEv)
    Robot::update()                          0x08005839   Thumb Code   392  main.o(i._ZN5Robot6updateEv)
    Robot::moveRobot(short, unsigned char)   0x08005a2d   Thumb Code    30  main.o(i._ZN5Robot9moveRobotEsh)
    camera::calculate_pos(short, bool)       0x08005a55   Thumb Code  1344  openmv.o(i._ZN6camera13calculate_posEsb)
    camera::get_ball_angle()                 0x08005f95   Thumb Code    42  openmv.o(i._ZN6camera14get_ball_angleEv)
    camera::get_ball_loc_x()                 0x08005fbf   Thumb Code    10  openmv.o(i._ZN6camera14get_ball_loc_xEv)
    camera::get_ball_loc_y()                 0x08005fc9   Thumb Code    10  openmv.o(i._ZN6camera14get_ball_loc_yEv)
    camera::get_forward_angle()              0x08005fd3   Thumb Code    42  openmv.o(i._ZN6camera17get_forward_angleEv)
    camera::get_abs_ball_angle()             0x08005ffd   Thumb Code    42  openmv.o(i._ZN6camera18get_abs_ball_angleEv)
    camera::get_backward_angle()             0x08006027   Thumb Code    42  openmv.o(i._ZN6camera18get_backward_angleEv)
    camera::get_forward_distance()           0x08006051   Thumb Code    10  openmv.o(i._ZN6camera20get_forward_distanceEv)
    camera::get_backward_distance()          0x0800605b   Thumb Code    10  openmv.o(i._ZN6camera21get_backward_distanceEv)
    camera::crc8(unsigned char*, int)        0x08006065   Thumb Code    58  openmv.o(i._ZN6camera4crc8EPhi)
    camera::get_x()                          0x0800609f   Thumb Code    10  openmv.o(i._ZN6camera5get_xEv)
    camera::get_y()                          0x080060a9   Thumb Code    10  openmv.o(i._ZN6camera5get_yEv)
    camera::getData()                        0x080060b3   Thumb Code   224  openmv.o(i._ZN6camera7getDataEv)
    camera::camera(pin&, pin&)               0x08006193   Thumb Code   126  openmv.o(i._ZN6cameraC1ER3pinS1_)
    camera::camera__sub_object(pin&, pin&)   0x08006193   Thumb Code     0  openmv.o(i._ZN6cameraC1ER3pinS1_)
    motors::_move_vector()                   0x08006211   Thumb Code   746  motors.o(i._ZN6motors12_move_vectorEv)
    motors::disableMotors()                  0x08006505   Thumb Code    36  motors.o(i._ZN6motors13disableMotorsEv)
    motors::moveRobot(double, double, double, double, unsigned, unsigned) 0x08006529   Thumb Code   876  motors.o(i._ZN6motors9moveRobotEddddjj)
    motors::motors(Motor&, Motor&, Motor&, Motor&, unsigned short, double) 0x080068b5   Thumb Code    98  motors.o(i._ZN6motorsC1ER5MotorS1_S1_S1_td)
    motors::motors__sub_object(Motor&, Motor&, Motor&, Motor&, unsigned short, double) 0x080068b5   Thumb Code     0  motors.o(i._ZN6motorsC1ER5MotorS1_S1_S1_td)
    usart2::usart2Init(unsigned, unsigned char, float) 0x08006919   Thumb Code   304  uart2.o(i._ZN6usart210usart2InitEjhf)
    usart6::usart6Init(unsigned, unsigned char, float) 0x08006a7d   Thumb Code   308  usart6.o(i._ZN6usart610usart6InitEjhf)
    usart6::read()                           0x08006be1   Thumb Code    62  usart6.o(i._ZN6usart64readEv)
    usart6::available()                      0x08006c29   Thumb Code    44  usart6.o(i._ZN6usart69availableEv)
    std::abs(double)                         0x08006c5d   Thumb Code    32  main.o(i._ZSt3absd)
    std::pow(double, int)                    0x08006c7d   Thumb Code    52  main.o(i._ZSt3powdi)
    __ARM_fpclassify                         0x08006cb1   Thumb Code    48  fpclassify.o(i.__ARM_fpclassify)
    __ARM_fpclassifyf                        0x08006ce1   Thumb Code    38  fpclassifyf.o(i.__ARM_fpclassifyf)
    __hardfp_asin                            0x08006d09   Thumb Code   770  asin.o(i.__hardfp_asin)
    __hardfp_atan                            0x08007069   Thumb Code   622  atan.o(i.__hardfp_atan)
    __hardfp_atan2                           0x08007341   Thumb Code   448  atan2.o(i.__hardfp_atan2)
    __hardfp_ceil                            0x08007541   Thumb Code   252  ceil.o(i.__hardfp_ceil)
    __hardfp_cos                             0x08007659   Thumb Code   180  cos.o(i.__hardfp_cos)
    __hardfp_cosf                            0x08007721   Thumb Code   280  cosf.o(i.__hardfp_cosf)
    __hardfp_fabs                            0x08007871   Thumb Code    20  fabs.o(i.__hardfp_fabs)
    __hardfp_floor                           0x08007889   Thumb Code   252  floor.o(i.__hardfp_floor)
    __hardfp_pow                             0x080079a1   Thumb Code  3072  pow.o(i.__hardfp_pow)
    __hardfp_sin                             0x080085f1   Thumb Code   180  sin.o(i.__hardfp_sin)
    __hardfp_sinf                            0x080086b9   Thumb Code   344  sinf.o(i.__hardfp_sinf)
    __hardfp_sqrt                            0x08008849   Thumb Code   122  sqrt.o(i.__hardfp_sqrt)
    __ieee754_rem_pio2                       0x080088c9   Thumb Code   938  rred.o(i.__ieee754_rem_pio2)
    __kernel_cos                             0x08008d01   Thumb Code   322  cos_i.o(i.__kernel_cos)
    __kernel_poly                            0x08008e71   Thumb Code   248  poly.o(i.__kernel_poly)
    __kernel_sin                             0x08008f69   Thumb Code   280  sin_i.o(i.__kernel_sin)
    __mathlib_dbl_divzero                    0x08009099   Thumb Code    28  dunder.o(i.__mathlib_dbl_divzero)
    __mathlib_dbl_infnan                     0x080090c9   Thumb Code    20  dunder.o(i.__mathlib_dbl_infnan)
    __mathlib_dbl_infnan2                    0x080090dd   Thumb Code    20  dunder.o(i.__mathlib_dbl_infnan2)
    __mathlib_dbl_invalid                    0x080090f1   Thumb Code    24  dunder.o(i.__mathlib_dbl_invalid)
    __mathlib_dbl_overflow                   0x08009111   Thumb Code    24  dunder.o(i.__mathlib_dbl_overflow)
    __mathlib_dbl_underflow                  0x08009131   Thumb Code    24  dunder.o(i.__mathlib_dbl_underflow)
    __mathlib_flt_infnan                     0x08009151   Thumb Code     6  funder.o(i.__mathlib_flt_infnan)
    __mathlib_flt_invalid                    0x08009159   Thumb Code    10  funder.o(i.__mathlib_flt_invalid)
    __mathlib_flt_underflow                  0x08009169   Thumb Code    10  funder.o(i.__mathlib_flt_underflow)
    __mathlib_rredf2                         0x08009179   Thumb Code   316  rredf.o(i.__mathlib_rredf2)
    _sys_exit                                0x0800962d   Thumb Code     4  retarget.o(i._sys_exit)
    assert_failed                            0x08009631   Thumb Code    10  retarget.o(i.assert_failed)
    atan                                     0x0800963b   Thumb Code    16  atan.o(i.atan)
    fabs                                     0x0800964b   Thumb Code    24  fabs.o(i.fabs)
    main                                     0x08009665   Thumb Code   324  main.o(i.main)
    sqrt                                     0x080097dd   Thumb Code   110  sqrt.o(i.sqrt)
    __aeabi_dneg                             0x0800984b   Thumb Code     0  basic.o(x$fpl$basic)
    _dneg                                    0x0800984b   Thumb Code     6  basic.o(x$fpl$basic)
    __aeabi_fneg                             0x08009851   Thumb Code     0  basic.o(x$fpl$basic)
    _fneg                                    0x08009851   Thumb Code     6  basic.o(x$fpl$basic)
    _dabs                                    0x08009857   Thumb Code     6  basic.o(x$fpl$basic)
    _fabs                                    0x0800985d   Thumb Code     6  basic.o(x$fpl$basic)
    __aeabi_d2f                              0x08009865   Thumb Code     0  d2f.o(x$fpl$d2f)
    _d2f                                     0x08009865   Thumb Code    98  d2f.o(x$fpl$d2f)
    __aeabi_dadd                             0x080098c9   Thumb Code     0  daddsub_clz.o(x$fpl$dadd)
    _dadd                                    0x080098c9   Thumb Code   332  daddsub_clz.o(x$fpl$dadd)
    __fpl_dcheck_NaN1                        0x08009a19   Thumb Code    10  dcheck1.o(x$fpl$dcheck1)
    __fpl_dcmp_Inf                           0x08009a29   Thumb Code    24  dcmpi.o(x$fpl$dcmpinf)
    __aeabi_ddiv                             0x08009a41   Thumb Code     0  ddiv.o(x$fpl$ddiv)
    _ddiv                                    0x08009a41   Thumb Code   552  ddiv.o(x$fpl$ddiv)
    __aeabi_cdcmpeq                          0x08009cf1   Thumb Code     0  deqf.o(x$fpl$deqf)
    _dcmpeq                                  0x08009cf1   Thumb Code   120  deqf.o(x$fpl$deqf)
    __aeabi_d2iz                             0x08009d69   Thumb Code     0  dfix.o(x$fpl$dfix)
    _dfix                                    0x08009d69   Thumb Code    94  dfix.o(x$fpl$dfix)
    __aeabi_d2uiz                            0x08009dc9   Thumb Code     0  dfixu.o(x$fpl$dfixu)
    _dfixu                                   0x08009dc9   Thumb Code    90  dfixu.o(x$fpl$dfixu)
    __aeabi_i2d                              0x08009e23   Thumb Code     0  dflt_clz.o(x$fpl$dflt)
    _dflt                                    0x08009e23   Thumb Code    46  dflt_clz.o(x$fpl$dflt)
    __aeabi_l2d                              0x08009e51   Thumb Code     0  dfltll_clz.o(x$fpl$dfltll)
    _ll_sto_d                                0x08009e51   Thumb Code   162  dfltll_clz.o(x$fpl$dfltll)
    __aeabi_ui2d                             0x08009ef3   Thumb Code     0  dflt_clz.o(x$fpl$dfltu)
    _dfltu                                   0x08009ef3   Thumb Code    38  dflt_clz.o(x$fpl$dfltu)
    __aeabi_cdcmple                          0x08009f19   Thumb Code     0  dleqf.o(x$fpl$dleqf)
    _dcmple                                  0x08009f19   Thumb Code   120  dleqf.o(x$fpl$dleqf)
    __fpl_dcmple_InfNaN                      0x08009f7b   Thumb Code     0  dleqf.o(x$fpl$dleqf)
    __aeabi_dmul                             0x08009f91   Thumb Code     0  dmul.o(x$fpl$dmul)
    _dmul                                    0x08009f91   Thumb Code   332  dmul.o(x$fpl$dmul)
    __fpl_dnaninf                            0x0800a0e5   Thumb Code   156  dnaninf.o(x$fpl$dnaninf)
    __fpl_dretinf                            0x0800a181   Thumb Code    12  dretinf.o(x$fpl$dretinf)
    __aeabi_cdrcmple                         0x0800a18d   Thumb Code     0  drleqf.o(x$fpl$drleqf)
    _drcmple                                 0x0800a18d   Thumb Code   108  drleqf.o(x$fpl$drleqf)
    __aeabi_drsub                            0x0800a1f9   Thumb Code     0  daddsub_clz.o(x$fpl$drsb)
    _drsb                                    0x0800a1f9   Thumb Code    22  daddsub_clz.o(x$fpl$drsb)
    _dsqrt                                   0x0800a211   Thumb Code   404  dsqrt_umaal.o(x$fpl$dsqrt)
    __aeabi_dsub                             0x0800a3a9   Thumb Code     0  daddsub_clz.o(x$fpl$dsub)
    _dsub                                    0x0800a3a9   Thumb Code   464  daddsub_clz.o(x$fpl$dsub)
    __aeabi_f2d                              0x0800a57d   Thumb Code     0  f2d.o(x$fpl$f2d)
    _f2d                                     0x0800a57d   Thumb Code    86  f2d.o(x$fpl$f2d)
    __fpl_fnaninf                            0x0800a5d3   Thumb Code   140  fnaninf.o(x$fpl$fnaninf)
    _fp_init                                 0x0800a65f   Thumb Code    10  fpinit.o(x$fpl$fpinit)
    __fplib_config_fpu_vfp                   0x0800a667   Thumb Code     0  fpinit.o(x$fpl$fpinit)
    __fplib_config_pureend_doubles           0x0800a667   Thumb Code     0  fpinit.o(x$fpl$fpinit)
    __fpl_fretinf                            0x0800a669   Thumb Code    10  fretinf.o(x$fpl$fretinf)
    __fpl_return_NaN                         0x0800a673   Thumb Code   100  retnan.o(x$fpl$retnan)
    __ARM_scalbn                             0x0800a6d7   Thumb Code    92  scalbn.o(x$fpl$scalbn)
    __fpl_cmpreturn                          0x0800a733   Thumb Code    48  trapv.o(x$fpl$trapveneer)
    __I$use$fp                               0x0800a762   Number         0  usenofp.o(x$fpl$usenofp)
    __mathlib_zero                           0x0800a9c0   Data           8  qnan.o(.constdata)
    Region$$Table$$Base                      0x0800aad8   Number         0  anon$$obj.o(Region$$Table)
    Region$$Table$$Limit                     0x0800aaf8   Number         0  anon$$obj.o(Region$$Table)
    SHT$$INIT_ARRAY$$Base                    0x0800aaf8   Number         0  main.o(.init_array)
    SHT$$INIT_ARRAY$$Limit                   0x0800aafc   Number         0  init_aeabi.o(.init_array)
    _data                                    0x20000000   Data           8  main.o(.data)
    angK                                     0x20000008   Data           8  main.o(.data)
    distK                                    0x20000010   Data           8  main.o(.data)
    ang_result                               0x20000018   Data           4  main.o(.data)
    len_result                               0x2000001c   Data           4  main.o(.data)
    x1                                       0x20000020   Data           4  main.o(.data)
    x2                                       0x20000024   Data           4  main.o(.data)
    y1                                       0x20000028   Data           4  main.o(.data)
    y2                                       0x2000002c   Data           4  main.o(.data)
    _x_result                                0x20000030   Data           4  main.o(.data)
    _y_result                                0x20000034   Data           4  main.o(.data)
    x3                                       0x20000038   Data           4  main.o(.data)
    t                                        0x2000003c   Data           4  main.o(.data)
    robot_x                                  0x20000040   Data           2  main.o(.data)
    robot_y                                  0x20000042   Data           2  main.o(.data)
    gyro                                     0x20000044   Data           2  main.o(.data)
    forward_angle                            0x20000046   Data           2  main.o(.data)
    backward_angle                           0x20000048   Data           2  main.o(.data)
    a                                        0x2000004a   Data           2  main.o(.data)
    move_angle                               0x2000004c   Data           2  main.o(.data)
    ball_angle                               0x2000004e   Data           2  main.o(.data)
    start_attack_point                       0x20000050   Data           4  main.o(.data)
    gaming_state                             0x20000054   Data           1  main.o(.data)
    role                                     0x20000055   Data           1  main.o(.data)
    attacker_state                           0x20000056   Data           1  main.o(.data)
    defender_state                           0x20000057   Data           1  main.o(.data)
    Robot::a                                 0x20000058   Data           4  main.o(.data)
    Robot::time                              0x2000005c   Data           4  main.o(.data)
    Robot::blinking_timer                    0x20000060   Data           4  main.o(.data)
    Robot::blinking_durations                0x20000064   Data           4  main.o(.data)
    Robot::move_angle                        0x20000068   Data           2  main.o(.data)
    Robot::angular_speed                     0x2000006a   Data           2  main.o(.data)
    Robot::max_angular_speed                 0x2000006c   Data           2  main.o(.data)
    Robot::gyro                              0x2000006e   Data           2  main.o(.data)
    Robot::robot_x                           0x20000070   Data           2  main.o(.data)
    Robot::robot_y                           0x20000072   Data           2  main.o(.data)
    Robot::ball_loc_angle                    0x20000074   Data           2  main.o(.data)
    Robot::ball_abs_angle                    0x20000076   Data           2  main.o(.data)
    Robot::ball_loc_x                        0x20000078   Data           2  main.o(.data)
    Robot::ball_loc_y                        0x2000007a   Data           2  main.o(.data)
    Robot::forward_angle                     0x2000007c   Data           2  main.o(.data)
    Robot::backward_angle                    0x2000007e   Data           2  main.o(.data)
    Robot::ball_angle                        0x20000080   Data           2  main.o(.data)
    Robot::ball_distance                     0x20000082   Data           2  main.o(.data)
    Robot::forward_distance                  0x20000084   Data           2  main.o(.data)
    Robot::backward_distance                 0x20000086   Data           2  main.o(.data)
    Robot::point_distance                    0x20000088   Data           2  main.o(.data)
    Robot::move_speed                        0x2000008a   Data           1  main.o(.data)
    Robot::side                              0x2000008b   Data           1  main.o(.data)
    Robot::buttons_data                      0x2000008c   Data           3  main.o(.data)
    Robot::buttons_old_data                  0x2000008f   Data           3  main.o(.data)
    Robot::pressed_buttons                   0x20000092   Data           3  main.o(.data)
    Robot::blinking_leds                     0x20000095   Data           3  main.o(.data)
    Robot::leds_state                        0x20000098   Data           1  main.o(.data)
    Robot::motors_state                      0x20000099   Data           1  main.o(.data)
    SystemCoreClock                          0x2000009c   Data           4  system_stm32f4xx.o(.data)
    time_service::systemTime                 0x200000a0   Data           4  time_service.o(.data)
    usart2::tx                               0x200000a4   Data           8  uart2.o(.data)
    usart2::rx                               0x200000ac   Data           8  uart2.o(.data)
    usart2::_rxCnt                           0x200000b4   Data           2  uart2.o(.data)
    usart2::_txCnt                           0x200000b6   Data           2  uart2.o(.data)
    usart2::flag                             0x200000b8   Data           1  uart2.o(.data)
    usart2::_readCnt                         0x200000ba   Data           2  uart2.o(.data)
    usart2::_sendCnt                         0x200000bc   Data           2  uart2.o(.data)
    usart3::_rxCnt                           0x200000be   Data           2  usart3.o(.data)
    usart3::_txCnt                           0x200000c0   Data           2  usart3.o(.data)
    usart3::flag                             0x200000c2   Data           1  usart3.o(.data)
    usart3::_readCnt                         0x200000c4   Data           2  usart3.o(.data)
    usart3::_sendCnt                         0x200000c6   Data           2  usart3.o(.data)
    usart6::_rxCnt                           0x200000c8   Data           2  usart6.o(.data)
    usart6::_txCnt                           0x200000ca   Data           2  usart6.o(.data)
    usart6::flag                             0x200000cc   Data           1  usart6.o(.data)
    usart6::_readCnt                         0x200000ce   Data           2  usart6.o(.data)
    usart6::_sendCnt                         0x200000d0   Data           2  usart6.o(.data)
    Spi_1::_SPIx                             0x200000d4   Data           4  spi_1.o(.data)
    Spi_1::_spi_mode                         0x200000d8   Data           4  spi_1.o(.data)
    Spi_1::_spi_work_mode                    0x200000dc   Data           4  spi_1.o(.data)
    Spi_1::_spi_num                          0x200000e0   Data           4  spi_1.o(.data)
    Spi_1::_spi_direction                    0x200000e4   Data           4  spi_1.o(.data)
    Spi_1::_data_size                        0x200000e8   Data           4  spi_1.o(.data)
    Spi_1::_baud_rate                        0x200000ec   Data           4  spi_1.o(.data)
    Spi_1::_first_bit                        0x200000f0   Data           4  spi_1.o(.data)
    Spi_1::_data                             0x200000f4   Data           4  spi_1.o(.data)
    Spi_1::_cur_rx_read                      0x200000f8   Data           2  spi_1.o(.data)
    Spi_1::_cur_rx_write                     0x200000fa   Data           2  spi_1.o(.data)
    Spi_1::_buf_size                         0x200000fc   Data           2  spi_1.o(.data)
    Spi_2::_SPIx                             0x20000100   Data           4  spi_2.o(.data)
    Spi_2::_spi_mode                         0x20000104   Data           4  spi_2.o(.data)
    Spi_2::_spi_work_mode                    0x20000108   Data           4  spi_2.o(.data)
    Spi_2::_spi_num                          0x2000010c   Data           4  spi_2.o(.data)
    Spi_2::_spi_direction                    0x20000110   Data           4  spi_2.o(.data)
    Spi_2::_data_size                        0x20000114   Data           4  spi_2.o(.data)
    Spi_2::_baud_rate                        0x20000118   Data           4  spi_2.o(.data)
    Spi_2::_first_bit                        0x2000011c   Data           4  spi_2.o(.data)
    Spi_2::_data                             0x20000120   Data           4  spi_2.o(.data)
    Spi_2::_cur_rx_read                      0x20000124   Data           2  spi_2.o(.data)
    Spi_2::_cur_rx_write                     0x20000126   Data           2  spi_2.o(.data)
    Spi_2::_buf_size                         0x20000128   Data           2  spi_2.o(.data)
    Spi_3::_SPIx                             0x2000012c   Data           4  spi_3.o(.data)
    Spi_3::_spi_mode                         0x20000130   Data           4  spi_3.o(.data)
    Spi_3::_spi_work_mode                    0x20000134   Data           4  spi_3.o(.data)
    Spi_3::_spi_num                          0x20000138   Data           4  spi_3.o(.data)
    Spi_3::_spi_direction                    0x2000013c   Data           4  spi_3.o(.data)
    Spi_3::_data_size                        0x20000140   Data           4  spi_3.o(.data)
    Spi_3::_baud_rate                        0x20000144   Data           4  spi_3.o(.data)
    Spi_3::_first_bit                        0x20000148   Data           4  spi_3.o(.data)
    Spi_3::_data                             0x2000014c   Data           2  spi_3.o(.data)
    Spi_3::_cur_rx_read                      0x2000014e   Data           2  spi_3.o(.data)
    Spi_3::_cur_rx_write                     0x20000150   Data           2  spi_3.o(.data)
    Spi_3::_buf_size                         0x20000152   Data           2  spi_3.o(.data)
    _RxData                                  0x20000154   Data           4  spi_dot.o(.data)
    _available                               0x20000158   Data           2  spi_dot.o(.data)
    num                                      0x2000015a   Data           1  spi_dot.o(.data)
    Robot::led1                              0x20000170   Data          24  main.o(.bss)
    Robot::led2                              0x20000188   Data          24  main.o(.bss)
    Robot::led3                              0x200001a0   Data          24  main.o(.bss)
    Robot::m1                                0x200001b8   Data          80  main.o(.bss)
    Robot::m3                                0x20000208   Data          80  main.o(.bss)
    Robot::m2                                0x20000258   Data          80  main.o(.bss)
    Robot::m4                                0x200002a8   Data          80  main.o(.bss)
    Robot::motors                            0x200002f8   Data         392  main.o(.bss)
    Robot::spi2_sck                          0x20000480   Data          24  main.o(.bss)
    Robot::spi2_mosi                         0x20000498   Data          24  main.o(.bss)
    Robot::spi2_miso                         0x200004b0   Data          24  main.o(.bss)
    Robot::spi2_ck                           0x200004c8   Data          24  main.o(.bss)
    Robot::spi3_mosi                         0x200004e0   Data          24  main.o(.bss)
    Robot::spi3_sck                          0x200004f8   Data          24  main.o(.bss)
    Robot::OLED_DC                           0x20000510   Data          24  main.o(.bss)
    Robot::spi3_nss                          0x20000528   Data          24  main.o(.bss)
    Robot::OLED_res                          0x20000540   Data          24  main.o(.bss)
    Robot::usart6_tx                         0x20000558   Data          24  main.o(.bss)
    Robot::usart6_rx                         0x20000570   Data          24  main.o(.bss)
    Robot::motors_move                       0x20000588   Data          24  main.o(.bss)
    Robot::gyro_reset                        0x200005a0   Data          24  main.o(.bss)
    Robot::cap_charge                        0x200005b8   Data          24  main.o(.bss)
    Robot::cap_discharge                     0x200005d0   Data          24  main.o(.bss)
    Robot::dribler_control                   0x200005e8   Data          24  main.o(.bss)
    Robot::adc_voltage_pin                   0x20000600   Data          24  main.o(.bss)
    Robot::ball_sen                          0x20000618   Data          24  main.o(.bss)
    Robot::tssp_write_4                      0x20000630   Data          24  main.o(.bss)
    Robot::tssp_write_3                      0x20000648   Data          24  main.o(.bss)
    Robot::tssp_write_2                      0x20000660   Data          24  main.o(.bss)
    Robot::tssp_write_1                      0x20000678   Data          24  main.o(.bss)
    Robot::tssp_left_read                    0x20000690   Data          24  main.o(.bss)
    Robot::tssp_right_read                   0x200006a8   Data          24  main.o(.bss)
    Robot::up                                0x200006c0   Data          24  main.o(.bss)
    Robot::reset_gyro                        0x200006d8   Data          24  main.o(.bss)
    Robot::enter                             0x200006f0   Data          24  main.o(.bss)
    Robot::camera                            0x20000708   Data         208  main.o(.bss)
    Robot::ball                              0x200007d8   Data         448  main.o(.bss)
    Robot::mpu_sensor                        0x20000998   Data         304  main.o(.bss)
    Robot::mpu                               0x20000ac8   Data         360  main.o(.bss)
    Robot::angle_pid                         0x20000c30   Data          44  main.o(.bss)
    Robot::button_timers                     0x20000c5c   Data          12  main.o(.bss)
    usart3::tx                               0x20000c68   Data          16  usart3.o(.bss)
    usart3::rx                               0x20000c78   Data          16  usart3.o(.bss)
    usart6::tx                               0x20000c88   Data          16  usart6.o(.bss)
    usart6::rx                               0x20000c98   Data          16  usart6.o(.bss)
    Spi_1::_rx_buffer                        0x20000ca8   Data          32  spi_1.o(.bss)
    Spi_2::_rx_buffer                        0x20000cc8   Data          32  spi_2.o(.bss)
    Spi_3::_rx_buffer                        0x20000ce8   Data          16  spi_3.o(.bss)
    __libspace_start                         0x20000cf8   Data          96  libspace.o(.bss)
    __temporary_stack_top$libspace           0x20000d58   Data           0  libspace.o(.bss)



==============================================================================

Memory Map of the image

  Image Entry point : 0x08000189

  Load Region LR_IROM1 (Base: 0x08000000, Size: 0x0000ac68, Max: 0x00100000, ABSOLUTE, COMPRESSED[0x0000ab20])

    Execution Region ER_IROM1 (Exec base: 0x08000000, Load base: 0x08000000, Size: 0x0000aafc, Max: 0x00100000, ABSOLUTE)

    Exec Addr    Load Addr    Size         Type   Attr      Idx    E Section Name        Object

    0x08000000   0x08000000   0x00000188   Data   RO          525    RESET               startup_stm32f407xx.o
    0x08000188   0x08000188   0x00000008   Code   RO         4638  * !!!main             c_w.l(__main.o)
    0x08000190   0x08000190   0x00000034   Code   RO         5050    !!!scatter          c_w.l(__scatter.o)
    0x080001c4   0x080001c4   0x0000005a   Code   RO         5048    !!dczerorl2         c_w.l(__dczerorl2.o)
    0x0800021e   0x0800021e   0x00000002   PAD
    0x08000220   0x08000220   0x0000001c   Code   RO         5052    !!handler_zi        c_w.l(__scatter_zi.o)
    0x0800023c   0x0800023c   0x00000002   Code   RO         4977    .ARM.Collect$$libinit$$00000000  c_w.l(libinit.o)
    0x0800023e   0x0800023e   0x00000004   Code   RO         4809    .ARM.Collect$$libinit$$00000001  c_w.l(libinit2.o)
    0x08000242   0x08000242   0x00000000   Code   RO         4812    .ARM.Collect$$libinit$$00000004  c_w.l(libinit2.o)
    0x08000242   0x08000242   0x00000000   Code   RO         4815    .ARM.Collect$$libinit$$0000000A  c_w.l(libinit2.o)
    0x08000242   0x08000242   0x00000000   Code   RO         4817    .ARM.Collect$$libinit$$0000000C  c_w.l(libinit2.o)
    0x08000242   0x08000242   0x00000000   Code   RO         4819    .ARM.Collect$$libinit$$0000000E  c_w.l(libinit2.o)
    0x08000242   0x08000242   0x00000000   Code   RO         4822    .ARM.Collect$$libinit$$00000011  c_w.l(libinit2.o)
    0x08000242   0x08000242   0x00000000   Code   RO         4824    .ARM.Collect$$libinit$$00000013  c_w.l(libinit2.o)
    0x08000242   0x08000242   0x00000000   Code   RO         4826    .ARM.Collect$$libinit$$00000015  c_w.l(libinit2.o)
    0x08000242   0x08000242   0x00000000   Code   RO         4828    .ARM.Collect$$libinit$$00000017  c_w.l(libinit2.o)
    0x08000242   0x08000242   0x00000000   Code   RO         4830    .ARM.Collect$$libinit$$00000019  c_w.l(libinit2.o)
    0x08000242   0x08000242   0x00000000   Code   RO         4832    .ARM.Collect$$libinit$$0000001B  c_w.l(libinit2.o)
    0x08000242   0x08000242   0x00000000   Code   RO         4834    .ARM.Collect$$libinit$$0000001D  c_w.l(libinit2.o)
    0x08000242   0x08000242   0x00000000   Code   RO         4836    .ARM.Collect$$libinit$$0000001F  c_w.l(libinit2.o)
    0x08000242   0x08000242   0x00000000   Code   RO         4838    .ARM.Collect$$libinit$$00000021  c_w.l(libinit2.o)
    0x08000242   0x08000242   0x00000000   Code   RO         4840    .ARM.Collect$$libinit$$00000023  c_w.l(libinit2.o)
    0x08000242   0x08000242   0x00000000   Code   RO         4842    .ARM.Collect$$libinit$$00000025  c_w.l(libinit2.o)
    0x08000242   0x08000242   0x00000000   Code   RO         4846    .ARM.Collect$$libinit$$0000002C  c_w.l(libinit2.o)
    0x08000242   0x08000242   0x00000000   Code   RO         4848    .ARM.Collect$$libinit$$0000002E  c_w.l(libinit2.o)
    0x08000242   0x08000242   0x00000000   Code   RO         4850    .ARM.Collect$$libinit$$00000030  c_w.l(libinit2.o)
    0x08000242   0x08000242   0x00000004   Code   RO         4851    .ARM.Collect$$libinit$$00000031  c_w.l(libinit2.o)
    0x08000246   0x08000246   0x00000000   Code   RO         4852    .ARM.Collect$$libinit$$00000032  c_w.l(libinit2.o)
    0x08000246   0x08000246   0x00000002   Code   RO         4853    .ARM.Collect$$libinit$$00000033  c_w.l(libinit2.o)
    0x08000248   0x08000248   0x00000002   Code   RO         5009    .ARM.Collect$$libshutdown$$00000000  c_w.l(libshutdown.o)
    0x0800024a   0x0800024a   0x00000000   Code   RO         5013    .ARM.Collect$$libshutdown$$00000002  c_w.l(libshutdown2.o)
    0x0800024a   0x0800024a   0x00000000   Code   RO         5015    .ARM.Collect$$libshutdown$$00000004  c_w.l(libshutdown2.o)
    0x0800024a   0x0800024a   0x00000000   Code   RO         5017    .ARM.Collect$$libshutdown$$00000006  c_w.l(libshutdown2.o)
    0x0800024a   0x0800024a   0x00000000   Code   RO         5020    .ARM.Collect$$libshutdown$$00000009  c_w.l(libshutdown2.o)
    0x0800024a   0x0800024a   0x00000000   Code   RO         5023    .ARM.Collect$$libshutdown$$0000000C  c_w.l(libshutdown2.o)
    0x0800024a   0x0800024a   0x00000000   Code   RO         5025    .ARM.Collect$$libshutdown$$0000000E  c_w.l(libshutdown2.o)
    0x0800024a   0x0800024a   0x00000000   Code   RO         5028    .ARM.Collect$$libshutdown$$00000011  c_w.l(libshutdown2.o)
    0x0800024a   0x0800024a   0x00000002   Code   RO         5029    .ARM.Collect$$libshutdown$$00000012  c_w.l(libshutdown2.o)
    0x0800024c   0x0800024c   0x00000000   Code   RO         4806    .ARM.Collect$$rtentry$$00000000  c_w.l(__rtentry.o)
    0x0800024c   0x0800024c   0x00000000   Code   RO         4936    .ARM.Collect$$rtentry$$00000002  c_w.l(__rtentry2.o)
    0x0800024c   0x0800024c   0x00000006   Code   RO         4948    .ARM.Collect$$rtentry$$00000004  c_w.l(__rtentry4.o)
    0x08000252   0x08000252   0x00000000   Code   RO         4938    .ARM.Collect$$rtentry$$00000009  c_w.l(__rtentry2.o)
    0x08000252   0x08000252   0x00000004   Code   RO         4939    .ARM.Collect$$rtentry$$0000000A  c_w.l(__rtentry2.o)
    0x08000256   0x08000256   0x00000000   Code   RO         4941    .ARM.Collect$$rtentry$$0000000C  c_w.l(__rtentry2.o)
    0x08000256   0x08000256   0x00000008   Code   RO         4942    .ARM.Collect$$rtentry$$0000000D  c_w.l(__rtentry2.o)
    0x0800025e   0x0800025e   0x00000002   Code   RO         4980    .ARM.Collect$$rtexit$$00000000  c_w.l(rtexit.o)
    0x08000260   0x08000260   0x00000000   Code   RO         4991    .ARM.Collect$$rtexit$$00000002  c_w.l(rtexit2.o)
    0x08000260   0x08000260   0x00000004   Code   RO         4992    .ARM.Collect$$rtexit$$00000003  c_w.l(rtexit2.o)
    0x08000264   0x08000264   0x00000006   Code   RO         4993    .ARM.Collect$$rtexit$$00000004  c_w.l(rtexit2.o)
    0x0800026a   0x0800026a   0x00000002   PAD
    0x0800026c   0x0800026c   0x00000040   Code   RO          526    .text               startup_stm32f407xx.o
    0x080002ac   0x080002ac   0x00000002   Code   RO         4632    .text               c_w.l(use_no_semi.o)
    0x080002ae   0x080002ae   0x00000064   Code   RO         4634    .text               c_w.l(rt_memcpy_w.o)
    0x08000312   0x08000312   0x00000006   Code   RO         4636    .text               c_w.l(heapauxi.o)
    0x08000318   0x08000318   0x00000024   Code   RO         4643    .text               c_w.l(init_aeabi.o)
    0x0800033c   0x0800033c   0x00000016   Code   RO         4807    .text               c_w.l(_rserrno.o)
    0x08000352   0x08000352   0x00000002   PAD
    0x08000354   0x08000354   0x00000008   Code   RO         4953    .text               c_w.l(rt_errno_addr_intlibspace.o)
    0x0800035c   0x0800035c   0x00000008   Code   RO         4961    .text               c_w.l(libspace.o)
    0x08000364   0x08000364   0x0000004a   Code   RO         4964    .text               c_w.l(sys_stackheap_outer.o)
    0x080003ae   0x080003ae   0x00000012   Code   RO         4966    .text               c_w.l(exit.o)
    0x080003c0   0x080003c0   0x000001ac   Code   RO         2887    i.GPIO_Init         stm32f4xx_gpio.o
    0x0800056c   0x0800056c   0x000001ac   Code   RO         2888    i.GPIO_PinAFConfig  stm32f4xx_gpio.o
    0x08000718   0x08000718   0x000000b4   Code   RO         2894    i.GPIO_ResetBits    stm32f4xx_gpio.o
    0x080007cc   0x080007cc   0x000000b4   Code   RO         2895    i.GPIO_SetBits      stm32f4xx_gpio.o
    0x08000880   0x08000880   0x00000070   Code   RO         3222    i.RCC_AHB1PeriphClockCmd  stm32f4xx_rcc.o
    0x080008f0   0x080008f0   0x0000006c   Code   RO         3231    i.RCC_APB1PeriphClockCmd  stm32f4xx_rcc.o
    0x0800095c   0x0800095c   0x00000070   Code   RO         3234    i.RCC_APB2PeriphClockCmd  stm32f4xx_rcc.o
    0x080009cc   0x080009cc   0x000000e8   Code   RO         3243    i.RCC_GetClocksFreq  stm32f4xx_rcc.o
    0x08000ab4   0x08000ab4   0x0000006c   Code   RO         1158    i.SPI1_IRQHandler   spi_1.o
    0x08000b20   0x08000b20   0x0000006c   Code   RO         1235    i.SPI2_IRQHandler   spi_2.o
    0x08000b8c   0x08000b8c   0x00000074   Code   RO         1296    i.SPI3_IRQHandler   spi_3.o
    0x08000c00   0x08000c00   0x000000c4   Code   RO         3577    i.SPI_I2S_GetFlagStatus  stm32f4xx_spi.o
    0x08000cc4   0x08000cc4   0x00000110   Code   RO          533    i.SetSysClock       system_stm32f4xx.o
    0x08000dd4   0x08000dd4   0x00000010   Code   RO          899    i.SysTick_Handler   time_service.o
    0x08000de4   0x08000de4   0x00000068   Code   RO          535    i.SystemInit        system_stm32f4xx.o
    0x08000e4c   0x08000e4c   0x00000108   Code   RO         3739    i.TIM_BDTRConfig    stm32f4xx_tim.o
    0x08000f54   0x08000f54   0x000000e4   Code   RO         3750    i.TIM_Cmd           stm32f4xx_tim.o
    0x08001038   0x08001038   0x00000078   Code   RO         3752    i.TIM_CtrlPWMOutputs  stm32f4xx_tim.o
    0x080010b0   0x080010b0   0x000001dc   Code   RO         3779    i.TIM_OC1Init       stm32f4xx_tim.o
    0x0800128c   0x0800128c   0x000001dc   Code   RO         3784    i.TIM_OC2Init       stm32f4xx_tim.o
    0x08001468   0x08001468   0x000001c4   Code   RO         3789    i.TIM_OC3Init       stm32f4xx_tim.o
    0x0800162c   0x0800162c   0x00000158   Code   RO         3794    i.TIM_OC4Init       stm32f4xx_tim.o
    0x08001784   0x08001784   0x000000ac   Code   RO         3812    i.TIM_SetCompare1   stm32f4xx_tim.o
    0x08001830   0x08001830   0x00000084   Code   RO         3813    i.TIM_SetCompare2   stm32f4xx_tim.o
    0x080018b4   0x080018b4   0x00000070   Code   RO         3814    i.TIM_SetCompare3   stm32f4xx_tim.o
    0x08001924   0x08001924   0x00000070   Code   RO         3815    i.TIM_SetCompare4   stm32f4xx_tim.o
    0x08001994   0x08001994   0x0000016c   Code   RO         3822    i.TIM_TimeBaseInit  stm32f4xx_tim.o
    0x08001b00   0x08001b00   0x000000b0   Code   RO          987    i.USART2_IRQHandler  uart2.o
    0x08001bb0   0x08001bb0   0x000000b0   Code   RO         1048    i.USART3_IRQHandler  usart3.o
    0x08001c60   0x08001c60   0x000000b0   Code   RO         1103    i.USART6_IRQHandler  usart6.o
    0x08001d10   0x08001d10   0x00000104   Code   RO         4304    i.USART_ClearITPendingBit  stm32f4xx_usart.o
    0x08001e14   0x08001e14   0x000000c0   Code   RO         4307    i.USART_Cmd         stm32f4xx_usart.o
    0x08001ed4   0x08001ed4   0x00000164   Code   RO         4313    i.USART_ITConfig    stm32f4xx_usart.o
    0x08002038   0x08002038   0x00000238   Code   RO         4314    i.USART_Init        stm32f4xx_usart.o
    0x08002270   0x08002270   0x00000084   Code   RO            9    i._Z18get_angle_to_pointssss  main.o
    0x080022f4   0x080022f4   0x000000a0   Code   RO           10    i._Z21get_distance_to_pointssss  main.o
    0x08002394   0x08002394   0x00000022   Code   RO          781    i._Z22lead_to_degree_bordersi  tools.o
    0x080023b6   0x080023b6   0x00000034   Code   RO           13    i._Z6my_absi        main.o
    0x080023ea   0x080023ea   0x00000002   PAD
    0x080023ec   0x080023ec   0x0000011c   Code   RO         2137    i._Z8initSPI2bht    spi_dot.o
    0x08002508   0x08002508   0x00000028   Code   RO         2138    i._Z8writeSPIt      spi_dot.o
    0x08002530   0x08002530   0x0000002e   Code   RO         1862    i._ZN11mpu9250_spi12readFIFOsizeEv  mpu9250_spi.o
    0x0800255e   0x0800255e   0x00000058   Code   RO         1863    i._ZN11mpu9250_spi12setAccOffsetEiii  mpu9250_spi.o
    0x080025b6   0x080025b6   0x00000002   PAD
    0x080025b8   0x080025b8   0x0000041c   Code   RO         1864    i._ZN11mpu9250_spi12updateAnglesEdb  mpu9250_spi.o
    0x080029d4   0x080029d4   0x00000052   Code   RO         1865    i._ZN11mpu9250_spi13setGyroOffsetEiii  mpu9250_spi.o
    0x08002a26   0x08002a26   0x00000002   PAD
    0x08002a28   0x08002a28   0x00000030   Code   RO         1868    i._ZN11mpu9250_spi20updateAnglesFromFIFOEv  mpu9250_spi.o
    0x08002a58   0x08002a58   0x00001152   Code   RO         1869    i._ZN11mpu9250_spi21MadgwickAHRSupdateIMUEd  mpu9250_spi.o
    0x08003baa   0x08003baa   0x00000020   Code   RO         2024    i._ZN11mpu9250_spi7convertEth  mpu9250_spi.o
    0x08003bca   0x08003bca   0x00000002   PAD
    0x08003bcc   0x08003bcc   0x00000204   Code   RO         1877    i._ZN11mpu9250_spi7initIMUEv  mpu9250_spi.o
    0x08003dd0   0x08003dd0   0x00000040   Code   RO         1878    i._ZN11mpu9250_spi7invSqrtEf  mpu9250_spi.o
    0x08003e10   0x08003e10   0x00000102   Code   RO         1879    i._ZN11mpu9250_spi7readAccEv  mpu9250_spi.o
    0x08003f12   0x08003f12   0x00000048   Code   RO         1880    i._ZN11mpu9250_spi7readRegEiPii  mpu9250_spi.o
    0x08003f5a   0x08003f5a   0x00000102   Code   RO         1882    i._ZN11mpu9250_spi8readGyroEv  mpu9250_spi.o
    0x0800405c   0x0800405c   0x00000026   Code   RO         1884    i._ZN11mpu9250_spi8writeRegEih  mpu9250_spi.o
    0x08004082   0x08004082   0x00000002   PAD
    0x08004084   0x08004084   0x00000120   Code   RO         1885    i._ZN11mpu9250_spi9calibrateEi  mpu9250_spi.o
    0x080041a4   0x080041a4   0x00000016   Code   RO         1886    i._ZN11mpu9250_spiC1ER3pin  mpu9250_spi.o
    0x080041ba   0x080041ba   0x00000002   PAD
    0x080041bc   0x080041bc   0x0000000c   Code   RO          900    i._ZN12time_service10getCurTimeEv  time_service.o
    0x080041c8   0x080041c8   0x00000068   Code   RO          904    i._ZN12time_service4initEv  time_service.o
    0x08004230   0x08004230   0x00000018   Code   RO          906    i._ZN12time_service8delay_msEj  time_service.o
    0x08004248   0x08004248   0x00000012   Code   RO          908    i._ZN12time_service9startTimeEv  time_service.o
    0x0800425a   0x0800425a   0x00000014   Code   RO           16    i._ZN3IMU12setZeroAngleEv  main.o
    0x0800426e   0x0800426e   0x0000000e   Code   RO           18    i._ZN3IMU20updateAnglesFromFIFOEv  main.o
    0x0800427c   0x0800427c   0x00000034   Code   RO           19    i._ZN3IMU4initEv    main.o
    0x080042b0   0x080042b0   0x000000c8   Code   RO           26    i._ZN3IMU6updateEv  main.o
    0x08004378   0x08004378   0x000000ac   Code   RO           28    i._ZN3IMU8getAngleEv  main.o
    0x08004424   0x08004424   0x00000012   Code   RO           30    i._ZN3IMU9calibrateEj  main.o
    0x08004436   0x08004436   0x00000002   PAD
    0x08004438   0x08004438   0x00000030   Code   RO          296    i._ZN3PIDC1Efffi    main.o
    0x08004468   0x08004468   0x00000008   Code   RO          804    i._ZN3pin12getPinNumberEv  pin_setup.o
    0x08004470   0x08004470   0x00000046   Code   RO          805    i._ZN3pin3pwmEj     pin_setup.o
    0x080044b6   0x080044b6   0x00000018   Code   RO          806    i._ZN3pin4readEv    pin_setup.o
    0x080044ce   0x080044ce   0x00000020   Code   RO          807    i._ZN3pin5writeEb   pin_setup.o
    0x080044ee   0x080044ee   0x00000010   Code   RO          808    i._ZN3pin6setBitEv  pin_setup.o
    0x080044fe   0x080044fe   0x00000002   PAD
    0x08004500   0x08004500   0x00000100   Code   RO          809    i._ZN3pin7pinInitEv  pin_setup.o
    0x08004600   0x08004600   0x00000264   Code   RO          810    i._ZN3pin7pwmInitEjtjjhP11TIM_TypeDefb  pin_setup.o
    0x08004864   0x08004864   0x00000006   Code   RO          811    i._ZN3pin8getGPIOxEv  pin_setup.o
    0x0800486a   0x0800486a   0x00000010   Code   RO          812    i._ZN3pin8resetBitEv  pin_setup.o
    0x0800487a   0x0800487a   0x00000002   PAD
    0x0800487c   0x0800487c   0x000003f0   Code   RO          814    i._ZN3pinC1Echt     pin_setup.o
    0x08004c6c   0x08004c6c   0x00000080   Code   RO         2250    i._ZN4TSSP10set_addresEh  tssp.o
    0x08004cec   0x08004cec   0x00000008   Code   RO         2251    i._ZN4TSSP12get_distanceEv  tssp.o
    0x08004cf4   0x08004cf4   0x00000300   Code   RO         2252    i._ZN4TSSP16get_digital_dataEv  tssp.o
    0x08004ff4   0x08004ff4   0x0000004c   Code   RO         2253    i._ZN4TSSP20get_angle_from_indexEt  tssp.o
    0x08005040   0x08005040   0x00000010   Code   RO         2255    i._ZN4TSSP8get_dataEv  tssp.o
    0x08005050   0x08005050   0x00000094   Code   RO         2257    i._ZN4TSSPC1EtR3pinS1_S1_S1_S1_S1_h  tssp.o
    0x080050e4   0x080050e4   0x00000018   Code   RO         1622    i._ZN5Motor12disableMotorEv  motor.o
    0x080050fc   0x080050fc   0x000001c4   Code   RO         1623    i._ZN5Motor9motorMoveEd  motor.o
    0x080052c0   0x080052c0   0x00000228   Code   RO         1624    i._ZN5MotorC1Echthchth  motor.o
    0x080054e8   0x080054e8   0x00000044   Code   RO           31    i._ZN5Robot10init_robotEh  main.o
    0x0800552c   0x0800552c   0x00000020   Code   RO           32    i._ZN5Robot11change_sideEv  main.o
    0x0800554c   0x0800554c   0x00000060   Code   RO           33    i._ZN5Robot11control_ledEhb  main.o
    0x080055ac   0x080055ac   0x00000090   Code   RO           34    i._ZN5Robot11moveToPointEsss  main.o
    0x0800563c   0x0800563c   0x00000014   Code   RO           35    i._ZN5Robot11rotateRobotEss  main.o
    0x08005650   0x08005650   0x0000002c   Code   RO           36    i._ZN5Robot12check_buttonEh  main.o
    0x0800567c   0x0800567c   0x00000030   Code   RO           37    i._ZN5Robot12moveRobotAbsEsh  main.o
    0x080056ac   0x080056ac   0x00000064   Code   RO           38    i._ZN5Robot12set_blinkingEhj  main.o
    0x08005710   0x08005710   0x000000c0   Code   RO           39    i._ZN5Robot13check_buttonsEv  main.o
    0x080057d0   0x080057d0   0x0000000c   Code   RO           40    i._ZN5Robot13motors_on_offEb  main.o
    0x080057dc   0x080057dc   0x0000005c   Code   RO           41    i._ZN5Robot15callibrate_gyroEv  main.o
    0x08005838   0x08005838   0x000001f4   Code   RO           42    i._ZN5Robot6updateEv  main.o
    0x08005a2c   0x08005a2c   0x00000028   Code   RO           44    i._ZN5Robot9moveRobotEsh  main.o
    0x08005a54   0x08005a54   0x00000540   Code   RO         1723    i._ZN6camera13calculate_posEsb  openmv.o
    0x08005f94   0x08005f94   0x0000002a   Code   RO         1726    i._ZN6camera14get_ball_angleEv  openmv.o
    0x08005fbe   0x08005fbe   0x0000000a   Code   RO         1727    i._ZN6camera14get_ball_loc_xEv  openmv.o
    0x08005fc8   0x08005fc8   0x0000000a   Code   RO         1728    i._ZN6camera14get_ball_loc_yEv  openmv.o
    0x08005fd2   0x08005fd2   0x0000002a   Code   RO         1731    i._ZN6camera17get_forward_angleEv  openmv.o
    0x08005ffc   0x08005ffc   0x0000002a   Code   RO         1732    i._ZN6camera18get_abs_ball_angleEv  openmv.o
    0x08006026   0x08006026   0x0000002a   Code   RO         1733    i._ZN6camera18get_backward_angleEv  openmv.o
    0x08006050   0x08006050   0x0000000a   Code   RO         1734    i._ZN6camera20get_forward_distanceEv  openmv.o
    0x0800605a   0x0800605a   0x0000000a   Code   RO         1735    i._ZN6camera21get_backward_distanceEv  openmv.o
    0x08006064   0x08006064   0x0000003a   Code   RO         1737    i._ZN6camera4crc8EPhi  openmv.o
    0x0800609e   0x0800609e   0x0000000a   Code   RO         1738    i._ZN6camera5get_xEv  openmv.o
    0x080060a8   0x080060a8   0x0000000a   Code   RO         1739    i._ZN6camera5get_yEv  openmv.o
    0x080060b2   0x080060b2   0x000000e0   Code   RO         1740    i._ZN6camera7getDataEv  openmv.o
    0x08006192   0x08006192   0x0000007e   Code   RO         1741    i._ZN6cameraC1ER3pinS1_  openmv.o
    0x08006210   0x08006210   0x000002f4   Code   RO         1666    i._ZN6motors12_move_vectorEv  motors.o
    0x08006504   0x08006504   0x00000024   Code   RO         1667    i._ZN6motors13disableMotorsEv  motors.o
    0x08006528   0x08006528   0x0000038c   Code   RO         1669    i._ZN6motors9moveRobotEddddjj  motors.o
    0x080068b4   0x080068b4   0x00000062   Code   RO         1671    i._ZN6motorsC1ER5MotorS1_S1_S1_td  motors.o
    0x08006916   0x08006916   0x00000002   PAD
    0x08006918   0x08006918   0x00000164   Code   RO          988    i._ZN6usart210usart2InitEjhf  uart2.o
    0x08006a7c   0x08006a7c   0x00000164   Code   RO         1104    i._ZN6usart610usart6InitEjhf  usart6.o
    0x08006be0   0x08006be0   0x00000048   Code   RO         1105    i._ZN6usart64readEv  usart6.o
    0x08006c28   0x08006c28   0x00000034   Code   RO         1107    i._ZN6usart69availableEv  usart6.o
    0x08006c5c   0x08006c5c   0x00000020   Code   RO          302    i._ZSt3absd         main.o
    0x08006c7c   0x08006c7c   0x00000034   Code   RO          290    i._ZSt3powdi        main.o
    0x08006cb0   0x08006cb0   0x00000030   Code   RO         4900    i.__ARM_fpclassify  m_wm.l(fpclassify.o)
    0x08006ce0   0x08006ce0   0x00000026   Code   RO         4902    i.__ARM_fpclassifyf  m_wm.l(fpclassifyf.o)
    0x08006d06   0x08006d06   0x00000002   PAD
    0x08006d08   0x08006d08   0x00000360   Code   RO         4688    i.__hardfp_asin     m_wm.l(asin.o)
    0x08007068   0x08007068   0x000002d8   Code   RO         4869    i.__hardfp_atan     m_wm.l(atan.o)
    0x08007340   0x08007340   0x00000200   Code   RO         4702    i.__hardfp_atan2    m_wm.l(atan2.o)
    0x08007540   0x08007540   0x00000118   Code   RO         4714    i.__hardfp_ceil     m_wm.l(ceil.o)
    0x08007658   0x08007658   0x000000c8   Code   RO         4720    i.__hardfp_cos      m_wm.l(cos.o)
    0x08007720   0x08007720   0x00000150   Code   RO         4732    i.__hardfp_cosf     m_wm.l(cosf.o)
    0x08007870   0x08007870   0x00000014   Code   RO         4744    i.__hardfp_fabs     m_wm.l(fabs.o)
    0x08007884   0x08007884   0x00000004   PAD
    0x08007888   0x08007888   0x00000118   Code   RO         4750    i.__hardfp_floor    m_wm.l(floor.o)
    0x080079a0   0x080079a0   0x00000c50   Code   RO         4756    i.__hardfp_pow      m_wm.l(pow.o)
    0x080085f0   0x080085f0   0x000000c8   Code   RO         4770    i.__hardfp_sin      m_wm.l(sin.o)
    0x080086b8   0x080086b8   0x00000190   Code   RO         4782    i.__hardfp_sinf     m_wm.l(sinf.o)
    0x08008848   0x08008848   0x0000007a   Code   RO         4794    i.__hardfp_sqrt     m_wm.l(sqrt.o)
    0x080088c2   0x080088c2   0x00000006   PAD
    0x080088c8   0x080088c8   0x00000438   Code   RO         4921    i.__ieee754_rem_pio2  m_wm.l(rred.o)
    0x08008d00   0x08008d00   0x00000170   Code   RO         4883    i.__kernel_cos      m_wm.l(cos_i.o)
    0x08008e70   0x08008e70   0x000000f8   Code   RO         4918    i.__kernel_poly     m_wm.l(poly.o)
    0x08008f68   0x08008f68   0x00000130   Code   RO         4929    i.__kernel_sin      m_wm.l(sin_i.o)
    0x08009098   0x08009098   0x00000030   Code   RO         4886    i.__mathlib_dbl_divzero  m_wm.l(dunder.o)
    0x080090c8   0x080090c8   0x00000014   Code   RO         4887    i.__mathlib_dbl_infnan  m_wm.l(dunder.o)
    0x080090dc   0x080090dc   0x00000014   Code   RO         4888    i.__mathlib_dbl_infnan2  m_wm.l(dunder.o)
    0x080090f0   0x080090f0   0x00000020   Code   RO         4889    i.__mathlib_dbl_invalid  m_wm.l(dunder.o)
    0x08009110   0x08009110   0x00000020   Code   RO         4890    i.__mathlib_dbl_overflow  m_wm.l(dunder.o)
    0x08009130   0x08009130   0x00000020   Code   RO         4892    i.__mathlib_dbl_underflow  m_wm.l(dunder.o)
    0x08009150   0x08009150   0x00000006   Code   RO         4905    i.__mathlib_flt_infnan  m_wm.l(funder.o)
    0x08009156   0x08009156   0x00000002   PAD
    0x08009158   0x08009158   0x00000010   Code   RO         4907    i.__mathlib_flt_invalid  m_wm.l(funder.o)
    0x08009168   0x08009168   0x00000010   Code   RO         4910    i.__mathlib_flt_underflow  m_wm.l(funder.o)
    0x08009178   0x08009178   0x00000154   Code   RO         4926    i.__mathlib_rredf2  m_wm.l(rredf.o)
    0x080092cc   0x080092cc   0x00000360   Code   RO           45    i.__sti___8_main_cpp_3a8c9cbf  main.o
    0x0800962c   0x0800962c   0x00000004   Code   RO          679    i._sys_exit         retarget.o
    0x08009630   0x08009630   0x0000000a   Code   RO          681    i.assert_failed     retarget.o
    0x0800963a   0x0800963a   0x00000010   Code   RO         4871    i.atan              m_wm.l(atan.o)
    0x0800964a   0x0800964a   0x00000018   Code   RO         4746    i.fabs              m_wm.l(fabs.o)
    0x08009662   0x08009662   0x00000002   PAD
    0x08009664   0x08009664   0x00000178   Code   RO           46    i.main              main.o
    0x080097dc   0x080097dc   0x0000006e   Code   RO         4796    i.sqrt              m_wm.l(sqrt.o)
    0x0800984a   0x0800984a   0x00000018   Code   RO         4646    x$fpl$basic         fz_wm.l(basic.o)
    0x08009862   0x08009862   0x00000002   PAD
    0x08009864   0x08009864   0x00000062   Code   RO         4648    x$fpl$d2f           fz_wm.l(d2f.o)
    0x080098c6   0x080098c6   0x00000002   PAD
    0x080098c8   0x080098c8   0x00000150   Code   RO         4650    x$fpl$dadd          fz_wm.l(daddsub_clz.o)
    0x08009a18   0x08009a18   0x00000010   Code   RO         4957    x$fpl$dcheck1       fz_wm.l(dcheck1.o)
    0x08009a28   0x08009a28   0x00000018   Code   RO         4854    x$fpl$dcmpinf       fz_wm.l(dcmpi.o)
    0x08009a40   0x08009a40   0x000002b0   Code   RO         4657    x$fpl$ddiv          fz_wm.l(ddiv.o)
    0x08009cf0   0x08009cf0   0x00000078   Code   RO         4660    x$fpl$deqf          fz_wm.l(deqf.o)
    0x08009d68   0x08009d68   0x0000005e   Code   RO         4662    x$fpl$dfix          fz_wm.l(dfix.o)
    0x08009dc6   0x08009dc6   0x00000002   PAD
    0x08009dc8   0x08009dc8   0x0000005a   Code   RO         4666    x$fpl$dfixu         fz_wm.l(dfixu.o)
    0x08009e22   0x08009e22   0x0000002e   Code   RO         4671    x$fpl$dflt          fz_wm.l(dflt_clz.o)
    0x08009e50   0x08009e50   0x000000a2   Code   RO         4676    x$fpl$dfltll        fz_wm.l(dfltll_clz.o)
    0x08009ef2   0x08009ef2   0x00000026   Code   RO         4670    x$fpl$dfltu         fz_wm.l(dflt_clz.o)
    0x08009f18   0x08009f18   0x00000078   Code   RO         4680    x$fpl$dleqf         fz_wm.l(dleqf.o)
    0x08009f90   0x08009f90   0x00000154   Code   RO         4682    x$fpl$dmul          fz_wm.l(dmul.o)
    0x0800a0e4   0x0800a0e4   0x0000009c   Code   RO         4856    x$fpl$dnaninf       fz_wm.l(dnaninf.o)
    0x0800a180   0x0800a180   0x0000000c   Code   RO         4858    x$fpl$dretinf       fz_wm.l(dretinf.o)
    0x0800a18c   0x0800a18c   0x0000006c   Code   RO         4684    x$fpl$drleqf        fz_wm.l(drleqf.o)
    0x0800a1f8   0x0800a1f8   0x00000016   Code   RO         4651    x$fpl$drsb          fz_wm.l(daddsub_clz.o)
    0x0800a20e   0x0800a20e   0x00000002   PAD
    0x0800a210   0x0800a210   0x00000198   Code   RO         4860    x$fpl$dsqrt         fz_wm.l(dsqrt_umaal.o)
    0x0800a3a8   0x0800a3a8   0x000001d4   Code   RO         4652    x$fpl$dsub          fz_wm.l(daddsub_clz.o)
    0x0800a57c   0x0800a57c   0x00000056   Code   RO         4686    x$fpl$f2d           fz_wm.l(f2d.o)
    0x0800a5d2   0x0800a5d2   0x0000008c   Code   RO         4862    x$fpl$fnaninf       fz_wm.l(fnaninf.o)
    0x0800a65e   0x0800a65e   0x0000000a   Code   RO         4959    x$fpl$fpinit        fz_wm.l(fpinit.o)
    0x0800a668   0x0800a668   0x0000000a   Code   RO         4864    x$fpl$fretinf       fz_wm.l(fretinf.o)
    0x0800a672   0x0800a672   0x00000064   Code   RO         4978    x$fpl$retnan        fz_wm.l(retnan.o)
    0x0800a6d6   0x0800a6d6   0x0000005c   Code   RO         4866    x$fpl$scalbn        fz_wm.l(scalbn.o)
    0x0800a732   0x0800a732   0x00000030   Code   RO         4988    x$fpl$trapveneer    fz_wm.l(trapv.o)
    0x0800a762   0x0800a762   0x00000000   Code   RO         4868    x$fpl$usenofp       fz_wm.l(usenofp.o)
    0x0800a762   0x0800a762   0x0000003d   Data   RO          694    .constdata          retarget.o
    0x0800a79f   0x0800a79f   0x00000001   PAD
    0x0800a7a0   0x0800a7a0   0x00000080   Data   RO         2266    .constdata          tssp.o
    0x0800a820   0x0800a820   0x00000050   Data   RO         4691    .constdata          m_wm.l(asin.o)
    0x0800a870   0x0800a870   0x00000088   Data   RO         4759    .constdata          m_wm.l(pow.o)
    0x0800a8f8   0x0800a8f8   0x00000098   Data   RO         4872    .constdata          m_wm.l(atan.o)
    0x0800a990   0x0800a990   0x00000030   Data   RO         4884    .constdata          m_wm.l(cos_i.o)
    0x0800a9c0   0x0800a9c0   0x00000008   Data   RO         4920    .constdata          m_wm.l(qnan.o)
    0x0800a9c8   0x0800a9c8   0x000000c8   Data   RO         4923    .constdata          m_wm.l(rred.o)
    0x0800aa90   0x0800aa90   0x00000020   Data   RO         4927    .constdata          m_wm.l(rredf.o)
    0x0800aab0   0x0800aab0   0x00000028   Data   RO         4930    .constdata          m_wm.l(sin_i.o)
    0x0800aad8   0x0800aad8   0x00000020   Data   RO         5046    Region$$Table       anon$$obj.o
    0x0800aaf8   0x0800aaf8   0x00000004   Data   RO           92    .init_array         main.o
    0x0800aafc   0x0800aaf8   0x00000000   Data   RO         4641    .init_array         c_w.l(init_aeabi.o)


    Execution Region RW_IRAM1 (Exec base: 0x20000000, Load base: 0x0800aafc, Size: 0x00002c48, Max: 0x00020000, ABSOLUTE, COMPRESSED[0x00000024])

    Exec Addr    Load Addr    Size         Type   Attr      Idx    E Section Name        Object

    0x20000000   COMPRESSED   0x0000009a   Data   RW           91    .data               main.o
    0x2000009a   COMPRESSED   0x00000002   PAD
    0x2000009c   COMPRESSED   0x00000004   Data   RW          537    .data               system_stm32f4xx.o
    0x200000a0   COMPRESSED   0x00000004   Data   RW          919    .data               time_service.o
    0x200000a4   COMPRESSED   0x0000001a   Data   RW          997    .data               uart2.o
    0x200000be   COMPRESSED   0x0000000a   Data   RW         1059    .data               usart3.o
    0x200000c8   COMPRESSED   0x0000000a   Data   RW         1114    .data               usart6.o
    0x200000d2   COMPRESSED   0x00000002   PAD
    0x200000d4   COMPRESSED   0x0000002a   Data   RW         1173    .data               spi_1.o
    0x200000fe   COMPRESSED   0x00000002   PAD
    0x20000100   COMPRESSED   0x0000002a   Data   RW         1248    .data               spi_2.o
    0x2000012a   COMPRESSED   0x00000002   PAD
    0x2000012c   COMPRESSED   0x00000028   Data   RW         1311    .data               spi_3.o
    0x20000154   COMPRESSED   0x00000007   Data   RW         2141    .data               spi_dot.o
    0x2000015b   COMPRESSED   0x00000010   Data   RW         3275    .data               stm32f4xx_rcc.o
    0x2000016b   COMPRESSED   0x00000005   PAD
    0x20000170        -       0x00000af8   Zero   RW           90    .bss                main.o
    0x20000c68        -       0x00000020   Zero   RW         1058    .bss                usart3.o
    0x20000c88        -       0x00000020   Zero   RW         1113    .bss                usart6.o
    0x20000ca8        -       0x00000020   Zero   RW         1172    .bss                spi_1.o
    0x20000cc8        -       0x00000020   Zero   RW         1247    .bss                spi_2.o
    0x20000ce8        -       0x00000010   Zero   RW         1310    .bss                spi_3.o
    0x20000cf8        -       0x00000060   Zero   RW         4962    .bss                c_w.l(libspace.o)
    0x20000d58        -       0x00000f00   Zero   RW          524    HEAP                startup_stm32f407xx.o
    0x20001c58        -       0x00000ff0   Zero   RW          523    STACK               startup_stm32f407xx.o


==============================================================================

Image component sizes


      Code (inc. data)   RO Data    RW Data    ZI Data      Debug   Object Name

      3580        596          4        154       2808     305630   main.o
         0          0          0          0          0      15392   misc.o
      1028        106          0          0          0       3312   motor.o
      1798         42          0          0          0       4508   motors.o
      7298        152          0          0          0      13900   mpu9250_spi.o
      1980         32          0          0          0      11196   openmv.o
      2048        132          0          0          0       9144   pin_setup.o
        14          0         61          0          0       3140   retarget.o
       108         16          0         42         32       1386   spi_1.o
       108         18          0         42         32       1382   spi_2.o
       116         18          0         40         16       1390   spi_3.o
       324         26          0          7          0       1891   spi_dot.o
        64         26        392          0       7920        832   startup_stm32f407xx.o
      1216        304          0          0          0      10479   stm32f4xx_gpio.o
       564        140          0         16          0      20199   stm32f4xx_rcc.o
       196         62          0          0          0       9512   stm32f4xx_spi.o
      3252        744          0          0          0      29111   stm32f4xx_tim.o
      1376        292          0          0          0      10060   stm32f4xx_usart.o
       376         26          0          4          0     243251   system_stm32f4xx.o
       174         24          0          4          0      32885   time_service.o
        34          0          0          0          0        537   tools.o
      1144         48        128          0          0       5992   tssp.o
       532         80          0         26          0      36627   uart2.o
       176         28          0         10         32       1292   usart3.o
       656         94          0         10         32       3540   usart6.o

    ----------------------------------------------------------------------
     28182       3006        618        364      10876     776588   Object Totals
         0          0         32          0          0          0   (incl. Generated)
        20          0          1          9          4          0   (incl. Padding)

    ----------------------------------------------------------------------

      Code (inc. data)   RO Data    RW Data    ZI Data      Debug   Library Member Name

        90          0          0          0          0          0   __dczerorl2.o
         8          0          0          0          0         68   __main.o
         0          0          0          0          0          0   __rtentry.o
        12          0          0          0          0          0   __rtentry2.o
         6          0          0          0          0          0   __rtentry4.o
        52          8          0          0          0          0   __scatter.o
        28          0          0          0          0          0   __scatter_zi.o
        22          0          0          0          0        100   _rserrno.o
        18          0          0          0          0         80   exit.o
         6          0          0          0          0        152   heapauxi.o
        36         10          0          0          0         80   init_aeabi.o
         2          0          0          0          0          0   libinit.o
        10          0          0          0          0          0   libinit2.o
         2          0          0          0          0          0   libshutdown.o
         2          0          0          0          0          0   libshutdown2.o
         8          4          0          0         96         68   libspace.o
         8          4          0          0          0         68   rt_errno_addr_intlibspace.o
       100          0          0          0          0         80   rt_memcpy_w.o
         2          0          0          0          0          0   rtexit.o
        10          0          0          0          0          0   rtexit2.o
        74          0          0          0          0         80   sys_stackheap_outer.o
         2          0          0          0          0         68   use_no_semi.o
        24          0          0          0          0        164   basic.o
        98          4          0          0          0        140   d2f.o
       826         16          0          0          0        492   daddsub_clz.o
        16          4          0          0          0        116   dcheck1.o
        24          0          0          0          0        116   dcmpi.o
       688        140          0          0          0        256   ddiv.o
       120          4          0          0          0        140   deqf.o
        94          4          0          0          0        140   dfix.o
        90          4          0          0          0        140   dfixu.o
        84          0          0          0          0        232   dflt_clz.o
       162          0          0          0          0        132   dfltll_clz.o
       120          4          0          0          0        140   dleqf.o
       340         12          0          0          0        152   dmul.o
       156          4          0          0          0        140   dnaninf.o
        12          0          0          0          0        116   dretinf.o
       108          0          0          0          0        128   drleqf.o
       408         56          0          0          0        168   dsqrt_umaal.o
        86          4          0          0          0        132   f2d.o
       140          4          0          0          0        132   fnaninf.o
        10          0          0          0          0        116   fpinit.o
        10          0          0          0          0        116   fretinf.o
       100          0          0          0          0        116   retnan.o
        92          0          0          0          0        116   scalbn.o
        48          0          0          0          0        116   trapv.o
         0          0          0          0          0          0   usenofp.o
       864         94         80          0          0        280   asin.o
       744        106        152          0          0        352   atan.o
       512         64          0          0          0        208   atan2.o
       280         28          0          0          0        156   ceil.o
       200         20          0          0          0        164   cos.o
       368         46         48          0          0        200   cos_i.o
       336         56          0          0          0        136   cosf.o
       184         44          0          0          0        744   dunder.o
        44          0          0          0          0        248   fabs.o
       280         28          0          0          0        156   floor.o
        48          0          0          0          0        124   fpclassify.o
        38          0          0          0          0        116   fpclassifyf.o
        38         12          0          0          0        348   funder.o
       248          0          0          0          0        152   poly.o
      3152        296        136          0          0        352   pow.o
         0          0          8          0          0          0   qnan.o
      1080        142        200          0          0        188   rred.o
       340         24         32          0          0        160   rredf.o
       200         20          0          0          0        164   sin.o
       304         24         40          0          0        208   sin_i.o
       400         56          0          0          0        212   sinf.o
       232          0          0          0          0        296   sqrt.o

    ----------------------------------------------------------------------
     14276       1346        696          0         96       9564   Library Totals
        30          0          0          0          0          0   (incl. Padding)

    ----------------------------------------------------------------------

      Code (inc. data)   RO Data    RW Data    ZI Data      Debug   Library Name

       498         26          0          0         96        844   c_w.l
      3856        260          0          0          0       3756   fz_wm.l
      9892       1060        696          0          0       4964   m_wm.l

    ----------------------------------------------------------------------
     14276       1346        696          0         96       9564   Library Totals

    ----------------------------------------------------------------------

==============================================================================


      Code (inc. data)   RO Data    RW Data    ZI Data      Debug   

     42458       4352       1314        364      10972     768140   Grand Totals
     42458       4352       1314         36      10972     768140   ELF Image Totals (compressed)
     42458       4352       1314         36          0          0   ROM Totals

==============================================================================

    Total RO  Size (Code + RO Data)                43772 (  42.75kB)
    Total RW  Size (RW Data + ZI Data)             11336 (  11.07kB)
    Total ROM Size (Code + RO Data + RW Data)      43808 (  42.78kB)

==============================================================================

